Archive member included because of file (symbol)

C:\Users\Christopher\Documents\EE 192\CODE\workspace.kds\Skeleton_World\mbed\TARGET_K64F\TOOLCHAIN_GCC_ARM\libmbed.a(crc.o)
                              ..\mbed\TARGET_K64F\TOOLCHAIN_GCC_ARM\mbed_overrides.o (crcSlow)
C:\Users\Christopher\Documents\EE 192\CODE\workspace.kds\Skeleton_World\mbed\TARGET_K64F\TOOLCHAIN_GCC_ARM\libmbed.a(fsl_clock_config.o)
                              ..\mbed\TARGET_K64F\TOOLCHAIN_GCC_ARM\mbed_overrides.o (BOARD_BootClockRUN)
C:\Users\Christopher\Documents\EE 192\CODE\workspace.kds\Skeleton_World\mbed\TARGET_K64F\TOOLCHAIN_GCC_ARM\libmbed.a(fsl_common.o)
                              ..\mbed\TARGET_K64F\TOOLCHAIN_GCC_ARM\cmsis_nvic.o (InstallIRQHandler)
C:\Users\Christopher\Documents\EE 192\CODE\workspace.kds\Skeleton_World\mbed\TARGET_K64F\TOOLCHAIN_GCC_ARM\libmbed.a(fsl_clock.o)
                              C:\Users\Christopher\Documents\EE 192\CODE\workspace.kds\Skeleton_World\mbed\TARGET_K64F\TOOLCHAIN_GCC_ARM\libmbed.a(fsl_clock_config.o) (g_xtal0Freq)
C:\Users\Christopher\Documents\EE 192\CODE\workspace.kds\Skeleton_World\mbed\TARGET_K64F\TOOLCHAIN_GCC_ARM\libmbed.a(fsl_smc.o)
                              C:\Users\Christopher\Documents\EE 192\CODE\workspace.kds\Skeleton_World\mbed\TARGET_K64F\TOOLCHAIN_GCC_ARM\libmbed.a(fsl_clock_config.o) (SMC_SetPowerModeVlpr)
C:\Users\Christopher\Documents\EE 192\CODE\workspace.kds\Skeleton_World\mbed\TARGET_K64F\TOOLCHAIN_GCC_ARM\libmbed.a(pwmout_api.o)
                              main.o (pwmout_init)
C:\Users\Christopher\Documents\EE 192\CODE\workspace.kds\Skeleton_World\mbed\TARGET_K64F\TOOLCHAIN_GCC_ARM\libmbed.a(serial_api.o)
                              ..\mbed\TARGET_K64F\TOOLCHAIN_GCC_ARM\retarget.o (serial_init)
C:\Users\Christopher\Documents\EE 192\CODE\workspace.kds\Skeleton_World\mbed\TARGET_K64F\TOOLCHAIN_GCC_ARM\libmbed.a(analogin_api.o)
                              main.o (analogin_init)
C:\Users\Christopher\Documents\EE 192\CODE\workspace.kds\Skeleton_World\mbed\TARGET_K64F\TOOLCHAIN_GCC_ARM\libmbed.a(pinmap.o)
                              C:\Users\Christopher\Documents\EE 192\CODE\workspace.kds\Skeleton_World\mbed\TARGET_K64F\TOOLCHAIN_GCC_ARM\libmbed.a(serial_api.o) (pin_mode)
C:\Users\Christopher\Documents\EE 192\CODE\workspace.kds\Skeleton_World\mbed\TARGET_K64F\TOOLCHAIN_GCC_ARM\libmbed.a(FilePath.o)
                              ..\mbed\TARGET_K64F\TOOLCHAIN_GCC_ARM\retarget.o (mbed::FilePath::FilePath(char const*))
C:\Users\Christopher\Documents\EE 192\CODE\workspace.kds\Skeleton_World\mbed\TARGET_K64F\TOOLCHAIN_GCC_ARM\libmbed.a(FileSystemLike.o)
                              ..\mbed\TARGET_K64F\TOOLCHAIN_GCC_ARM\retarget.o (mbed::FileSystemLike::opendir())
C:\Users\Christopher\Documents\EE 192\CODE\workspace.kds\Skeleton_World\mbed\TARGET_K64F\TOOLCHAIN_GCC_ARM\libmbed.a(InterruptIn.o)
                              main.o (mbed::InterruptIn::~InterruptIn())
C:\Users\Christopher\Documents\EE 192\CODE\workspace.kds\Skeleton_World\mbed\TARGET_K64F\TOOLCHAIN_GCC_ARM\libmbed.a(Serial.o)
                              MODSERIAL\MODSERIAL.o (mbed::Serial::Serial(PinName, PinName, char const*))
C:\Users\Christopher\Documents\EE 192\CODE\workspace.kds\Skeleton_World\mbed\TARGET_K64F\TOOLCHAIN_GCC_ARM\libmbed.a(SerialBase.o)
                              C:\Users\Christopher\Documents\EE 192\CODE\workspace.kds\Skeleton_World\mbed\TARGET_K64F\TOOLCHAIN_GCC_ARM\libmbed.a(Serial.o) (mbed::SerialBase::SerialBase(PinName, PinName))
C:\Users\Christopher\Documents\EE 192\CODE\workspace.kds\Skeleton_World\mbed\TARGET_K64F\TOOLCHAIN_GCC_ARM\libmbed.a(Ticker.o)
                              main.o (mbed::Ticker::detach())
C:\Users\Christopher\Documents\EE 192\CODE\workspace.kds\Skeleton_World\mbed\TARGET_K64F\TOOLCHAIN_GCC_ARM\libmbed.a(Stream.o)
                              MODSERIAL\MODSERIAL.o (mbed::Stream::close())
C:\Users\Christopher\Documents\EE 192\CODE\workspace.kds\Skeleton_World\mbed\TARGET_K64F\TOOLCHAIN_GCC_ARM\libmbed.a(assert.o)
                              main.o (mbed_assert_internal)
C:\Users\Christopher\Documents\EE 192\CODE\workspace.kds\Skeleton_World\mbed\TARGET_K64F\TOOLCHAIN_GCC_ARM\libmbed.a(Timer.o)
                              main.o (mbed::Timer::Timer())
C:\Users\Christopher\Documents\EE 192\CODE\workspace.kds\Skeleton_World\mbed\TARGET_K64F\TOOLCHAIN_GCC_ARM\libmbed.a(TimerEvent.o)
                              main.o (mbed::TimerEvent::TimerEvent())
C:\Users\Christopher\Documents\EE 192\CODE\workspace.kds\Skeleton_World\mbed\TARGET_K64F\TOOLCHAIN_GCC_ARM\libmbed.a(error.o)
                              mbed-rtos\rtx\TARGET_CORTEX_M\RTX_Conf_CM.o (error)
C:\Users\Christopher\Documents\EE 192\CODE\workspace.kds\Skeleton_World\mbed\TARGET_K64F\TOOLCHAIN_GCC_ARM\libmbed.a(gpio.o)
                              main.o (gpio_init_in)
[...]
Memory Configuration

Name             Origin             Length             Attributes
m_interrupts     0x00000000         0x00000400         xr
m_flash_config   0x00000400         0x00000010         xr
m_text           0x00000410         0x000ffbf0         xr
m_data           0x1fff0000         0x00010000         rw
m_data_2         0x20000000         0x00030000         rw
*default*        0x00000000         0xffffffff

Linker script and memory map

LOAD c:/freescale/kds_v3/toolchain/bin/../lib/gcc/arm-none-eabi/4.8.4/armv7e-m/softfp/crti.o
LOAD c:/freescale/kds_v3/toolchain/bin/../lib/gcc/arm-none-eabi/4.8.4/armv7e-m/softfp/crtbegin.o
LOAD c:/freescale/kds_v3/toolchain/bin/../lib/gcc/arm-none-eabi/4.8.4/../../../../arm-none-eabi/lib/armv7e-m/softfp/crt0.o
LOAD telemetry-pub-deployment\server-cpp\telemetry.o
LOAD telemetry-pub-deployment\server-cpp\telemetry-mbed-hal.o
LOAD telemetry-pub-deployment\server-cpp\telemetry-data.o
LOAD telemetry-pub-deployment\server-cpp\telemetry-arduino-hal.o
LOAD telemetry-pub-deployment\server-cpp\protocol.o
LOAD telemetry-pub-deployment\server-cpp\packet.o
LOAD mbed-rtos\rtx\TARGET_CORTEX_M\rt_Timer.o
LOAD mbed-rtos\rtx\TARGET_CORTEX_M\rt_Time.o
LOAD mbed-rtos\rtx\TARGET_CORTEX_M\rt_Task.o
LOAD mbed-rtos\rtx\TARGET_CORTEX_M\rt_System.o
LOAD mbed-rtos\rtx\TARGET_CORTEX_M\rt_Semaphore.o
LOAD mbed-rtos\rtx\TARGET_CORTEX_M\rt_Robin.o
LOAD mbed-rtos\rtx\TARGET_CORTEX_M\rt_Mutex.o
LOAD mbed-rtos\rtx\TARGET_CORTEX_M\rt_Memory.o
LOAD mbed-rtos\rtx\TARGET_CORTEX_M\rt_MemBox.o
LOAD mbed-rtos\rtx\TARGET_CORTEX_M\rt_Mailbox.o
LOAD mbed-rtos\rtx\TARGET_CORTEX_M\rt_List.o
LOAD mbed-rtos\rtx\TARGET_CORTEX_M\rt_Event.o
LOAD mbed-rtos\rtx\TARGET_CORTEX_M\rt_CMSIS.o
LOAD mbed-rtos\rtx\TARGET_CORTEX_M\TARGET_RTOS_M4_M7\TOOLCHAIN_GCC\SVC_Table.o
LOAD mbed-rtos\rtx\TARGET_CORTEX_M\TARGET_RTOS_M4_M7\TOOLCHAIN_GCC\HAL_CM4.o
LOAD mbed-rtos\rtx\TARGET_CORTEX_M\RTX_Conf_CM.o
LOAD mbed-rtos\rtx\TARGET_CORTEX_M\HAL_CM.o
LOAD mbed-rtos\rtos\rtos_idle.o
LOAD mbed-rtos\rtos\Thread.o
LOAD mbed-rtos\rtos\Semaphore.o
LOAD mbed-rtos\rtos\RtosTimer.o
LOAD mbed-rtos\rtos\Mutex.o
LOAD main.o
LOAD MODSERIAL\example3b.o
LOAD MODSERIAL\example3a.o
LOAD MODSERIAL\example2.o
LOAD MODSERIAL\example1.o
LOAD MODSERIAL\RESIZE.o
LOAD MODSERIAL\PUTC.o
LOAD MODSERIAL\MODSERIAL_IRQ_INFO.o
LOAD MODSERIAL\MODSERIAL.o
LOAD MODSERIAL\ISR_TX.o
LOAD MODSERIAL\ISR_RX.o
LOAD MODSERIAL\INIT.o
LOAD MODSERIAL\GETC.o
LOAD MODSERIAL\FLUSH.o
LOAD MODSERIAL\Device\MODSERIAL_PAC_F401RB.o
LOAD MODSERIAL\Device\MODSERIAL_NUCLEO_F401RE.o
LOAD MODSERIAL\Device\MODSERIAL_LPC1768.o
LOAD MODSERIAL\Device\MODSERIAL_LPC11U24.o
LOAD MODSERIAL\Device\MODSERIAL_KSDK.o
LOAD MODSERIAL\Device\MODSERIAL_KL25Z.o
LOAD MODSERIAL\Device\MODSERIAL_KL05Z.o
LOAD MODSERIAL\ChangeLog.o
LOAD ..\mbed\TARGET_K64F\TOOLCHAIN_GCC_ARM\board.o
LOAD ..\mbed\TARGET_K64F\TOOLCHAIN_GCC_ARM\cmsis_nvic.o
LOAD ..\mbed\TARGET_K64F\TOOLCHAIN_GCC_ARM\mbed_overrides.o
LOAD ..\mbed\TARGET_K64F\TOOLCHAIN_GCC_ARM\retarget.o
LOAD ..\mbed\TARGET_K64F\TOOLCHAIN_GCC_ARM\startup_MK64F12.o
LOAD ..\mbed\TARGET_K64F\TOOLCHAIN_GCC_ARM\system_MK64F12.o
LOAD C:\Users\Christopher\Documents\EE 192\CODE\workspace.kds\Skeleton_World\mbed\TARGET_K64F\TOOLCHAIN_GCC_ARM\libmbed.a
LOAD c:/freescale/kds_v3/toolchain/bin/../lib/gcc/arm-none-eabi/4.8.4/../../../../arm-none-eabi/lib/armv7e-m/softfp\libstdc++.a
LOAD c:/freescale/kds_v3/toolchain/bin/../lib/gcc/arm-none-eabi/4.8.4/../../../../arm-none-eabi/lib/armv7e-m/softfp\libm.a
START GROUP
LOAD c:/freescale/kds_v3/toolchain/bin/../lib/gcc/arm-none-eabi/4.8.4/armv7e-m/softfp\libgcc.a
LOAD c:/freescale/kds_v3/toolchain/bin/../lib/gcc/arm-none-eabi/4.8.4/../../../../arm-none-eabi/lib/armv7e-m/softfp\libg.a
LOAD c:/freescale/kds_v3/toolchain/bin/../lib/gcc/arm-none-eabi/4.8.4/../../../../arm-none-eabi/lib/armv7e-m/softfp\libc.a
END GROUP
START GROUP
LOAD c:/freescale/kds_v3/toolchain/bin/../lib/gcc/arm-none-eabi/4.8.4/armv7e-m/softfp\libgcc.a
LOAD c:/freescale/kds_v3/toolchain/bin/../lib/gcc/arm-none-eabi/4.8.4/../../../../arm-none-eabi/lib/armv7e-m/softfp\libc.a
LOAD c:/freescale/kds_v3/toolchain/bin/../lib/gcc/arm-none-eabi/4.8.4/../../../../arm-none-eabi/lib/armv7e-m/softfp\libnosys.a
END GROUP
LOAD c:/freescale/kds_v3/toolchain/bin/../lib/gcc/arm-none-eabi/4.8.4/armv7e-m/softfp/crtend.o
LOAD c:/freescale/kds_v3/toolchain/bin/../lib/gcc/arm-none-eabi/4.8.4/armv7e-m/softfp/crtn.o
                0x00000001                __ram_vector_table__ = 0x1
                0x00008000                __stack_size__ = 0x8000
                0x00010000                __heap_size__ = 0x10000
                0x00000400                HEAP_SIZE = DEFINED (__heap_size__)?__heap_size__:0x400
                0x00000400                STACK_SIZE = DEFINED (__stack_size__)?__stack_size__:0x400
                0x00000000                M_VECTOR_RAM_SIZE = DEFINED (__ram_vector_table__)?0x400:0x0

.interrupts     0x00000000      0x400
                0x00000000                __VECTOR_TABLE = .
                0x00000000                . = ALIGN (0x4)
 *(.isr_vector)
 .isr_vector    0x00000000      0x400 ..\mbed\TARGET_K64F\TOOLCHAIN_GCC_ARM\startup_MK64F12.o
                0x00000000                __isr_vector
                0x00000400                . = ALIGN (0x4)

.flash_config   0x00000400       0x10
                0x00000400                . = ALIGN (0x4)
 *(.FlashConfig)
 .FlashConfig   0x00000400       0x10 ..\mbed\TARGET_K64F\TOOLCHAIN_GCC_ARM\startup_MK64F12.o
                0x00000410                . = ALIGN (0x4)

.text           0x00000410    0x14c20
                0x00000410                . = ALIGN (0x4)
 *(.text)
 .text          0x00000410       0x54 c:/freescale/kds_v3/toolchain/bin/../lib/gcc/arm-none-eabi/4.8.4/armv7e-m/softfp/crtbegin.o
 .text          0x00000464       0x74 c:/freescale/kds_v3/toolchain/bin/../lib/gcc/arm-none-eabi/4.8.4/../../../../arm-none-eabi/lib/armv7e-m/softfp/crt0.o
                0x00000464                _start
                0x00000464                _mainCRTStartup
 .text          0x000004d8      0x19c mbed-rtos\rtx\TARGET_CORTEX_M\TARGET_RTOS_M4_M7\TOOLCHAIN_GCC\HAL_CM4.o
                0x000004d8                rt_set_PSP
                0x000004de                rt_get_PSP
                0x000004e4                os_set_env
                0x000004fc                _alloc_box
                0x00000518                _free_box
                0x00000534                SVC_Handler
                0x000005e0                PendSV_Handler
                0x000005e6                Sys_Switch
                0x00000640                SysTick_Handler
                0x0000064a                OS_Tick_Handler
 .text          0x00000674      0x1e4 ..\mbed\TARGET_K64F\TOOLCHAIN_GCC_ARM\startup_MK64F12.o
                0x00000674                Reset_Handler
                0x000006b8                DebugMon_Handler
                0x000006b8                PORTC_IRQHandler
                0x000006b8                DMA0_DriverIRQHandler
                0x000006b8                DMA12_DriverIRQHandler
                0x000006b8                MemManage_Handler
                0x000006b8                SPI1_DriverIRQHandler
                0x000006b8                DMA_Error_DriverIRQHandler
                0x000006b8                CMP0_IRQHandler
                0x000006b8                DMA7_DriverIRQHandler
                0x000006b8                I2C0_DriverIRQHandler
                0x000006b8                ENET_Transmit_DriverIRQHandler
                0x000006b8                DMA2_DriverIRQHandler
                0x000006b8                UART1_ERR_DriverIRQHandler
                0x000006b8                SDHC_DriverIRQHandler
                0x000006b8                PIT0_IRQHandler
                0x000006b8                BusFault_Handler
                0x000006b8                CMP2_IRQHandler
                0x000006b8                LLWU_IRQHandler
                0x000006b8                I2S0_Tx_DriverIRQHandler
                0x000006b8                DMA6_DriverIRQHandler
                0x000006b8                LPTMR0_IRQHandler
                0x000006b8                FTM2_IRQHandler
                0x000006b8                PORTE_IRQHandler
                0x000006b8                ENET_1588_Timer_DriverIRQHandler
                0x000006b8                I2C2_DriverIRQHandler
                0x000006b8                SWI_IRQHandler
                0x000006b8                ADC0_IRQHandler
                0x000006b8                UsageFault_Handler
                0x000006b8                FTM3_IRQHandler
                0x000006b8                CMT_IRQHandler
                0x000006b8                CAN0_DriverIRQHandler
                0x000006b8                MCM_IRQHandler
                0x000006b8                DefaultISR
                0x000006b8                DAC1_IRQHandler
                0x000006b8                UART5_ERR_DriverIRQHandler
                0x000006b8                PORTA_IRQHandler
                0x000006b8                DMA11_DriverIRQHandler
                0x000006b8                CMP1_IRQHandler
                0x000006b8                Reserved71_IRQHandler
                0x000006b8                PORTD_IRQHandler
                0x000006b8                PORTB_IRQHandler
                0x000006b8                DMA10_DriverIRQHandler
                0x000006b8                FTM0_IRQHandler
                0x000006b8                UART2_ERR_DriverIRQHandler
                0x000006b8                SPI2_DriverIRQHandler
                0x000006b8                ADC1_IRQHandler
                0x000006b8                DMA5_DriverIRQHandler
                0x000006b8                DMA4_DriverIRQHandler
                0x000006b8                LVD_LVW_IRQHandler
                0x000006b8                PIT2_IRQHandler
                0x000006b8                PIT1_IRQHandler
                0x000006b8                SPI0_DriverIRQHandler
                0x000006b8                RTC_IRQHandler
                0x000006b8                UART3_ERR_DriverIRQHandler
                0x000006b8                PDB0_IRQHandler
                0x000006b8                FTFE_IRQHandler
                0x000006b8                FTM1_IRQHandler
                0x000006b8                DMA15_DriverIRQHandler
                0x000006b8                ENET_Error_DriverIRQHandler
                0x000006b8                DMA3_DriverIRQHandler
                0x000006b8                PIT3_IRQHandler
                0x000006b8                DMA13_DriverIRQHandler
                0x000006b8                RTC_Seconds_IRQHandler
                0x000006b8                MCG_IRQHandler
                0x000006b8                WDOG_EWM_IRQHandler
                0x000006b8                DMA9_DriverIRQHandler
                0x000006b8                DMA8_DriverIRQHandler
                0x000006b8                UART0_ERR_DriverIRQHandler
                0x000006b8                DAC0_IRQHandler
                0x000006b8                ENET_Receive_DriverIRQHandler
                0x000006b8                I2C1_DriverIRQHandler
                0x000006b8                Read_Collision_IRQHandler
                0x000006b8                DMA14_DriverIRQHandler
                0x000006b8                UART4_ERR_DriverIRQHandler
                0x000006b8                RNG_IRQHandler
                0x000006b8                USBDCD_IRQHandler
                0x000006b8                I2S0_Rx_DriverIRQHandler
                0x000006b8                USB0_IRQHandler
                0x000006b8                DMA1_DriverIRQHandler
                0x000006b8                UART0_LON_DriverIRQHandler
                0x000006c0                HardFault_Handler
                0x000006d0                DMA0_IRQHandler
                0x000006d4                DMA1_IRQHandler
                0x000006d8                DMA2_IRQHandler
                0x000006dc                DMA3_IRQHandler
                0x000006e0                DMA4_IRQHandler
                0x000006e4                DMA5_IRQHandler
                0x000006e8                DMA6_IRQHandler
                0x000006ec                DMA7_IRQHandler
                0x000006f0                DMA8_IRQHandler
                0x000006f4                DMA9_IRQHandler
                0x000006f8                DMA10_IRQHandler
                0x000006fc                DMA11_IRQHandler
                0x00000700                DMA12_IRQHandler
                0x00000704                DMA13_IRQHandler
                0x00000708                DMA14_IRQHandler
                0x0000070c                DMA15_IRQHandler
                0x00000710                DMA_Error_IRQHandler
                0x00000714                I2C0_IRQHandler
                0x00000718                I2C1_IRQHandler
                0x0000071c                SPI0_IRQHandler
                0x00000720                SPI1_IRQHandler
                0x00000724                I2S0_Tx_IRQHandler
                0x00000728                I2S0_Rx_IRQHandler
                0x0000072c                UART0_LON_IRQHandler
                0x00000730                UART0_RX_TX_IRQHandler
                0x00000734                UART0_ERR_IRQHandler
                0x00000738                UART1_RX_TX_IRQHandler
                0x0000073c                UART1_ERR_IRQHandler
                0x00000740                UART2_RX_TX_IRQHandler
                0x00000744                UART2_ERR_IRQHandler
                0x00000748                UART3_RX_TX_IRQHandler
                0x0000074c                UART3_ERR_IRQHandler
                0x00000750                SPI2_IRQHandler
                0x00000754                UART4_RX_TX_IRQHandler
                0x00000758                UART4_ERR_IRQHandler
                0x0000075c                UART5_RX_TX_IRQHandler
                0x00000760                UART5_ERR_IRQHandler
                0x00000764                I2C2_IRQHandler
                0x00000768                CAN0_ORed_Message_buffer_IRQHandler
                0x0000076c                CAN0_Bus_Off_IRQHandler
                0x00000770                CAN0_Error_IRQHandler
                0x00000774                CAN0_Tx_Warning_IRQHandler
                0x00000778                CAN0_Rx_Warning_IRQHandler
                0x0000077c                CAN0_Wake_Up_IRQHandler
                0x00000780                SDHC_IRQHandler
                0x00000784                ENET_1588_Timer_IRQHandler
                0x00000788                ENET_Transmit_IRQHandler
                0x0000078c                ENET_Receive_IRQHandler
                0x00000790                ENET_Error_IRQHandler
 .text          0x00000858      0x370 c:/freescale/kds_v3/toolchain/bin/../lib/gcc/arm-none-eabi/4.8.4/armv7e-m/softfp\libgcc.a(_arm_addsubdf3.o)
                0x00000858                __aeabi_drsub
                0x00000860                __aeabi_dsub
                0x00000860                __subdf3
                0x00000864                __aeabi_dadd
                0x00000864                __adddf3
                0x00000adc                __floatunsidf
                0x00000adc                __aeabi_ui2d
                0x00000afc                __floatsidf
                0x00000afc                __aeabi_i2d
                0x00000b20                __aeabi_f2d
                0x00000b20                __extendsfdf2
                0x00000b5c                __floatundidf
                0x00000b5c                __aeabi_ul2d
                0x00000b6c                __floatdidf
                0x00000b6c                __aeabi_l2d
 .text          0x00000bc8       0xa0 c:/freescale/kds_v3/toolchain/bin/../lib/gcc/arm-none-eabi/4.8.4/armv7e-m/softfp\libgcc.a(_arm_truncdfsf2.o)
                0x00000bc8                __truncdfsf2
                0x00000bc8                __aeabi_d2f
 .text          0x00000c68       0x2c c:/freescale/kds_v3/toolchain/bin/../lib/gcc/arm-none-eabi/4.8.4/armv7e-m/softfp\libgcc.a(_aeabi_uldivmod.o)
                0x00000c68                __aeabi_uldivmod
 .text          0x00000c94       0x60 c:/freescale/kds_v3/toolchain/bin/../lib/gcc/arm-none-eabi/4.8.4/armv7e-m/softfp\libgcc.a(bpabi.o)
                0x00000c94                __gnu_ldivmod_helper
                0x00000cc4                __gnu_uldivmod_helper
 .text          0x00000cf4        0x4 c:/freescale/kds_v3/toolchain/bin/../lib/gcc/arm-none-eabi/4.8.4/armv7e-m/softfp\libgcc.a(_dvmd_tls.o)
                0x00000cf4                __aeabi_idiv0
                0x00000cf4                __aeabi_ldiv0
 .text          0x00000cf8      0x298 c:/freescale/kds_v3/toolchain/bin/../lib/gcc/arm-none-eabi/4.8.4/armv7e-m/softfp\libgcc.a(_divdi3.o)
                0x00000cf8                __divdi3
 .text          0x00000f90      0x284 c:/freescale/kds_v3/toolchain/bin/../lib/gcc/arm-none-eabi/4.8.4/armv7e-m/softfp\libgcc.a(_udivdi3.o)
                0x00000f90                __udivdi3
 .text          0x00001214      0x134 c:/freescale/kds_v3/toolchain/bin/../lib/gcc/arm-none-eabi/4.8.4/../../../../arm-none-eabi/lib/armv7e-m/softfp\libg.a(lib_a-memcpy.o)
                0x00001214                memcpy
 .text          0x00001348      0x21c c:/freescale/kds_v3/toolchain/bin/../lib/gcc/arm-none-eabi/4.8.4/../../../../arm-none-eabi/lib/armv7e-m/softfp\libg.a(lib_a-strcmp.o)
                0x00001348                strcmp
 .text          0x00001564      0x424 c:/freescale/kds_v3/toolchain/bin/../lib/gcc/arm-none-eabi/4.8.4/armv7e-m/softfp\libgcc.a(_arm_muldivdf3.o)
                0x00001564                __aeabi_dmul
                0x00001564                __muldf3
                0x000017b8                __divdf3
                0x000017b8                __aeabi_ddiv
 .text          0x00001988      0x110 c:/freescale/kds_v3/toolchain/bin/../lib/gcc/arm-none-eabi/4.8.4/armv7e-m/softfp\libgcc.a(_arm_cmpdf2.o)
                0x00001988                __gtdf2
                0x00001988                __gedf2
                0x00001990                __ltdf2
                0x00001990                __ledf2
                0x00001998                __nedf2
                0x00001998                __eqdf2
                0x00001998                __cmpdf2
                0x00001a14                __aeabi_cdrcmple
                0x00001a24                __aeabi_cdcmpeq
                0x00001a24                __aeabi_cdcmple
                0x00001a34                __aeabi_dcmpeq
                0x00001a48                __aeabi_dcmplt
                0x00001a5c                __aeabi_dcmple
                0x00001a70                __aeabi_dcmpge
                0x00001a84                __aeabi_dcmpgt
 .text          0x00001a98       0x50 c:/freescale/kds_v3/toolchain/bin/../lib/gcc/arm-none-eabi/4.8.4/armv7e-m/softfp\libgcc.a(_arm_fixdfsi.o)
                0x00001a98                __aeabi_d2iz
                0x00001a98                __fixdfsi
 .text          0x00001ae8       0x40 c:/freescale/kds_v3/toolchain/bin/../lib/gcc/arm-none-eabi/4.8.4/armv7e-m/softfp\libgcc.a(_arm_fixunsdfsi.o)
                0x00001ae8                __aeabi_d2uiz
                0x00001ae8                __fixunsdfsi
 *(.text*)
 .text._ZN9telemetry14TransmitPacketD2Ev
                0x00001b28       0x28 telemetry-pub-deployment\server-cpp\telemetry.o
                0x00001b28                telemetry::TransmitPacket::~TransmitPacket()
                0x00001b28                telemetry::TransmitPacket::~TransmitPacket()
 .text._ZN9telemetry14TransmitPacketD0Ev
                0x00001b50       0x20 telemetry-pub-deployment\server-cpp\telemetry.o
                0x00001b50                telemetry::TransmitPacket::~TransmitPacket()
 .text._ZN9telemetry9Telemetry8do_errorEPKc
                0x00001b70       0x24 telemetry-pub-deployment\server-cpp\telemetry.o
                0x00001b70                telemetry::Telemetry::do_error(char const*)
 .text._ZN9telemetry9Telemetry8add_dataERNS_4DataE
                0x00001b94       0x70 telemetry-pub-deployment\server-cpp\telemetry.o
                0x00001b94                telemetry::Telemetry::add_data(telemetry::Data&)
 .text._ZN9telemetry9Telemetry17mark_data_updatedEj
                0x00001c04       0x20 telemetry-pub-deployment\server-cpp\telemetry.o
                0x00001c04                telemetry::Telemetry::mark_data_updated(unsigned int)
 .text._ZN9telemetry9Telemetry15transmit_headerEv
                0x00001c24      0x168 telemetry-pub-deployment\server-cpp\telemetry.o
                0x00001c24                telemetry::Telemetry::transmit_header()
 .text._ZN9telemetry9Telemetry5do_ioEv
                0x00001d8c       0x1c telemetry-pub-deployment\server-cpp\telemetry.o
                0x00001d8c                telemetry::Telemetry::do_io()
 .text._ZN9telemetry9Telemetry13transmit_dataEv
                0x00001da8      0x164 telemetry-pub-deployment\server-cpp\telemetry.o
                0x00001da8                telemetry::Telemetry::transmit_data()
 .text._ZN9telemetry9Telemetry21process_received_dataEv
                0x00001f0c      0x268 telemetry-pub-deployment\server-cpp\telemetry.o
                0x00001f0c                telemetry::Telemetry::process_received_data()
 .text._ZN9telemetry9Telemetry23process_received_packetEv
                0x00002174       0xb0 telemetry-pub-deployment\server-cpp\telemetry.o
                0x00002174                telemetry::Telemetry::process_received_packet()
 .text._ZN9telemetry5QueueIhLj256EE7enqueueERKh
                0x00002224       0x68 telemetry-pub-deployment\server-cpp\telemetry.o
                0x00002224                telemetry::Queue<unsigned char, 256u>::enqueue(unsigned char const&)
 .text._ZNK9telemetry5QueueIhLj256EE4fullEv
                0x0000228c       0x74 telemetry-pub-deployment\server-cpp\telemetry.o
                0x0000228c                telemetry::Queue<unsigned char, 256u>::full() const
 .text._ZN9telemetry25FixedLengthTransmitPacketD2Ev
                0x00002300       0x30 telemetry-pub-deployment\server-cpp\telemetry.o
                0x00002300                telemetry::FixedLengthTransmitPacket::~FixedLengthTransmitPacket()
                0x00002300                telemetry::FixedLengthTransmitPacket::~FixedLengthTransmitPacket()
 .text._ZN9telemetry25FixedLengthTransmitPacketD0Ev
                0x00002330       0x20 telemetry-pub-deployment\server-cpp\telemetry.o
                0x00002330                telemetry::FixedLengthTransmitPacket::~FixedLengthTransmitPacket()
 .text._ZN3AjK9MODSERIAL16rxBufferGetCountEv
                0x00002350       0x1c telemetry-pub-deployment\server-cpp\telemetry-mbed-hal.o
                0x00002350                AjK::MODSERIAL::rxBufferGetCount()
 .text._ZN3AjK9MODSERIAL4getcEv
                0x0000236c       0x1c telemetry-pub-deployment\server-cpp\telemetry-mbed-hal.o
                0x0000236c                AjK::MODSERIAL::getc()
 .text._ZN9telemetry12HalInterfaceD2Ev
                0x00002388       0x28 telemetry-pub-deployment\server-cpp\telemetry-mbed-hal.o
                0x00002388                telemetry::HalInterface::~HalInterface()
                0x00002388                telemetry::HalInterface::~HalInterface()
 .text._ZN9telemetry12HalInterfaceD0Ev
                0x000023b0       0x20 telemetry-pub-deployment\server-cpp\telemetry-mbed-hal.o
                0x000023b0                telemetry::HalInterface::~HalInterface()
 .text._ZN9telemetry7MbedHal13transmit_byteEh
                0x000023d0       0x2c telemetry-pub-deployment\server-cpp\telemetry-mbed-hal.o
                0x000023d0                telemetry::MbedHal::transmit_byte(unsigned char)
 .text._ZN9telemetry7MbedHal12rx_availableEv
                0x000023fc       0x28 telemetry-pub-deployment\server-cpp\telemetry-mbed-hal.o
                0x000023fc                telemetry::MbedHal::rx_available()
 .text._ZN9telemetry7MbedHal12receive_byteEv
                0x00002424       0x2c telemetry-pub-deployment\server-cpp\telemetry-mbed-hal.o
                0x00002424                telemetry::MbedHal::receive_byte()
 .text._ZN9telemetry7MbedHal8do_errorEPKc
                0x00002450       0x38 telemetry-pub-deployment\server-cpp\telemetry-mbed-hal.o
                0x00002450                telemetry::MbedHal::do_error(char const*)
 .text._ZN9telemetry7MbedHal11get_time_msEv
                0x00002488       0x1c telemetry-pub-deployment\server-cpp\telemetry-mbed-hal.o
                0x00002488                telemetry::MbedHal::get_time_ms()
 .text._ZN9telemetry7MbedHalD2Ev
                0x000024a4       0x30 telemetry-pub-deployment\server-cpp\telemetry-mbed-hal.o
                0x000024a4                telemetry::MbedHal::~MbedHal()
                0x000024a4                telemetry::MbedHal::~MbedHal()
 .text._ZN9telemetry7MbedHalD0Ev
                0x000024d4       0x20 telemetry-pub-deployment\server-cpp\telemetry-mbed-hal.o
                0x000024d4                telemetry::MbedHal::~MbedHal()
 .text._ZN9telemetry4DataD2Ev
                0x000024f4       0x28 telemetry-pub-deployment\server-cpp\telemetry-data.o
                0x000024f4                telemetry::Data::~Data()
                0x000024f4                telemetry::Data::~Data()
 .text._ZN9telemetry4DataD0Ev
                0x0000251c       0x20 telemetry-pub-deployment\server-cpp\telemetry-data.o
                0x0000251c                telemetry::Data::~Data()
 .text._ZN9telemetry19packet_write_stringERNS_14TransmitPacketEPKc
                0x0000253c       0x44 telemetry-pub-deployment\server-cpp\telemetry-data.o
                0x0000253c                telemetry::packet_write_string(telemetry::TransmitPacket&, char const*)
 .text._ZN9telemetry4Data22get_header_kvrs_lengthEv
                0x00002580       0x3c telemetry-pub-deployment\server-cpp\telemetry-data.o
                0x00002580                telemetry::Data::get_header_kvrs_length()
 .text._ZN9telemetry4Data17write_header_kvrsERNS_14TransmitPacketE
                0x000025bc       0x60 telemetry-pub-deployment\server-cpp\telemetry-data.o
                0x000025bc                telemetry::Data::write_header_kvrs(telemetry::TransmitPacket&)
 .text._ZN9telemetry8protocol15numeric_subtypeImEEhv
                0x0000261c       0x10 telemetry-pub-deployment\server-cpp\protocol.o
                0x0000261c                unsigned char telemetry::protocol::numeric_subtype<unsigned long>()
 .text._ZN9telemetry8protocol15numeric_subtypeIfEEhv
                0x0000262c       0x10 telemetry-pub-deployment\server-cpp\protocol.o
                0x0000262c                unsigned char telemetry::protocol::numeric_subtype<float>()
 .text._ZN9telemetry8internal9pkt_writeImEEvRNS_14TransmitPacketET_
                0x0000263c       0x20 telemetry-pub-deployment\server-cpp\packet.o
                0x0000263c                void telemetry::internal::pkt_write<unsigned long>(telemetry::TransmitPacket&, unsigned long)
 .text._ZN9telemetry8internal9pkt_writeIfEEvRNS_14TransmitPacketET_
                0x0000265c       0x20 telemetry-pub-deployment\server-cpp\packet.o
                0x0000265c                void telemetry::internal::pkt_write<float>(telemetry::TransmitPacket&, float)
 .text._ZN9telemetry8internal8buf_readImEET_RNS_19ReceivePacketBufferE
                0x0000267c       0x18 telemetry-pub-deployment\server-cpp\packet.o
                0x0000267c                unsigned long telemetry::internal::buf_read<unsigned long>(telemetry::ReceivePacketBuffer&)
 .text._ZN9telemetry8internal8buf_readIfEET_RNS_19ReceivePacketBufferE
                0x00002694       0x18 telemetry-pub-deployment\server-cpp\packet.o
                0x00002694                float telemetry::internal::buf_read<float>(telemetry::ReceivePacketBuffer&)
 .text._ZN9telemetry14TransmitPacketC2Ev
                0x000026ac       0x20 telemetry-pub-deployment\server-cpp\packet.o
                0x000026ac                telemetry::TransmitPacket::TransmitPacket()
                0x000026ac                telemetry::TransmitPacket::TransmitPacket()
 .text._ZN9telemetry25FixedLengthTransmitPacketC2ERNS_12HalInterfaceEj
                0x000026cc       0x94 telemetry-pub-deployment\server-cpp\packet.o
                0x000026cc                telemetry::FixedLengthTransmitPacket::FixedLengthTransmitPacket(telemetry::HalInterface&, unsigned int)
                0x000026cc                telemetry::FixedLengthTransmitPacket::FixedLengthTransmitPacket(telemetry::HalInterface&, unsigned int)
 .text._ZN9telemetry25FixedLengthTransmitPacket10write_byteEh
                0x00002760       0xa0 telemetry-pub-deployment\server-cpp\packet.o
                0x00002760                telemetry::FixedLengthTransmitPacket::write_byte(unsigned char)
 .text._ZN9telemetry25FixedLengthTransmitPacket11write_uint8Eh
                0x00002800       0x1c telemetry-pub-deployment\server-cpp\packet.o
                0x00002800                telemetry::FixedLengthTransmitPacket::write_uint8(unsigned char)
 .text._ZN9telemetry25FixedLengthTransmitPacket12write_uint16Et
                0x0000281c       0x30 telemetry-pub-deployment\server-cpp\packet.o
                0x0000281c                telemetry::FixedLengthTransmitPacket::write_uint16(unsigned short)
 .text._ZN9telemetry25FixedLengthTransmitPacket12write_uint32Em
                0x0000284c       0x48 telemetry-pub-deployment\server-cpp\packet.o
                0x0000284c                telemetry::FixedLengthTransmitPacket::write_uint32(unsigned long)
 .text._ZN9telemetry25FixedLengthTransmitPacket11write_floatEf
                0x00002894       0x4c telemetry-pub-deployment\server-cpp\packet.o
                0x00002894                telemetry::FixedLengthTransmitPacket::write_float(float)
 .text._ZN9telemetry25FixedLengthTransmitPacket6finishEv
                0x000028e0       0x5c telemetry-pub-deployment\server-cpp\packet.o
                0x000028e0                telemetry::FixedLengthTransmitPacket::finish()
 .text._ZN9telemetry19ReceivePacketBufferC2ERNS_12HalInterfaceE
                0x0000293c       0x20 telemetry-pub-deployment\server-cpp\packet.o
                0x0000293c                telemetry::ReceivePacketBuffer::ReceivePacketBuffer(telemetry::HalInterface&)
                0x0000293c                telemetry::ReceivePacketBuffer::ReceivePacketBuffer(telemetry::HalInterface&)
 .text._ZN9telemetry19ReceivePacketBuffer10new_packetEv
                0x0000295c       0x20 telemetry-pub-deployment\server-cpp\packet.o
                0x0000295c                telemetry::ReceivePacketBuffer::new_packet()
 .text._ZN9telemetry19ReceivePacketBuffer8add_byteEh
                0x0000297c       0x4c telemetry-pub-deployment\server-cpp\packet.o
                0x0000297c                telemetry::ReceivePacketBuffer::add_byte(unsigned char)
 .text._ZN9telemetry19ReceivePacketBuffer10read_uint8Ev
                0x000029c8       0x50 telemetry-pub-deployment\server-cpp\packet.o
                0x000029c8                telemetry::ReceivePacketBuffer::read_uint8()
 .text._ZN9telemetry19ReceivePacketBuffer11read_uint32Ev
                0x00002a18       0x80 telemetry-pub-deployment\server-cpp\packet.o
                0x00002a18                telemetry::ReceivePacketBuffer::read_uint32()
 .text._ZN9telemetry19ReceivePacketBuffer10read_floatEv
                0x00002a98       0x9c telemetry-pub-deployment\server-cpp\packet.o
                0x00002a98                telemetry::ReceivePacketBuffer::read_float()
 .text.rt_svc_init
                0x00002b34       0x7c mbed-rtos\rtx\TARGET_CORTEX_M\rt_Task.o
 .text.rt_get_TID
                0x00002bb0       0x48 mbed-rtos\rtx\TARGET_CORTEX_M\rt_Task.o
 .text.rt_init_context
                0x00002bf8       0x8c mbed-rtos\rtx\TARGET_CORTEX_M\rt_Task.o
 .text.rt_switch_req
                0x00002c84       0x24 mbed-rtos\rtx\TARGET_CORTEX_M\rt_Task.o
                0x00002c84                rt_switch_req
 .text.rt_dispatch
                0x00002ca8       0x64 mbed-rtos\rtx\TARGET_CORTEX_M\rt_Task.o
                0x00002ca8                rt_dispatch
 .text.rt_block
                0x00002d0c       0x50 mbed-rtos\rtx\TARGET_CORTEX_M\rt_Task.o
                0x00002d0c                rt_block
 .text.rt_tsk_self
                0x00002d5c       0x24 mbed-rtos\rtx\TARGET_CORTEX_M\rt_Task.o
                0x00002d5c                rt_tsk_self
 .text.rt_tsk_prio
                0x00002d80       0xc8 mbed-rtos\rtx\TARGET_CORTEX_M\rt_Task.o
                0x00002d80                rt_tsk_prio
 .text.rt_tsk_create
                0x00002e48       0x8c mbed-rtos\rtx\TARGET_CORTEX_M\rt_Task.o
                0x00002e48                rt_tsk_create
 .text.rt_tsk_delete
                0x00002ed4      0x218 mbed-rtos\rtx\TARGET_CORTEX_M\rt_Task.o
                0x00002ed4                rt_tsk_delete
 .text.rt_sys_init
                0x000030ec      0x108 mbed-rtos\rtx\TARGET_CORTEX_M\rt_Task.o
                0x000030ec                rt_sys_init
 .text.rt_sys_start
                0x000031f4       0x50 mbed-rtos\rtx\TARGET_CORTEX_M\rt_Task.o
                0x000031f4                rt_sys_start
 .text.rt_systick_init
                0x00003244       0x40 mbed-rtos\rtx\TARGET_CORTEX_M\rt_System.o
 .text.rt_psh_req
                0x00003284       0x34 mbed-rtos\rtx\TARGET_CORTEX_M\rt_System.o
                0x00003284                rt_psh_req
 .text.rt_pop_req
                0x000032b8       0xc8 mbed-rtos\rtx\TARGET_CORTEX_M\rt_System.o
                0x000032b8                rt_pop_req
 .text.os_tick_init
                0x00003380       0x10 mbed-rtos\rtx\TARGET_CORTEX_M\rt_System.o
                0x00003380                os_tick_init
 .text.os_tick_irqack
                0x00003390        0xc mbed-rtos\rtx\TARGET_CORTEX_M\rt_System.o
                0x00003390                os_tick_irqack
 .text.rt_systick
                0x0000339c       0x50 mbed-rtos\rtx\TARGET_CORTEX_M\rt_System.o
                0x0000339c                rt_systick
 .text.rt_stk_check
                0x000033ec       0x3c mbed-rtos\rtx\TARGET_CORTEX_M\rt_System.o
                0x000033ec                rt_stk_check
 .text.rt_sem_psh
                0x00003428       0x4c mbed-rtos\rtx\TARGET_CORTEX_M\rt_Semaphore.o
                0x00003428                rt_sem_psh
 .text.rt_init_robin
                0x00003474       0x24 mbed-rtos\rtx\TARGET_CORTEX_M\rt_Robin.o
                0x00003474                rt_init_robin
 .text.rt_chk_robin
                0x00003498       0x68 mbed-rtos\rtx\TARGET_CORTEX_M\rt_Robin.o
                0x00003498                rt_chk_robin
 .text._init_box
                0x00003500       0xb0 mbed-rtos\rtx\TARGET_CORTEX_M\rt_MemBox.o
                0x00003500                _init_box
 .text.rt_alloc_box
                0x000035b0       0x44 mbed-rtos\rtx\TARGET_CORTEX_M\rt_MemBox.o
                0x000035b0                rt_alloc_box
 .text.rt_free_box
                0x000035f4       0x54 mbed-rtos\rtx\TARGET_CORTEX_M\rt_MemBox.o
                0x000035f4                rt_free_box
 .text.rt_mbx_init
                0x00003648       0x50 mbed-rtos\rtx\TARGET_CORTEX_M\rt_Mailbox.o
                0x00003648                rt_mbx_init
 .text.rt_mbx_wait
                0x00003698      0x118 mbed-rtos\rtx\TARGET_CORTEX_M\rt_Mailbox.o
                0x00003698                rt_mbx_wait
 .text.rt_mbx_check
                0x000037b0       0x24 mbed-rtos\rtx\TARGET_CORTEX_M\rt_Mailbox.o
                0x000037b0                rt_mbx_check
 .text.isr_mbx_send
                0x000037d4       0x24 mbed-rtos\rtx\TARGET_CORTEX_M\rt_Mailbox.o
                0x000037d4                isr_mbx_send
 .text.isr_mbx_receive
                0x000037f8       0x80 mbed-rtos\rtx\TARGET_CORTEX_M\rt_Mailbox.o
                0x000037f8                isr_mbx_receive
 .text.rt_mbx_psh
                0x00003878      0x158 mbed-rtos\rtx\TARGET_CORTEX_M\rt_Mailbox.o
                0x00003878                rt_mbx_psh
 .text.rt_inc_qi
                0x000039d0       0x60 mbed-rtos\rtx\TARGET_CORTEX_M\rt_List.o
 .text.rt_put_prio
                0x00003a30       0x8c mbed-rtos\rtx\TARGET_CORTEX_M\rt_List.o
                0x00003a30                rt_put_prio
 .text.rt_get_first
                0x00003abc       0x60 mbed-rtos\rtx\TARGET_CORTEX_M\rt_List.o
                0x00003abc                rt_get_first
 .text.rt_put_rdy_first
                0x00003b1c       0x2c mbed-rtos\rtx\TARGET_CORTEX_M\rt_List.o
                0x00003b1c                rt_put_rdy_first
 .text.rt_resort_prio
                0x00003b48       0x4c mbed-rtos\rtx\TARGET_CORTEX_M\rt_List.o
                0x00003b48                rt_resort_prio
 .text.rt_put_dly
                0x00003b94       0xc8 mbed-rtos\rtx\TARGET_CORTEX_M\rt_List.o
                0x00003b94                rt_put_dly
 .text.rt_dec_dly
                0x00003c5c       0xcc mbed-rtos\rtx\TARGET_CORTEX_M\rt_List.o
                0x00003c5c                rt_dec_dly
 .text.rt_rmv_list
                0x00003d28       0x64 mbed-rtos\rtx\TARGET_CORTEX_M\rt_List.o
                0x00003d28                rt_rmv_list
 .text.rt_rmv_dly
                0x00003d8c       0x5c mbed-rtos\rtx\TARGET_CORTEX_M\rt_List.o
                0x00003d8c                rt_rmv_dly
 .text.rt_psq_enq
                0x00003de8       0x54 mbed-rtos\rtx\TARGET_CORTEX_M\rt_List.o
                0x00003de8                rt_psq_enq
 .text.rt_evt_psh
                0x00003e3c       0xa4 mbed-rtos\rtx\TARGET_CORTEX_M\rt_Event.o
                0x00003e3c                rt_evt_psh
 .text.rt_ms2tick
                0x00003ee0       0x74 mbed-rtos\rtx\TARGET_CORTEX_M\rt_CMSIS.o
 .text.rt_tid2ptcb
                0x00003f54       0x40 mbed-rtos\rtx\TARGET_CORTEX_M\rt_CMSIS.o
                0x00003f54                rt_tid2ptcb
 .text.rt_id2obj
                0x00003f94       0x24 mbed-rtos\rtx\TARGET_CORTEX_M\rt_CMSIS.o
 .text.svcKernelInitialize
                0x00003fb8       0x70 mbed-rtos\rtx\TARGET_CORTEX_M\rt_CMSIS.o
                0x00003fb8                svcKernelInitialize
 .text.svcKernelStart
                0x00004028       0x70 mbed-rtos\rtx\TARGET_CORTEX_M\rt_CMSIS.o
                0x00004028                svcKernelStart
 .text.osKernelInitialize
                0x00004098       0x44 mbed-rtos\rtx\TARGET_CORTEX_M\rt_CMSIS.o
                0x00004098                osKernelInitialize
 .text.osKernelStart
                0x000040dc       0xc8 mbed-rtos\rtx\TARGET_CORTEX_M\rt_CMSIS.o
                0x000040dc                osKernelStart
 .text.sysThreadError
                0x000041a4       0x14 mbed-rtos\rtx\TARGET_CORTEX_M\rt_CMSIS.o
 .text.svcThreadCreate
                0x000041b8       0xa8 mbed-rtos\rtx\TARGET_CORTEX_M\rt_CMSIS.o
                0x000041b8                svcThreadCreate
 .text.svcThreadGetId
                0x00004260       0x2c mbed-rtos\rtx\TARGET_CORTEX_M\rt_CMSIS.o
                0x00004260                svcThreadGetId
 .text.svcThreadTerminate
                0x0000428c       0x3c mbed-rtos\rtx\TARGET_CORTEX_M\rt_CMSIS.o
                0x0000428c                svcThreadTerminate
 .text.osThreadCreate
                0x000042c8       0x64 mbed-rtos\rtx\TARGET_CORTEX_M\rt_CMSIS.o
                0x000042c8                osThreadCreate
 .text.osThreadExit
                0x0000432c       0x20 mbed-rtos\rtx\TARGET_CORTEX_M\rt_CMSIS.o
                0x0000432c                osThreadExit
 .text.rt_timer_insert
                0x0000434c       0x80 mbed-rtos\rtx\TARGET_CORTEX_M\rt_CMSIS.o
 .text.svcTimerCall
                0x000043cc       0x60 mbed-rtos\rtx\TARGET_CORTEX_M\rt_CMSIS.o
                0x000043cc                svcTimerCall
 .text.sysTimerTick
                0x0000442c       0x88 mbed-rtos\rtx\TARGET_CORTEX_M\rt_CMSIS.o
                0x0000442c                sysTimerTick
 .text.osTimerCall
                0x000044b4       0x30 mbed-rtos\rtx\TARGET_CORTEX_M\rt_CMSIS.o
                0x000044b4                osTimerCall
 .text.osTimerThread
                0x000044e4       0x48 mbed-rtos\rtx\TARGET_CORTEX_M\rt_CMSIS.o
                0x000044e4                osTimerThread
 .text.svcMessageCreate
                0x0000452c       0x64 mbed-rtos\rtx\TARGET_CORTEX_M\rt_CMSIS.o
                0x0000452c                svcMessageCreate
 .text.svcMessageGet
                0x00004590       0xec mbed-rtos\rtx\TARGET_CORTEX_M\rt_CMSIS.o
                0x00004590                svcMessageGet
 .text.isrMessagePut
                0x0000467c       0x4c mbed-rtos\rtx\TARGET_CORTEX_M\rt_CMSIS.o
                0x0000467c                isrMessagePut
 .text.isrMessageGet
                0x000046c8       0x84 mbed-rtos\rtx\TARGET_CORTEX_M\rt_CMSIS.o
                0x000046c8                isrMessageGet
 .text.osMessageGet
                0x0000474c       0x5c mbed-rtos\rtx\TARGET_CORTEX_M\rt_CMSIS.o
                0x0000474c                osMessageGet
 .text.os_idle_demon
                0x000047a8        0xc mbed-rtos\rtx\TARGET_CORTEX_M\RTX_Conf_CM.o
                0x000047a8                os_idle_demon
 .text.os_error
                0x000047b4       0x24 mbed-rtos\rtx\TARGET_CORTEX_M\RTX_Conf_CM.o
                0x000047b4                os_error
 .text.set_main_stack
                0x000047d8       0x1c mbed-rtos\rtx\TARGET_CORTEX_M\RTX_Conf_CM.o
                0x000047d8                set_main_stack
 .text.pre_main
                0x000047f4       0x1c mbed-rtos\rtx\TARGET_CORTEX_M\RTX_Conf_CM.o
                0x000047f4                pre_main
 .text.software_init_hook
                0x00004810       0x1c mbed-rtos\rtx\TARGET_CORTEX_M\RTX_Conf_CM.o
                0x00004810                software_init_hook
 .text.rt_init_stack
                0x0000482c      0x100 mbed-rtos\rtx\TARGET_CORTEX_M\HAL_CM.o
                0x0000482c                rt_init_stack
 .text.rt_ret_regs
                0x0000492c       0x2c mbed-rtos\rtx\TARGET_CORTEX_M\HAL_CM.o
 .text.rt_ret_val
                0x00004958       0x20 mbed-rtos\rtx\TARGET_CORTEX_M\HAL_CM.o
                0x00004958                rt_ret_val
 .text.rt_ret_val2
                0x00004978       0x28 mbed-rtos\rtx\TARGET_CORTEX_M\HAL_CM.o
                0x00004978                rt_ret_val2
 .text.default_idle_hook
                0x000049a0        0xc mbed-rtos\rtos\rtos_idle.o
 .text.rtos_idle_loop
                0x000049ac       0x10 mbed-rtos\rtos\rtos_idle.o
                0x000049ac                rtos_idle_loop
 .text.GPIO_WritePinOutput
                0x000049bc       0x3c main.o
 .text.GPIO_ReadPinInput
                0x000049f8       0x24 main.o
 .text.gpio_write
                0x00004a1c       0x6c main.o
 .text.gpio_read
                0x00004a88       0x68 main.o
 .text._ZN4mbed9DigitalInC2E7PinName
                0x00004af0       0x24 main.o
                0x00004af0                mbed::DigitalIn::DigitalIn(PinName)
                0x00004af0                mbed::DigitalIn::DigitalIn(PinName)
 .text._ZN4mbed9DigitalIn4readEv
                0x00004b14       0x1c main.o
                0x00004b14                mbed::DigitalIn::read()
 .text._ZN4mbed9DigitalIncviEv
                0x00004b30       0x18 main.o
                0x00004b30                mbed::DigitalIn::operator int()
 .text._ZN4mbed10DigitalOutC2E7PinName
                0x00004b48       0x24 main.o
                0x00004b48                mbed::DigitalOut::DigitalOut(PinName)
                0x00004b48                mbed::DigitalOut::DigitalOut(PinName)
 .text._ZN4mbed10DigitalOut5writeEi
                0x00004b6c       0x1c main.o
                0x00004b6c                mbed::DigitalOut::write(int)
 .text._ZN4mbed8AnalogInC2E7PinName
                0x00004b88       0x20 main.o
                0x00004b88                mbed::AnalogIn::AnalogIn(PinName)
                0x00004b88                mbed::AnalogIn::AnalogIn(PinName)
 .text._ZN4mbed6PwmOutC2E7PinName
                0x00004ba8       0x20 main.o
                0x00004ba8                mbed::PwmOut::PwmOut(PinName)
                0x00004ba8                mbed::PwmOut::PwmOut(PinName)
 .text._ZN4mbed6PwmOut5writeEf
                0x00004bc8       0x1c main.o
                0x00004bc8                mbed::PwmOut::write(float)
 .text._ZN4mbed6PwmOut9period_msEi
                0x00004be4       0x1c main.o
                0x00004be4                mbed::PwmOut::period_ms(int)
 .text._ZN4mbed6PwmOut9period_usEi
                0x00004c00       0x1c main.o
                0x00004c00                mbed::PwmOut::period_us(int)
 .text._ZN4mbed6PwmOut10pulsewidthEf
                0x00004c1c       0x1c main.o
                0x00004c1c                mbed::PwmOut::pulsewidth(float)
 .text._ZN4mbed6TickerC2Ev
                0x00004c38       0x30 main.o
                0x00004c38                mbed::Ticker::Ticker()
                0x00004c38                mbed::Ticker::Ticker()
 .text._ZN4mbed6Ticker6attachEPFvvEf
                0x00004c68       0x34 main.o
                0x00004c68                mbed::Ticker::attach(void (*)(), float)
 .text._ZN4mbed6Ticker9attach_usEPFvvEm
                0x00004c9c       0x28 main.o
                0x00004c9c                mbed::Ticker::attach_us(void (*)(), unsigned long)
 .text._ZN4mbed6TickerD2Ev
                0x00004cc4       0x38 main.o
                0x00004cc4                mbed::Ticker::~Ticker()
                0x00004cc4                mbed::Ticker::~Ticker()
 .text._ZN4mbed6TickerD0Ev
                0x00004cfc       0x20 main.o
                0x00004cfc                mbed::Ticker::~Ticker()
 .text._ZN9telemetry12HalInterfaceC2Ev
                0x00004d1c       0x20 main.o
                0x00004d1c                telemetry::HalInterface::HalInterface()
                0x00004d1c                telemetry::HalInterface::HalInterface()
 .text._ZN9telemetry7MbedHalC2ERN3AjK9MODSERIALE
                0x00004d3c       0x40 main.o
                0x00004d3c                telemetry::MbedHal::MbedHal(AjK::MODSERIAL&)
                0x00004d3c                telemetry::MbedHal::MbedHal(AjK::MODSERIAL&)
 .text._ZN9telemetry4DataC2EPKcS2_S2_
                0x00004d7c       0x38 main.o
                0x00004d7c                telemetry::Data::Data(char const*, char const*, char const*)
                0x00004d7c                telemetry::Data::Data(char const*, char const*, char const*)
 .text._ZN9telemetry9TelemetryC2ERNS_12HalInterfaceE
                0x00004db4       0x78 main.o
                0x00004db4                telemetry::Telemetry::Telemetry(telemetry::HalInterface&)
                0x00004db4                telemetry::Telemetry::Telemetry(telemetry::HalInterface&)
 .text._Z11rpmCounterAv
                0x00004e2c       0x1c main.o
                0x00004e2c                rpmCounterA()
 .text._Z11rpmCounterBv
                0x00004e48       0x1c main.o
                0x00004e48                rpmCounterB()
 .text._Z10velocityPIv
                0x00004e64      0x28c main.o
                0x00004e64                velocityPI()
 .text._Z7controlv
                0x000050f0       0x90 main.o
                0x000050f0                control()
 .text._Z12print_serialv
                0x00005180       0x28 main.o
                0x00005180                print_serial()
 .text._Z5setupv
                0x000051a8       0xd0 main.o
                0x000051a8                setup()
 .text.main     0x00005278       0x10 main.o
                0x00005278                main
 .text._ZN4mbed19FunctionPointerArg1IvvEC2EPFvvE
                0x00005288       0x1c main.o
                0x00005288                mbed::FunctionPointerArg1<void, void>::FunctionPointerArg1(void (*)())
                0x00005288                mbed::FunctionPointerArg1<void, void>::FunctionPointerArg1(void (*)())
 .text._ZN4mbed19FunctionPointerArg1IvvE6attachEPFvvE
                0x000052a4       0x20 main.o
                0x000052a4                mbed::FunctionPointerArg1<void, void>::attach(void (*)())
 .text._ZN9telemetry5QueueIhLj256EEC2Ev
                0x000052c4       0x3c main.o
                0x000052c4                telemetry::Queue<unsigned char, 256u>::Queue()
                0x000052c4                telemetry::Queue<unsigned char, 256u>::Queue()
 .text._ZN9telemetry7NumericIfEC2ERNS_9TelemetryEPKcS5_S5_f
                0x00005300       0x58 main.o
                0x00005300                telemetry::Numeric<float>::Numeric(telemetry::Telemetry&, char const*, char const*, char const*, float)
                0x00005300                telemetry::Numeric<float>::Numeric(telemetry::Telemetry&, char const*, char const*, char const*, float)
 .text._ZN9telemetry7NumericImEC2ERNS_9TelemetryEPKcS5_S5_m
                0x00005358       0x58 main.o
                0x00005358                telemetry::Numeric<unsigned long>::Numeric(telemetry::Telemetry&, char const*, char const*, char const*, unsigned long)
                0x00005358                telemetry::Numeric<unsigned long>::Numeric(telemetry::Telemetry&, char const*, char const*, char const*, unsigned long)
 .text._ZN9telemetry7NumericIfEaSEf
                0x000053b0       0x2c main.o
                0x000053b0                telemetry::Numeric<float>::operator=(float)
 .text._ZN9telemetry7NumericImEaSEm
                0x000053dc       0x2c main.o
                0x000053dc                telemetry::Numeric<unsigned long>::operator=(unsigned long)
 .text._ZN9telemetry7NumericIfE10set_limitsEff
                0x00005408       0x28 main.o
                0x00005408                telemetry::Numeric<float>::set_limits(float, float)
 .text._ZN9telemetry7NumericImED2Ev
                0x00005430       0x30 main.o
                0x00005430                telemetry::Numeric<unsigned long>::~Numeric()
                0x00005430                telemetry::Numeric<unsigned long>::~Numeric()
 .text._ZN9telemetry7NumericImED0Ev
                0x00005460       0x20 main.o
                0x00005460                telemetry::Numeric<unsigned long>::~Numeric()
 .text._ZN9telemetry7NumericIfED2Ev
                0x00005480       0x30 main.o
                0x00005480                telemetry::Numeric<float>::~Numeric()
                0x00005480                telemetry::Numeric<float>::~Numeric()
 .text._ZN9telemetry7NumericIfED0Ev
                0x000054b0       0x20 main.o
                0x000054b0                telemetry::Numeric<float>::~Numeric()
 .text._Z41__static_initialization_and_destruction_0ii
                0x000054d0      0x250 main.o
 .text._ZN9telemetry7NumericImE13get_data_typeEv
                0x00005720       0x18 main.o
                0x00005720                telemetry::Numeric<unsigned long>::get_data_type()
 .text._ZN9telemetry7NumericImE22get_header_kvrs_lengthEv
                0x00005738       0x1c main.o
                0x00005738                telemetry::Numeric<unsigned long>::get_header_kvrs_length()
 .text._ZN9telemetry7NumericImE17write_header_kvrsERNS_14TransmitPacketE
                0x00005754       0x84 main.o
                0x00005754                telemetry::Numeric<unsigned long>::write_header_kvrs(telemetry::TransmitPacket&)
 .text._ZN9telemetry7NumericImE18get_payload_lengthEv
                0x000057d8       0x18 main.o
                0x000057d8                telemetry::Numeric<unsigned long>::get_payload_length()
 .text._ZN9telemetry7NumericImE13write_payloadERNS_14TransmitPacketE
                0x000057f0       0x20 main.o
                0x000057f0                telemetry::Numeric<unsigned long>::write_payload(telemetry::TransmitPacket&)
 .text._ZN9telemetry7NumericImE15set_from_packetERNS_19ReceivePacketBufferE
                0x00005810       0x30 main.o
                0x00005810                telemetry::Numeric<unsigned long>::set_from_packet(telemetry::ReceivePacketBuffer&)
 .text._ZN9telemetry7NumericIfE13get_data_typeEv
                0x00005840       0x18 main.o
                0x00005840                telemetry::Numeric<float>::get_data_type()
 .text._ZN9telemetry7NumericIfE22get_header_kvrs_lengthEv
                0x00005858       0x1c main.o
                0x00005858                telemetry::Numeric<float>::get_header_kvrs_length()
 .text._ZN9telemetry7NumericIfE17write_header_kvrsERNS_14TransmitPacketE
                0x00005874       0x84 main.o
                0x00005874                telemetry::Numeric<float>::write_header_kvrs(telemetry::TransmitPacket&)
 .text._ZN9telemetry7NumericIfE18get_payload_lengthEv
                0x000058f8       0x18 main.o
                0x000058f8                telemetry::Numeric<float>::get_payload_length()
 .text._ZN9telemetry7NumericIfE13write_payloadERNS_14TransmitPacketE
                0x00005910       0x20 main.o
                0x00005910                telemetry::Numeric<float>::write_payload(telemetry::TransmitPacket&)
 .text._ZN9telemetry7NumericIfE15set_from_packetERNS_19ReceivePacketBufferE
                0x00005930       0x30 main.o
                0x00005930                telemetry::Numeric<float>::set_from_packet(telemetry::ReceivePacketBuffer&)
 .text._ZN9telemetry7NumericImE14serialize_dataEmRNS_14TransmitPacketE
                0x00005960       0x1c main.o
                0x00005960                telemetry::Numeric<unsigned long>::serialize_data(unsigned long, telemetry::TransmitPacket&)
 .text._ZN9telemetry7NumericImE16deserialize_dataERNS_19ReceivePacketBufferE
                0x0000597c       0x1c main.o
                0x0000597c                telemetry::Numeric<unsigned long>::deserialize_data(telemetry::ReceivePacketBuffer&)
 .text._ZN9telemetry7NumericIfE14serialize_dataEfRNS_14TransmitPacketE
                0x00005998       0x1c main.o
                0x00005998                telemetry::Numeric<float>::serialize_data(float, telemetry::TransmitPacket&)
 .text._ZN9telemetry7NumericIfE16deserialize_dataERNS_19ReceivePacketBufferE
                0x000059b4       0x1c main.o
                0x000059b4                telemetry::Numeric<float>::deserialize_data(telemetry::ReceivePacketBuffer&)
 .text._ZN9telemetry14TransmitPacket5writeImEEvT_
                0x000059d0       0x18 main.o
                0x000059d0                void telemetry::TransmitPacket::write<unsigned long>(unsigned long)
 .text._ZN9telemetry19ReceivePacketBuffer4readImEET_v
                0x000059e8       0x18 main.o
                0x000059e8                unsigned long telemetry::ReceivePacketBuffer::read<unsigned long>()
 .text._ZN9telemetry14TransmitPacket5writeIfEEvT_
                0x00005a00       0x18 main.o
                0x00005a00                void telemetry::TransmitPacket::write<float>(float)
 .text._ZN9telemetry19ReceivePacketBuffer4readIfEET_v
                0x00005a18       0x18 main.o
                0x00005a18                float telemetry::ReceivePacketBuffer::read<float>()
 .text._GLOBAL__sub_I_telemetry_serial
                0x00005a30       0x10 main.o
 .text._ZN3AjK18MODSERIAL_callback4callEPNS_18MODSERIAL_IRQ_INFOE
                0x00005a40       0x78 MODSERIAL\PUTC.o
                0x00005a40                AjK::MODSERIAL_callback::call(AjK::MODSERIAL_IRQ_INFO*)
 .text._ZN3AjK9MODSERIAL6__putcEib
                0x00005ab8      0x184 MODSERIAL\PUTC.o
                0x00005ab8                AjK::MODSERIAL::__putc(int, bool)
 .text.NVIC_DisableIRQ
                0x00005c3c       0x34 MODSERIAL\MODSERIAL.o
 .text._ZN4mbed10SerialBaseD2Ev
                0x00005c70       0x28 MODSERIAL\MODSERIAL.o
                0x00005c70                mbed::SerialBase::~SerialBase()
                0x00005c70                mbed::SerialBase::~SerialBase()
 .text._ZN4mbed10SerialBaseD0Ev
                0x00005c98       0x20 MODSERIAL\MODSERIAL.o
                0x00005c98                mbed::SerialBase::~SerialBase()
 .text._ZN3AjK18MODSERIAL_IRQ_INFOC2Ev
                0x00005cb8       0x1c MODSERIAL\MODSERIAL.o
                0x00005cb8                AjK::MODSERIAL_IRQ_INFO::MODSERIAL_IRQ_INFO()
                0x00005cb8                AjK::MODSERIAL_IRQ_INFO::MODSERIAL_IRQ_INFO()
 .text._ZN3AjK18MODSERIAL_callbackC2Ev
                0x00005cd4       0x30 MODSERIAL\MODSERIAL.o
                0x00005cd4                AjK::MODSERIAL_callback::MODSERIAL_callback()
                0x00005cd4                AjK::MODSERIAL_callback::MODSERIAL_callback()
 .text._ZN3AjK9MODSERIAL5_putcEi
                0x00005d04       0x28 MODSERIAL\MODSERIAL.o
                0x00005d04                AjK::MODSERIAL::_putc(int)
                0x00005d24                non-virtual thunk to AjK::MODSERIAL::_putc(int)
 .text._ZN3AjK9MODSERIAL5_getcEv
                0x00005d2c       0x24 MODSERIAL\MODSERIAL.o
                0x00005d2c                AjK::MODSERIAL::_getc()
                0x00005d48                non-virtual thunk to AjK::MODSERIAL::_getc()
 .text._ZN4mbed6SerialD2Ev
                0x00005d50       0x50 MODSERIAL\MODSERIAL.o
                0x00005d50                mbed::Serial::~Serial()
                0x00005d50                mbed::Serial::~Serial()
 .text._ZN4mbed6SerialD1Ev
                0x00005da0       0x10 MODSERIAL\MODSERIAL.o
                0x00005da0                non-virtual thunk to mbed::Serial::~Serial()
                0x00005da8                non-virtual thunk to mbed::Serial::~Serial()
 .text._ZN4mbed6SerialD0Ev
                0x00005db0       0x30 MODSERIAL\MODSERIAL.o
                0x00005db0                mbed::Serial::~Serial()
                0x00005dd0                non-virtual thunk to mbed::Serial::~Serial()
                0x00005dd8                non-virtual thunk to mbed::Serial::~Serial()
 .text._ZN3AjK9MODSERIALC2E7PinNameS1_PKc
                0x00005de0       0x78 MODSERIAL\MODSERIAL.o
                0x00005de0                AjK::MODSERIAL::MODSERIAL(PinName, PinName, char const*)
                0x00005de0                AjK::MODSERIAL::MODSERIAL(PinName, PinName, char const*)
 .text._ZN3AjK9MODSERIALD2Ev
                0x00005e58       0x78 MODSERIAL\MODSERIAL.o
                0x00005e58                AjK::MODSERIAL::~MODSERIAL()
                0x00005e58                AjK::MODSERIAL::~MODSERIAL()
 .text._ZThn60_N3AjK9MODSERIALD1Ev
                0x00005ed0        0x8 MODSERIAL\MODSERIAL.o
                0x00005ed0                non-virtual thunk to AjK::MODSERIAL::~MODSERIAL()
 .text._ZThn64_N3AjK9MODSERIALD1Ev
                0x00005ed8        0x8 MODSERIAL\MODSERIAL.o
                0x00005ed8                non-virtual thunk to AjK::MODSERIAL::~MODSERIAL()
 .text._ZN3AjK9MODSERIALD0Ev
                0x00005ee0       0x20 MODSERIAL\MODSERIAL.o
                0x00005ee0                AjK::MODSERIAL::~MODSERIAL()
 .text._ZThn60_N3AjK9MODSERIALD0Ev
                0x00005f00        0x8 MODSERIAL\MODSERIAL.o
                0x00005f00                non-virtual thunk to AjK::MODSERIAL::~MODSERIAL()
 .text._ZThn64_N3AjK9MODSERIALD0Ev
                0x00005f08        0x8 MODSERIAL\MODSERIAL.o
                0x00005f08                non-virtual thunk to AjK::MODSERIAL::~MODSERIAL()
 .text._ZN3AjK9MODSERIAL6isr_txEb
                0x00005f10      0x140 MODSERIAL\ISR_TX.o
                0x00005f10                AjK::MODSERIAL::isr_tx(bool)
 .text._ZN3AjK9MODSERIAL6isr_rxEv
                0x00006050      0x160 MODSERIAL\ISR_RX.o
                0x00006050                AjK::MODSERIAL::isr_rx()
 .text.NVIC_EnableIRQ
                0x000061b0       0x30 MODSERIAL\INIT.o
 .text.NVIC_DisableIRQ
                0x000061e0       0x34 MODSERIAL\INIT.o
 .text._ZN3AjK18MODSERIAL_IRQ_INFO9setSerialEPNS_9MODSERIALE
                0x00006214       0x1c MODSERIAL\INIT.o
                0x00006214                AjK::MODSERIAL_IRQ_INFO::setSerial(AjK::MODSERIAL*)
 .text._ZN3AjK9MODSERIAL6isr_txEv
                0x00006230       0x18 MODSERIAL\INIT.o
                0x00006230                AjK::MODSERIAL::isr_tx()
 .text._ZN3AjK9MODSERIAL4initEii7PinName
                0x00006248      0x11c MODSERIAL\INIT.o
                0x00006248                AjK::MODSERIAL::init(int, int, PinName)
 .text._ZN4mbed10SerialBase6attachIN3AjK9MODSERIALEEEvPT_MS4_FvvENS0_7IrqTypeE
                0x00006364       0x6c MODSERIAL\INIT.o
                0x00006364                void mbed::SerialBase::attach<AjK::MODSERIAL>(AjK::MODSERIAL*, void (AjK::MODSERIAL::*)(), mbed::SerialBase::IrqType)
 .text._ZN4mbed19FunctionPointerArg1IvvE6attachIN3AjK9MODSERIALEEEvPT_MS5_FvvE
                0x000063d0       0x38 MODSERIAL\INIT.o
                0x000063d0                void mbed::FunctionPointerArg1<void, void>::attach<AjK::MODSERIAL>(AjK::MODSERIAL*, void (AjK::MODSERIAL::*)())
 .text._ZN4mbed19FunctionPointerArg1IvvE12membercallerIN3AjK9MODSERIALEEEvPvPj
                0x00006408       0x4c MODSERIAL\INIT.o
                0x00006408                void mbed::FunctionPointerArg1<void, void>::membercaller<AjK::MODSERIAL>(void*, unsigned int*)
 .text._ZN3AjK9MODSERIAL6__getcEb
                0x00006454      0x120 MODSERIAL\GETC.o
                0x00006454                AjK::MODSERIAL::__getc(bool)
 .text._ZN3AjK9MODSERIAL7setBaseEv
                0x00006574       0xac MODSERIAL\Device\MODSERIAL_KSDK.o
                0x00006574                AjK::MODSERIAL::setBase()
 .text._ZN3AjK9MODSERIAL10initDeviceEv
                0x00006620       0x14 MODSERIAL\Device\MODSERIAL_KSDK.o
                0x00006620                AjK::MODSERIAL::initDevice()
 .text.mbed_die
                0x00006634       0x94 ..\mbed\TARGET_K64F\TOOLCHAIN_GCC_ARM\board.o
                0x00006634                mbed_die
 .text.NVIC_SetVector
                0x000066c8        0x4 ..\mbed\TARGET_K64F\TOOLCHAIN_GCC_ARM\cmsis_nvic.o
                0x000066c8                NVIC_SetVector
 .text.NMI_Handler
                0x000066cc       0x14 ..\mbed\TARGET_K64F\TOOLCHAIN_GCC_ARM\mbed_overrides.o
                0x000066cc                NMI_Handler
 .text._ZN4mbed10FileHandle4flenEv
                0x000066e0       0x34 ..\mbed\TARGET_K64F\TOOLCHAIN_GCC_ARM\retarget.o
                0x000066e0                mbed::FileHandle::flen()
 .text._ZL11init_serialv.part.0
                0x00006714       0x14 ..\mbed\TARGET_K64F\TOOLCHAIN_GCC_ARM\retarget.o
 .text._ZN4mbed10FileHandleD2Ev
                0x00006728       0x2c ..\mbed\TARGET_K64F\TOOLCHAIN_GCC_ARM\retarget.o
                0x00006728                mbed::FileHandle::~FileHandle()
                0x00006728                mbed::FileHandle::~FileHandle()
 .text._open    0x00006754       0xfc ..\mbed\TARGET_K64F\TOOLCHAIN_GCC_ARM\retarget.o
                0x00006754                _open
 .text._close   0x00006850       0x28 ..\mbed\TARGET_K64F\TOOLCHAIN_GCC_ARM\retarget.o
                0x00006850                _close
 .text._write   0x00006878       0x4c ..\mbed\TARGET_K64F\TOOLCHAIN_GCC_ARM\retarget.o
                0x00006878                _write
 .text._read    0x000068c4       0x44 ..\mbed\TARGET_K64F\TOOLCHAIN_GCC_ARM\retarget.o
                0x000068c4                _read
 .text._isatty  0x00006908       0x24 ..\mbed\TARGET_K64F\TOOLCHAIN_GCC_ARM\retarget.o
                0x00006908                _isatty
 .text._lseek   0x0000692c       0x24 ..\mbed\TARGET_K64F\TOOLCHAIN_GCC_ARM\retarget.o
                0x0000692c                _lseek
 .text._fstat   0x00006950       0x20 ..\mbed\TARGET_K64F\TOOLCHAIN_GCC_ARM\retarget.o
                0x00006950                _fstat
 .text.__cxa_pure_virtual
                0x00006970        0x8 ..\mbed\TARGET_K64F\TOOLCHAIN_GCC_ARM\retarget.o
                0x00006970                __cxa_pure_virtual
 .text._sbrk    0x00006978       0x28 ..\mbed\TARGET_K64F\TOOLCHAIN_GCC_ARM\retarget.o
                0x00006978                _sbrk
 .text._exit    0x000069a0       0x24 ..\mbed\TARGET_K64F\TOOLCHAIN_GCC_ARM\retarget.o
                0x000069a0                _exit
 .text._ZN4mbed26mbed_set_unbuffered_streamEP7__sFILE
                0x000069c4        0x8 ..\mbed\TARGET_K64F\TOOLCHAIN_GCC_ARM\retarget.o
                0x000069c4                mbed::mbed_set_unbuffered_stream(__sFILE*)
 .text.SystemInit
                0x000069cc       0x30 ..\mbed\TARGET_K64F\TOOLCHAIN_GCC_ARM\system_MK64F12.o
                0x000069cc                SystemInit
 .text.BOARD_BootClockRUN
                0x000069fc       0x5c C:\Users\Christopher\Documents\EE 192\CODE\workspace.kds\Skeleton_World\mbed\TARGET_K64F\TOOLCHAIN_GCC_ARM\libmbed.a(fsl_clock_config.o)
                0x000069fc                BOARD_BootClockRUN
 .text.InstallIRQHandler
                0x00006a58       0x4c C:\Users\Christopher\Documents\EE 192\CODE\workspace.kds\Skeleton_World\mbed\TARGET_K64F\TOOLCHAIN_GCC_ARM\libmbed.a(fsl_common.o)
                0x00006a58                InstallIRQHandler
 .text.CLOCK_GetMcgExtClkFreq
                0x00006aa4       0x64 C:\Users\Christopher\Documents\EE 192\CODE\workspace.kds\Skeleton_World\mbed\TARGET_K64F\TOOLCHAIN_GCC_ARM\libmbed.a(fsl_clock.o)
 .text.CLOCK_GetFllRefClkFreq
                0x00006b08       0x68 C:\Users\Christopher\Documents\EE 192\CODE\workspace.kds\Skeleton_World\mbed\TARGET_K64F\TOOLCHAIN_GCC_ARM\libmbed.a(fsl_clock.o)
 .text.unlikely.CLOCK_GetOsc0ErClkFreq.part.2
                0x00006b70       0x1c C:\Users\Christopher\Documents\EE 192\CODE\workspace.kds\Skeleton_World\mbed\TARGET_K64F\TOOLCHAIN_GCC_ARM\libmbed.a(fsl_clock.o)
 .text.CLOCK_GetInternalRefClkFreq.part.5
                0x00006b8c       0x28 C:\Users\Christopher\Documents\EE 192\CODE\workspace.kds\Skeleton_World\mbed\TARGET_K64F\TOOLCHAIN_GCC_ARM\libmbed.a(fsl_clock.o)
 .text.CLOCK_GetPll0Freq.part.6
                0x00006bb4       0x28 C:\Users\Christopher\Documents\EE 192\CODE\workspace.kds\Skeleton_World\mbed\TARGET_K64F\TOOLCHAIN_GCC_ARM\libmbed.a(fsl_clock.o)
 .text.CLOCK_GetEr32kClkFreq
                0x00006bdc       0x70 C:\Users\Christopher\Documents\EE 192\CODE\workspace.kds\Skeleton_World\mbed\TARGET_K64F\TOOLCHAIN_GCC_ARM\libmbed.a(fsl_clock.o)
                0x00006bdc                CLOCK_GetEr32kClkFreq
 .text.CLOCK_SetSimConfig
                0x00006c4c       0x40 C:\Users\Christopher\Documents\EE 192\CODE\workspace.kds\Skeleton_World\mbed\TARGET_K64F\TOOLCHAIN_GCC_ARM\libmbed.a(fsl_clock.o)
                0x00006c4c                CLOCK_SetSimConfig
 .text.CLOCK_GetFllFreq
                0x00006c8c       0x40 C:\Users\Christopher\Documents\EE 192\CODE\workspace.kds\Skeleton_World\mbed\TARGET_K64F\TOOLCHAIN_GCC_ARM\libmbed.a(fsl_clock.o)
                0x00006c8c                CLOCK_GetFllFreq
 .text.CLOCK_GetPllFllSelClkFreq
                0x00006ccc       0x40 C:\Users\Christopher\Documents\EE 192\CODE\workspace.kds\Skeleton_World\mbed\TARGET_K64F\TOOLCHAIN_GCC_ARM\libmbed.a(fsl_clock.o)
                0x00006ccc                CLOCK_GetPllFllSelClkFreq
 .text.CLOCK_GetOutClkFreq
                0x00006d0c       0x54 C:\Users\Christopher\Documents\EE 192\CODE\workspace.kds\Skeleton_World\mbed\TARGET_K64F\TOOLCHAIN_GCC_ARM\libmbed.a(fsl_clock.o)
                0x00006d0c                CLOCK_GetOutClkFreq
 .text.CLOCK_GetFixedFreqClkFreq
                0x00006d60       0x1c C:\Users\Christopher\Documents\EE 192\CODE\workspace.kds\Skeleton_World\mbed\TARGET_K64F\TOOLCHAIN_GCC_ARM\libmbed.a(fsl_clock.o)
                0x00006d60                CLOCK_GetFixedFreqClkFreq
 .text.CLOCK_GetFreq
                0x00006d7c      0x104 C:\Users\Christopher\Documents\EE 192\CODE\workspace.kds\Skeleton_World\mbed\TARGET_K64F\TOOLCHAIN_GCC_ARM\libmbed.a(fsl_clock.o)
                0x00006d7c                CLOCK_GetFreq
 .text.CLOCK_SetExternalRefClkConfig
                0x00006e80       0x5c C:\Users\Christopher\Documents\EE 192\CODE\workspace.kds\Skeleton_World\mbed\TARGET_K64F\TOOLCHAIN_GCC_ARM\libmbed.a(fsl_clock.o)
                0x00006e80                CLOCK_SetExternalRefClkConfig
 .text.CLOCK_SetInternalRefClkConfig
                0x00006edc       0x84 C:\Users\Christopher\Documents\EE 192\CODE\workspace.kds\Skeleton_World\mbed\TARGET_K64F\TOOLCHAIN_GCC_ARM\libmbed.a(fsl_clock.o)
                0x00006edc                CLOCK_SetInternalRefClkConfig
 .text.CLOCK_EnablePll0
                0x00006f60       0x50 C:\Users\Christopher\Documents\EE 192\CODE\workspace.kds\Skeleton_World\mbed\TARGET_K64F\TOOLCHAIN_GCC_ARM\libmbed.a(fsl_clock.o)
                0x00006f60                CLOCK_EnablePll0
 .text.CLOCK_InitOsc0
                0x00006fb0       0x6c C:\Users\Christopher\Documents\EE 192\CODE\workspace.kds\Skeleton_World\mbed\TARGET_K64F\TOOLCHAIN_GCC_ARM\libmbed.a(fsl_clock.o)
                0x00006fb0                CLOCK_InitOsc0
 .text.CLOCK_SetPbeMode
                0x0000701c       0x50 C:\Users\Christopher\Documents\EE 192\CODE\workspace.kds\Skeleton_World\mbed\TARGET_K64F\TOOLCHAIN_GCC_ARM\libmbed.a(fsl_clock.o)
                0x0000701c                CLOCK_SetPbeMode
 .text.CLOCK_BootToPeeMode
                0x0000706c       0x4c C:\Users\Christopher\Documents\EE 192\CODE\workspace.kds\Skeleton_World\mbed\TARGET_K64F\TOOLCHAIN_GCC_ARM\libmbed.a(fsl_clock.o)
                0x0000706c                CLOCK_BootToPeeMode
 .text.pwmout_init
                0x000070b8      0x108 C:\Users\Christopher\Documents\EE 192\CODE\workspace.kds\Skeleton_World\mbed\TARGET_K64F\TOOLCHAIN_GCC_ARM\libmbed.a(pwmout_api.o)
                0x000070b8                pwmout_init
 .text.pwmout_write
                0x000071c0       0x68 C:\Users\Christopher\Documents\EE 192\CODE\workspace.kds\Skeleton_World\mbed\TARGET_K64F\TOOLCHAIN_GCC_ARM\libmbed.a(pwmout_api.o)
                0x000071c0                pwmout_write
 .text.pwmout_period_us
                0x00007228       0x88 C:\Users\Christopher\Documents\EE 192\CODE\workspace.kds\Skeleton_World\mbed\TARGET_K64F\TOOLCHAIN_GCC_ARM\libmbed.a(pwmout_api.o)
                0x00007228                pwmout_period_us
 .text.pwmout_period_ms
                0x000072b0        0xc C:\Users\Christopher\Documents\EE 192\CODE\workspace.kds\Skeleton_World\mbed\TARGET_K64F\TOOLCHAIN_GCC_ARM\libmbed.a(pwmout_api.o)
                0x000072b0                pwmout_period_ms
 .text.pwmout_pulsewidth
                0x000072bc       0x50 C:\Users\Christopher\Documents\EE 192\CODE\workspace.kds\Skeleton_World\mbed\TARGET_K64F\TOOLCHAIN_GCC_ARM\libmbed.a(pwmout_api.o)
                0x000072bc                pwmout_pulsewidth
 .text.uart3_irq
                0x0000730c       0x48 C:\Users\Christopher\Documents\EE 192\CODE\workspace.kds\Skeleton_World\mbed\TARGET_K64F\TOOLCHAIN_GCC_ARM\libmbed.a(serial_api.o)
                0x0000730c                uart3_irq
 .text.uart0_irq
                0x00007354       0x48 C:\Users\Christopher\Documents\EE 192\CODE\workspace.kds\Skeleton_World\mbed\TARGET_K64F\TOOLCHAIN_GCC_ARM\libmbed.a(serial_api.o)
                0x00007354                uart0_irq
 .text.uart5_irq
                0x0000739c       0x48 C:\Users\Christopher\Documents\EE 192\CODE\workspace.kds\Skeleton_World\mbed\TARGET_K64F\TOOLCHAIN_GCC_ARM\libmbed.a(serial_api.o)
                0x0000739c                uart5_irq
 .text.uart1_irq
                0x000073e4       0x48 C:\Users\Christopher\Documents\EE 192\CODE\workspace.kds\Skeleton_World\mbed\TARGET_K64F\TOOLCHAIN_GCC_ARM\libmbed.a(serial_api.o)
                0x000073e4                uart1_irq
 .text.uart4_irq
                0x0000742c       0x48 C:\Users\Christopher\Documents\EE 192\CODE\workspace.kds\Skeleton_World\mbed\TARGET_K64F\TOOLCHAIN_GCC_ARM\libmbed.a(serial_api.o)
                0x0000742c                uart4_irq
 .text.uart2_irq
                0x00007474       0x48 C:\Users\Christopher\Documents\EE 192\CODE\workspace.kds\Skeleton_World\mbed\TARGET_K64F\TOOLCHAIN_GCC_ARM\libmbed.a(serial_api.o)
                0x00007474                uart2_irq
 .text.serial_init
                0x000074bc       0xfc C:\Users\Christopher\Documents\EE 192\CODE\workspace.kds\Skeleton_World\mbed\TARGET_K64F\TOOLCHAIN_GCC_ARM\libmbed.a(serial_api.o)
                0x000074bc                serial_init
 .text.serial_baud
                0x000075b8       0x2c C:\Users\Christopher\Documents\EE 192\CODE\workspace.kds\Skeleton_World\mbed\TARGET_K64F\TOOLCHAIN_GCC_ARM\libmbed.a(serial_api.o)
                0x000075b8                serial_baud
 .text.serial_irq_handler
                0x000075e4       0x1c C:\Users\Christopher\Documents\EE 192\CODE\workspace.kds\Skeleton_World\mbed\TARGET_K64F\TOOLCHAIN_GCC_ARM\libmbed.a(serial_api.o)
                0x000075e4                serial_irq_handler
 .text.serial_irq_set
                0x00007600      0x13c C:\Users\Christopher\Documents\EE 192\CODE\workspace.kds\Skeleton_World\mbed\TARGET_K64F\TOOLCHAIN_GCC_ARM\libmbed.a(serial_api.o)
                0x00007600                serial_irq_set
 .text.serial_readable
                0x0000773c       0x2c C:\Users\Christopher\Documents\EE 192\CODE\workspace.kds\Skeleton_World\mbed\TARGET_K64F\TOOLCHAIN_GCC_ARM\libmbed.a(serial_api.o)
                0x0000773c                serial_readable
 .text.serial_getc
                0x00007768       0x20 C:\Users\Christopher\Documents\EE 192\CODE\workspace.kds\Skeleton_World\mbed\TARGET_K64F\TOOLCHAIN_GCC_ARM\libmbed.a(serial_api.o)
                0x00007768                serial_getc
 .text.serial_writable
                0x00007788       0x2c C:\Users\Christopher\Documents\EE 192\CODE\workspace.kds\Skeleton_World\mbed\TARGET_K64F\TOOLCHAIN_GCC_ARM\libmbed.a(serial_api.o)
                0x00007788                serial_writable
 .text.serial_putc
                0x000077b4       0x24 C:\Users\Christopher\Documents\EE 192\CODE\workspace.kds\Skeleton_World\mbed\TARGET_K64F\TOOLCHAIN_GCC_ARM\libmbed.a(serial_api.o)
                0x000077b4                serial_putc
 .text.analogin_init
                0x000077d8       0xac C:\Users\Christopher\Documents\EE 192\CODE\workspace.kds\Skeleton_World\mbed\TARGET_K64F\TOOLCHAIN_GCC_ARM\libmbed.a(analogin_api.o)
                0x000077d8                analogin_init
 .text.pin_function
                0x00007884       0x78 C:\Users\Christopher\Documents\EE 192\CODE\workspace.kds\Skeleton_World\mbed\TARGET_K64F\TOOLCHAIN_GCC_ARM\libmbed.a(pinmap.o)
                0x00007884                pin_function
 .text.pin_mode
                0x000078fc       0x68 C:\Users\Christopher\Documents\EE 192\CODE\workspace.kds\Skeleton_World\mbed\TARGET_K64F\TOOLCHAIN_GCC_ARM\libmbed.a(pinmap.o)
                0x000078fc                pin_mode
 .text._ZN4mbed8FilePathC2EPKc
                0x00007964       0x54 C:\Users\Christopher\Documents\EE 192\CODE\workspace.kds\Skeleton_World\mbed\TARGET_K64F\TOOLCHAIN_GCC_ARM\libmbed.a(FilePath.o)
                0x00007964                mbed::FilePath::FilePath(char const*)
                0x00007964                mbed::FilePath::FilePath(char const*)
 .text._ZN4mbed8FilePath8fileNameEv
                0x000079b8        0x4 C:\Users\Christopher\Documents\EE 192\CODE\workspace.kds\Skeleton_World\mbed\TARGET_K64F\TOOLCHAIN_GCC_ARM\libmbed.a(FilePath.o)
                0x000079b8                mbed::FilePath::fileName()
 .text._ZN4mbed8FilePath10fileSystemEv
                0x000079bc       0x20 C:\Users\Christopher\Documents\EE 192\CODE\workspace.kds\Skeleton_World\mbed\TARGET_K64F\TOOLCHAIN_GCC_ARM\libmbed.a(FilePath.o)
                0x000079bc                mbed::FilePath::fileSystem()
 .text._ZN4mbed8FilePath6isFileEv
                0x000079dc       0x14 C:\Users\Christopher\Documents\EE 192\CODE\workspace.kds\Skeleton_World\mbed\TARGET_K64F\TOOLCHAIN_GCC_ARM\libmbed.a(FilePath.o)
                0x000079dc                mbed::FilePath::isFile()
 .text._ZN4mbed8FilePath4fileEv
                0x000079f0       0x20 C:\Users\Christopher\Documents\EE 192\CODE\workspace.kds\Skeleton_World\mbed\TARGET_K64F\TOOLCHAIN_GCC_ARM\libmbed.a(FilePath.o)
                0x000079f0                mbed::FilePath::file()
 .text._ZN4mbed8FilePath6existsEv
                0x00007a10        0xc C:\Users\Christopher\Documents\EE 192\CODE\workspace.kds\Skeleton_World\mbed\TARGET_K64F\TOOLCHAIN_GCC_ARM\libmbed.a(FilePath.o)
                0x00007a10                mbed::FilePath::exists()
 .text._ZN4mbed11InterruptInD2Ev
                0x00007a1c       0x18 C:\Users\Christopher\Documents\EE 192\CODE\workspace.kds\Skeleton_World\mbed\TARGET_K64F\TOOLCHAIN_GCC_ARM\libmbed.a(InterruptIn.o)
                0x00007a1c                mbed::InterruptIn::~InterruptIn()
                0x00007a1c                mbed::InterruptIn::~InterruptIn()
 .text._ZN4mbed11InterruptInD0Ev
                0x00007a34       0x1c C:\Users\Christopher\Documents\EE 192\CODE\workspace.kds\Skeleton_World\mbed\TARGET_K64F\TOOLCHAIN_GCC_ARM\libmbed.a(InterruptIn.o)
                0x00007a34                mbed::InterruptIn::~InterruptIn()
 .text._ZN4mbed11InterruptIn12_irq_handlerEm14gpio_irq_event
                0x00007a50       0x38 C:\Users\Christopher\Documents\EE 192\CODE\workspace.kds\Skeleton_World\mbed\TARGET_K64F\TOOLCHAIN_GCC_ARM\libmbed.a(InterruptIn.o)
                0x00007a50                mbed::InterruptIn::_irq_handler(unsigned long, gpio_irq_event)
 .text._ZN4mbed11InterruptInC2E7PinName
                0x00007a88       0x3c C:\Users\Christopher\Documents\EE 192\CODE\workspace.kds\Skeleton_World\mbed\TARGET_K64F\TOOLCHAIN_GCC_ARM\libmbed.a(InterruptIn.o)
                0x00007a88                mbed::InterruptIn::InterruptIn(PinName)
                0x00007a88                mbed::InterruptIn::InterruptIn(PinName)
 .text._ZN4mbed11InterruptIn4riseEPFvvE
                0x00007ac4       0x20 C:\Users\Christopher\Documents\EE 192\CODE\workspace.kds\Skeleton_World\mbed\TARGET_K64F\TOOLCHAIN_GCC_ARM\libmbed.a(InterruptIn.o)
                0x00007ac4                mbed::InterruptIn::rise(void (*)())
 .text._ZN4mbed11InterruptIn4fallEPFvvE
                0x00007ae4       0x20 C:\Users\Christopher\Documents\EE 192\CODE\workspace.kds\Skeleton_World\mbed\TARGET_K64F\TOOLCHAIN_GCC_ARM\libmbed.a(InterruptIn.o)
                0x00007ae4                mbed::InterruptIn::fall(void (*)())
 .text._ZN4mbed6Serial5_getcEv
                0x00007b04        0x4 C:\Users\Christopher\Documents\EE 192\CODE\workspace.kds\Skeleton_World\mbed\TARGET_K64F\TOOLCHAIN_GCC_ARM\libmbed.a(Serial.o)
                0x00007b04                mbed::Serial::_getc()
 .text._ZThn60_N4mbed6Serial5_getcEv
                0x00007b08        0x8 C:\Users\Christopher\Documents\EE 192\CODE\workspace.kds\Skeleton_World\mbed\TARGET_K64F\TOOLCHAIN_GCC_ARM\libmbed.a(Serial.o)
                0x00007b08                non-virtual thunk to mbed::Serial::_getc()
 .text._ZN4mbed6Serial5_putcEi
                0x00007b10        0x4 C:\Users\Christopher\Documents\EE 192\CODE\workspace.kds\Skeleton_World\mbed\TARGET_K64F\TOOLCHAIN_GCC_ARM\libmbed.a(Serial.o)
                0x00007b10                mbed::Serial::_putc(int)
 .text._ZThn60_N4mbed6Serial5_putcEi
                0x00007b14        0x8 C:\Users\Christopher\Documents\EE 192\CODE\workspace.kds\Skeleton_World\mbed\TARGET_K64F\TOOLCHAIN_GCC_ARM\libmbed.a(Serial.o)
                0x00007b14                non-virtual thunk to mbed::Serial::_putc(int)
 .text._ZN4mbed6SerialC2E7PinNameS1_PKc
                0x00007b1c       0x30 C:\Users\Christopher\Documents\EE 192\CODE\workspace.kds\Skeleton_World\mbed\TARGET_K64F\TOOLCHAIN_GCC_ARM\libmbed.a(Serial.o)
                0x00007b1c                mbed::Serial::Serial(PinName, PinName, char const*)
                0x00007b1c                mbed::Serial::Serial(PinName, PinName, char const*)
 .text._ZN4mbed10SerialBase12_irq_handlerEm9SerialIrq
                0x00007b4c       0x34 C:\Users\Christopher\Documents\EE 192\CODE\workspace.kds\Skeleton_World\mbed\TARGET_K64F\TOOLCHAIN_GCC_ARM\libmbed.a(SerialBase.o)
                0x00007b4c                mbed::SerialBase::_irq_handler(unsigned long, SerialIrq)
 .text._ZN4mbed10SerialBaseC2E7PinNameS1_
                0x00007b80       0x38 C:\Users\Christopher\Documents\EE 192\CODE\workspace.kds\Skeleton_World\mbed\TARGET_K64F\TOOLCHAIN_GCC_ARM\libmbed.a(SerialBase.o)
                0x00007b80                mbed::SerialBase::SerialBase(PinName, PinName)
                0x00007b80                mbed::SerialBase::SerialBase(PinName, PinName)
 .text._ZN4mbed10SerialBase4baudEi
                0x00007bb8       0x10 C:\Users\Christopher\Documents\EE 192\CODE\workspace.kds\Skeleton_World\mbed\TARGET_K64F\TOOLCHAIN_GCC_ARM\libmbed.a(SerialBase.o)
                0x00007bb8                mbed::SerialBase::baud(int)
 .text._ZN4mbed10SerialBase10_base_getcEv
                0x00007bc8        0x8 C:\Users\Christopher\Documents\EE 192\CODE\workspace.kds\Skeleton_World\mbed\TARGET_K64F\TOOLCHAIN_GCC_ARM\libmbed.a(SerialBase.o)
                0x00007bc8                mbed::SerialBase::_base_getc()
 .text._ZN4mbed10SerialBase10_base_putcEi
                0x00007bd0       0x10 C:\Users\Christopher\Documents\EE 192\CODE\workspace.kds\Skeleton_World\mbed\TARGET_K64F\TOOLCHAIN_GCC_ARM\libmbed.a(SerialBase.o)
                0x00007bd0                mbed::SerialBase::_base_putc(int)
 .text._ZN4mbed6Ticker7handlerEv
                0x00007be0       0x30 C:\Users\Christopher\Documents\EE 192\CODE\workspace.kds\Skeleton_World\mbed\TARGET_K64F\TOOLCHAIN_GCC_ARM\libmbed.a(Ticker.o)
                0x00007be0                mbed::Ticker::handler()
 .text._ZN4mbed6Ticker6detachEv
                0x00007c10       0x10 C:\Users\Christopher\Documents\EE 192\CODE\workspace.kds\Skeleton_World\mbed\TARGET_K64F\TOOLCHAIN_GCC_ARM\libmbed.a(Ticker.o)
                0x00007c10                mbed::Ticker::detach()
 .text._ZN4mbed6Ticker5setupEm
                0x00007c20       0x20 C:\Users\Christopher\Documents\EE 192\CODE\workspace.kds\Skeleton_World\mbed\TARGET_K64F\TOOLCHAIN_GCC_ARM\libmbed.a(Ticker.o)
                0x00007c20                mbed::Ticker::setup(unsigned long)
 .text._ZN4mbed6Stream5closeEv
                0x00007c40        0x4 C:\Users\Christopher\Documents\EE 192\CODE\workspace.kds\Skeleton_World\mbed\TARGET_K64F\TOOLCHAIN_GCC_ARM\libmbed.a(Stream.o)
                0x00007c40                mbed::Stream::close()
 .text._ZN4mbed6Stream5writeEPKvj
                0x00007c44       0x2c C:\Users\Christopher\Documents\EE 192\CODE\workspace.kds\Skeleton_World\mbed\TARGET_K64F\TOOLCHAIN_GCC_ARM\libmbed.a(Stream.o)
                0x00007c44                mbed::Stream::write(void const*, unsigned int)
 .text._ZN4mbed6Stream4readEPvj
                0x00007c70       0x2c C:\Users\Christopher\Documents\EE 192\CODE\workspace.kds\Skeleton_World\mbed\TARGET_K64F\TOOLCHAIN_GCC_ARM\libmbed.a(Stream.o)
                0x00007c70                mbed::Stream::read(void*, unsigned int)
 .text._ZN4mbed6Stream5lseekEli
                0x00007c9c        0x4 C:\Users\Christopher\Documents\EE 192\CODE\workspace.kds\Skeleton_World\mbed\TARGET_K64F\TOOLCHAIN_GCC_ARM\libmbed.a(Stream.o)
                0x00007c9c                mbed::Stream::lseek(long, int)
 .text._ZN4mbed6Stream6isattyEv
                0x00007ca0        0x4 C:\Users\Christopher\Documents\EE 192\CODE\workspace.kds\Skeleton_World\mbed\TARGET_K64F\TOOLCHAIN_GCC_ARM\libmbed.a(Stream.o)
                0x00007ca0                mbed::Stream::isatty()
 .text._ZN4mbed6Stream5fsyncEv
                0x00007ca4        0x4 C:\Users\Christopher\Documents\EE 192\CODE\workspace.kds\Skeleton_World\mbed\TARGET_K64F\TOOLCHAIN_GCC_ARM\libmbed.a(Stream.o)
                0x00007ca4                mbed::Stream::fsync()
 .text._ZN4mbed6Stream4flenEv
                0x00007ca8        0x4 C:\Users\Christopher\Documents\EE 192\CODE\workspace.kds\Skeleton_World\mbed\TARGET_K64F\TOOLCHAIN_GCC_ARM\libmbed.a(Stream.o)
                0x00007ca8                mbed::Stream::flen()
 .text._ZN4mbed6StreamC2EPKc
                0x00007cac       0x44 C:\Users\Christopher\Documents\EE 192\CODE\workspace.kds\Skeleton_World\mbed\TARGET_K64F\TOOLCHAIN_GCC_ARM\libmbed.a(Stream.o)
                0x00007cac                mbed::Stream::Stream(char const*)
                0x00007cac                mbed::Stream::Stream(char const*)
 .text._ZN4mbed6StreamD2Ev
                0x00007cf0       0x24 C:\Users\Christopher\Documents\EE 192\CODE\workspace.kds\Skeleton_World\mbed\TARGET_K64F\TOOLCHAIN_GCC_ARM\libmbed.a(Stream.o)
                0x00007cf0                mbed::Stream::~Stream()
                0x00007cf0                mbed::Stream::~Stream()
 .text._ZN4mbed6Stream4putcEi
                0x00007d14       0x18 C:\Users\Christopher\Documents\EE 192\CODE\workspace.kds\Skeleton_World\mbed\TARGET_K64F\TOOLCHAIN_GCC_ARM\libmbed.a(Stream.o)
                0x00007d14                mbed::Stream::putc(int)
 .text._ZN4mbed6Stream4putsEPKc
                0x00007d2c       0x18 C:\Users\Christopher\Documents\EE 192\CODE\workspace.kds\Skeleton_World\mbed\TARGET_K64F\TOOLCHAIN_GCC_ARM\libmbed.a(Stream.o)
                0x00007d2c                mbed::Stream::puts(char const*)
 .text.mbed_assert_internal
                0x00007d44       0x18 C:\Users\Christopher\Documents\EE 192\CODE\workspace.kds\Skeleton_World\mbed\TARGET_K64F\TOOLCHAIN_GCC_ARM\libmbed.a(assert.o)
                0x00007d44                mbed_assert_internal
 .text._ZN4mbed5Timer9slicetimeEv.part.0
                0x00007d5c       0x10 C:\Users\Christopher\Documents\EE 192\CODE\workspace.kds\Skeleton_World\mbed\TARGET_K64F\TOOLCHAIN_GCC_ARM\libmbed.a(Timer.o)
 .text._ZN4mbed5TimerC2Ev
                0x00007d6c       0x20 C:\Users\Christopher\Documents\EE 192\CODE\workspace.kds\Skeleton_World\mbed\TARGET_K64F\TOOLCHAIN_GCC_ARM\libmbed.a(Timer.o)
                0x00007d6c                mbed::Timer::Timer()
                0x00007d6c                mbed::Timer::Timer()
 .text._ZN4mbed5Timer5startEv
                0x00007d8c       0x18 C:\Users\Christopher\Documents\EE 192\CODE\workspace.kds\Skeleton_World\mbed\TARGET_K64F\TOOLCHAIN_GCC_ARM\libmbed.a(Timer.o)
                0x00007d8c                mbed::Timer::start()
 .text._ZN4mbed5Timer7read_msEv
                0x00007da4       0x24 C:\Users\Christopher\Documents\EE 192\CODE\workspace.kds\Skeleton_World\mbed\TARGET_K64F\TOOLCHAIN_GCC_ARM\libmbed.a(Timer.o)
                0x00007da4                mbed::Timer::read_ms()
 .text._ZN4mbed10TimerEvent3irqEm
                0x00007dc8        0x8 C:\Users\Christopher\Documents\EE 192\CODE\workspace.kds\Skeleton_World\mbed\TARGET_K64F\TOOLCHAIN_GCC_ARM\libmbed.a(TimerEvent.o)
                0x00007dc8                mbed::TimerEvent::irq(unsigned long)
 .text._ZN4mbed10TimerEventC2Ev
                0x00007dd0       0x28 C:\Users\Christopher\Documents\EE 192\CODE\workspace.kds\Skeleton_World\mbed\TARGET_K64F\TOOLCHAIN_GCC_ARM\libmbed.a(TimerEvent.o)
                0x00007dd0                mbed::TimerEvent::TimerEvent()
                0x00007dd0                mbed::TimerEvent::TimerEvent()
 .text._ZN4mbed10TimerEventD2Ev
                0x00007df8       0x18 C:\Users\Christopher\Documents\EE 192\CODE\workspace.kds\Skeleton_World\mbed\TARGET_K64F\TOOLCHAIN_GCC_ARM\libmbed.a(TimerEvent.o)
                0x00007df8                mbed::TimerEvent::~TimerEvent()
                0x00007df8                mbed::TimerEvent::~TimerEvent()
 .text._ZN4mbed10TimerEvent6insertEm
                0x00007e10        0xc C:\Users\Christopher\Documents\EE 192\CODE\workspace.kds\Skeleton_World\mbed\TARGET_K64F\TOOLCHAIN_GCC_ARM\libmbed.a(TimerEvent.o)
                0x00007e10                mbed::TimerEvent::insert(unsigned long)
 .text._ZN4mbed10TimerEvent6removeEv
                0x00007e1c        0x8 C:\Users\Christopher\Documents\EE 192\CODE\workspace.kds\Skeleton_World\mbed\TARGET_K64F\TOOLCHAIN_GCC_ARM\libmbed.a(TimerEvent.o)
                0x00007e1c                mbed::TimerEvent::remove()
 .text.error    0x00007e24       0x24 C:\Users\Christopher\Documents\EE 192\CODE\workspace.kds\Skeleton_World\mbed\TARGET_K64F\TOOLCHAIN_GCC_ARM\libmbed.a(error.o)
                0x00007e24                error
 .text.gpio_init_in
                0x00007e48       0x24 C:\Users\Christopher\Documents\EE 192\CODE\workspace.kds\Skeleton_World\mbed\TARGET_K64F\TOOLCHAIN_GCC_ARM\libmbed.a(gpio.o)
                0x00007e48                gpio_init_in
 .text.gpio_init_out
                0x00007e6c       0x6c C:\Users\Christopher\Documents\EE 192\CODE\workspace.kds\Skeleton_World\mbed\TARGET_K64F\TOOLCHAIN_GCC_ARM\libmbed.a(gpio.o)
                0x00007e6c                gpio_init_out
 .text.pinmap_pinout
                0x00007ed8       0x40 C:\Users\Christopher\Documents\EE 192\CODE\workspace.kds\Skeleton_World\mbed\TARGET_K64F\TOOLCHAIN_GCC_ARM\libmbed.a(pinmap_common.o)
                0x00007ed8                pinmap_pinout
 .text.pinmap_merge
                0x00007f18       0x24 C:\Users\Christopher\Documents\EE 192\CODE\workspace.kds\Skeleton_World\mbed\TARGET_K64F\TOOLCHAIN_GCC_ARM\libmbed.a(pinmap_common.o)
                0x00007f18                pinmap_merge
 .text.pinmap_peripheral
                0x00007f3c       0x34 C:\Users\Christopher\Documents\EE 192\CODE\workspace.kds\Skeleton_World\mbed\TARGET_K64F\TOOLCHAIN_GCC_ARM\libmbed.a(pinmap_common.o)
                0x00007f3c                pinmap_peripheral
 .text.ticker_set_handler
                0x00007f70       0x14 C:\Users\Christopher\Documents\EE 192\CODE\workspace.kds\Skeleton_World\mbed\TARGET_K64F\TOOLCHAIN_GCC_ARM\libmbed.a(ticker_api.o)
                0x00007f70                ticker_set_handler
 .text.ticker_irq_handler
                0x00007f84       0x4c C:\Users\Christopher\Documents\EE 192\CODE\workspace.kds\Skeleton_World\mbed\TARGET_K64F\TOOLCHAIN_GCC_ARM\libmbed.a(ticker_api.o)
                0x00007f84                ticker_irq_handler
 .text.ticker_insert_event
                0x00007fd0       0x48 C:\Users\Christopher\Documents\EE 192\CODE\workspace.kds\Skeleton_World\mbed\TARGET_K64F\TOOLCHAIN_GCC_ARM\libmbed.a(ticker_api.o)
                0x00007fd0                ticker_insert_event
 .text.ticker_remove_event
                0x00008018       0x48 C:\Users\Christopher\Documents\EE 192\CODE\workspace.kds\Skeleton_World\mbed\TARGET_K64F\TOOLCHAIN_GCC_ARM\libmbed.a(ticker_api.o)
                0x00008018                ticker_remove_event
 .text.ticker_read
                0x00008060        0x8 C:\Users\Christopher\Documents\EE 192\CODE\workspace.kds\Skeleton_World\mbed\TARGET_K64F\TOOLCHAIN_GCC_ARM\libmbed.a(ticker_api.o)
                0x00008060                ticker_read
 .text.get_us_ticker_data
                0x00008068        0x8 C:\Users\Christopher\Documents\EE 192\CODE\workspace.kds\Skeleton_World\mbed\TARGET_K64F\TOOLCHAIN_GCC_ARM\libmbed.a(us_ticker_api.o)
                0x00008068                get_us_ticker_data
 .text.us_ticker_irq_handler
                0x00008070        0xc C:\Users\Christopher\Documents\EE 192\CODE\workspace.kds\Skeleton_World\mbed\TARGET_K64F\TOOLCHAIN_GCC_ARM\libmbed.a(us_ticker_api.o)
                0x00008070                us_ticker_irq_handler
 .text.wait_us  0x0000807c       0x18 C:\Users\Christopher\Documents\EE 192\CODE\workspace.kds\Skeleton_World\mbed\TARGET_K64F\TOOLCHAIN_GCC_ARM\libmbed.a(wait_api.o)
                0x0000807c                wait_us
 .text.wait_ms  0x00008094        0xc C:\Users\Christopher\Documents\EE 192\CODE\workspace.kds\Skeleton_World\mbed\TARGET_K64F\TOOLCHAIN_GCC_ARM\libmbed.a(wait_api.o)
                0x00008094                wait_ms
 .text.unlikely.ADC16_GetInstance.part.0
                0x000080a0       0x1c C:\Users\Christopher\Documents\EE 192\CODE\workspace.kds\Skeleton_World\mbed\TARGET_K64F\TOOLCHAIN_GCC_ARM\libmbed.a(fsl_adc16.o)
 .text.ADC16_Init
                0x000080bc       0xec C:\Users\Christopher\Documents\EE 192\CODE\workspace.kds\Skeleton_World\mbed\TARGET_K64F\TOOLCHAIN_GCC_ARM\libmbed.a(fsl_adc16.o)
                0x000080bc                ADC16_Init
 .text.ADC16_GetDefaultConfig
                0x000081a8       0x38 C:\Users\Christopher\Documents\EE 192\CODE\workspace.kds\Skeleton_World\mbed\TARGET_K64F\TOOLCHAIN_GCC_ARM\libmbed.a(fsl_adc16.o)
                0x000081a8                ADC16_GetDefaultConfig
 .text.ADC16_SetChannelMuxMode
                0x000081e0       0x14 C:\Users\Christopher\Documents\EE 192\CODE\workspace.kds\Skeleton_World\mbed\TARGET_K64F\TOOLCHAIN_GCC_ARM\libmbed.a(fsl_adc16.o)
                0x000081e0                ADC16_SetChannelMuxMode
 .text.ADC16_SetHardwareAverage
                0x000081f4       0x18 C:\Users\Christopher\Documents\EE 192\CODE\workspace.kds\Skeleton_World\mbed\TARGET_K64F\TOOLCHAIN_GCC_ARM\libmbed.a(fsl_adc16.o)
                0x000081f4                ADC16_SetHardwareAverage
 .text.unlikely.FTM_GetInstance.part.0
                0x0000820c       0x1c C:\Users\Christopher\Documents\EE 192\CODE\workspace.kds\Skeleton_World\mbed\TARGET_K64F\TOOLCHAIN_GCC_ARM\libmbed.a(fsl_ftm.o)
 .text.FTM_Init
                0x00008228      0x250 C:\Users\Christopher\Documents\EE 192\CODE\workspace.kds\Skeleton_World\mbed\TARGET_K64F\TOOLCHAIN_GCC_ARM\libmbed.a(fsl_ftm.o)
                0x00008228                FTM_Init
 .text.FTM_GetDefaultConfig
                0x00008478       0x40 C:\Users\Christopher\Documents\EE 192\CODE\workspace.kds\Skeleton_World\mbed\TARGET_K64F\TOOLCHAIN_GCC_ARM\libmbed.a(fsl_ftm.o)
                0x00008478                FTM_GetDefaultConfig
 .text.FTM_SetupPwm
                0x000084b8      0x1e0 C:\Users\Christopher\Documents\EE 192\CODE\workspace.kds\Skeleton_World\mbed\TARGET_K64F\TOOLCHAIN_GCC_ARM\libmbed.a(fsl_ftm.o)
                0x000084b8                FTM_SetupPwm
 .text.UART_GetInstance
                0x00008698       0x34 C:\Users\Christopher\Documents\EE 192\CODE\workspace.kds\Skeleton_World\mbed\TARGET_K64F\TOOLCHAIN_GCC_ARM\libmbed.a(fsl_uart.o)
                0x00008698                UART_GetInstance
 .text.UART_Init
                0x000086cc      0x144 C:\Users\Christopher\Documents\EE 192\CODE\workspace.kds\Skeleton_World\mbed\TARGET_K64F\TOOLCHAIN_GCC_ARM\libmbed.a(fsl_uart.o)