Archive member included because of file (symbol)

C:\Users\Christopher\Documents\EE 192\CODE\workspace.kds\Skeleton_World\mbed\TARGET_K64F\TOOLCHAIN_GCC_ARM\libmbed.a(crc.o)
                              ..\mbed\TARGET_K64F\TOOLCHAIN_GCC_ARM\mbed_overrides.o (crcSlow)
C:\Users\Christopher\Documents\EE 192\CODE\workspace.kds\Skeleton_World\mbed\TARGET_K64F\TOOLCHAIN_GCC_ARM\libmbed.a(fsl_clock_config.o)
                              ..\mbed\TARGET_K64F\TOOLCHAIN_GCC_ARM\mbed_overrides.o (BOARD_BootClockRUN)
C:\Users\Christopher\Documents\EE 192\CODE\workspace.kds\Skeleton_World\mbed\TARGET_K64F\TOOLCHAIN_GCC_ARM\libmbed.a(fsl_common.o)
                              ..\mbed\TARGET_K64F\TOOLCHAIN_GCC_ARM\cmsis_nvic.o (InstallIRQHandler)
C:\Users\Christopher\Documents\EE 192\CODE\workspace.kds\Skeleton_World\mbed\TARGET_K64F\TOOLCHAIN_GCC_ARM\libmbed.a(fsl_clock.o)
                              C:\Users\Christopher\Documents\EE 192\CODE\workspace.kds\Skeleton_World\mbed\TARGET_K64F\TOOLCHAIN_GCC_ARM\libmbed.a(fsl_clock_config.o) (g_xtal0Freq)
C:\Users\Christopher\Documents\EE 192\CODE\workspace.kds\Skeleton_World\mbed\TARGET_K64F\TOOLCHAIN_GCC_ARM\libmbed.a(fsl_smc.o)
                              C:\Users\Christopher\Documents\EE 192\CODE\workspace.kds\Skeleton_World\mbed\TARGET_K64F\TOOLCHAIN_GCC_ARM\libmbed.a(fsl_clock_config.o) (SMC_SetPowerModeVlpr)
C:\Users\Christopher\Documents\EE 192\CODE\workspace.kds\Skeleton_World\mbed\TARGET_K64F\TOOLCHAIN_GCC_ARM\libmbed.a(pwmout_api.o)
                              main.o (pwmout_init)
C:\Users\Christopher\Documents\EE 192\CODE\workspace.kds\Skeleton_World\mbed\TARGET_K64F\TOOLCHAIN_GCC_ARM\libmbed.a(serial_api.o)
                              ..\mbed\TARGET_K64F\TOOLCHAIN_GCC_ARM\retarget.o (serial_init)
C:\Users\Christopher\Documents\EE 192\CODE\workspace.kds\Skeleton_World\mbed\TARGET_K64F\TOOLCHAIN_GCC_ARM\libmbed.a(analogin_api.o)
                              main.o (analogin_init)
C:\Users\Christopher\Documents\EE 192\CODE\workspace.kds\Skeleton_World\mbed\TARGET_K64F\TOOLCHAIN_GCC_ARM\libmbed.a(pinmap.o)
                              C:\Users\Christopher\Documents\EE 192\CODE\workspace.kds\Skeleton_World\mbed\TARGET_K64F\TOOLCHAIN_GCC_ARM\libmbed.a(serial_api.o) (pin_mode)
C:\Users\Christopher\Documents\EE 192\CODE\workspace.kds\Skeleton_World\mbed\TARGET_K64F\TOOLCHAIN_GCC_ARM\libmbed.a(FilePath.o)
                              ..\mbed\TARGET_K64F\TOOLCHAIN_GCC_ARM\retarget.o (mbed::FilePath::FilePath(char const*))
C:\Users\Christopher\Documents\EE 192\CODE\workspace.kds\Skeleton_World\mbed\TARGET_K64F\TOOLCHAIN_GCC_ARM\libmbed.a(FileSystemLike.o)
                              ..\mbed\TARGET_K64F\TOOLCHAIN_GCC_ARM\retarget.o (mbed::FileSystemLike::opendir())
C:\Users\Christopher\Documents\EE 192\CODE\workspace.kds\Skeleton_World\mbed\TARGET_K64F\TOOLCHAIN_GCC_ARM\libmbed.a(InterruptIn.o)
                              main.o (mbed::InterruptIn::~InterruptIn())
C:\Users\Christopher\Documents\EE 192\CODE\workspace.kds\Skeleton_World\mbed\TARGET_K64F\TOOLCHAIN_GCC_ARM\libmbed.a(Serial.o)
                              MODSERIAL\MODSERIAL.o (mbed::Serial::Serial(PinName, PinName, char const*))
C:\Users\Christopher\Documents\EE 192\CODE\workspace.kds\Skeleton_World\mbed\TARGET_K64F\TOOLCHAIN_GCC_ARM\libmbed.a(SerialBase.o)
                              C:\Users\Christopher\Documents\EE 192\CODE\workspace.kds\Skeleton_World\mbed\TARGET_K64F\TOOLCHAIN_GCC_ARM\libmbed.a(Serial.o) (mbed::SerialBase::SerialBase(PinName, PinName))
C:\Users\Christopher\Documents\EE 192\CODE\workspace.kds\Skeleton_World\mbed\TARGET_K64F\TOOLCHAIN_GCC_ARM\libmbed.a(Ticker.o)
                              main.o (mbed::Ticker::detach())
C:\Users\Christopher\Documents\EE 192\CODE\workspace.kds\Skeleton_World\mbed\TARGET_K64F\TOOLCHAIN_GCC_ARM\libmbed.a(Stream.o)
                              MODSERIAL\MODSERIAL.o (mbed::Stream::close())
C:\Users\Christopher\Documents\EE 192\CODE\workspace.kds\Skeleton_World\mbed\TARGET_K64F\TOOLCHAIN_GCC_ARM\libmbed.a(assert.o)
                              main.o (mbed_assert_internal)
C:\Users\Christopher\Documents\EE 192\CODE\workspace.kds\Skeleton_World\mbed\TARGET_K64F\TOOLCHAIN_GCC_ARM\libmbed.a(Timer.o)
                              main.o (mbed::Timer::Timer())
C:\Users\Christopher\Documents\EE 192\CODE\workspace.kds\Skeleton_World\mbed\TARGET_K64F\TOOLCHAIN_GCC_ARM\libmbed.a(TimerEvent.o)
                              main.o (mbed::TimerEvent::TimerEvent())
C:\Users\Christopher\Documents\EE 192\CODE\workspace.kds\Skeleton_World\mbed\TARGET_K64F\TOOLCHAIN_GCC_ARM\libmbed.a(error.o)
                              mbed-rtos\rtx\TARGET_CORTEX_M\RTX_Conf_CM.o (error)
C:\Users\Christopher\Documents\EE 192\CODE\workspace.kds\Skeleton_World\mbed\TARGET_K64F\TOOLCHAIN_GCC_ARM\libmbed.a(gpio.o)
                              main.o (gpio_init_in)
[...]
Memory Configuration

Name             Origin             Length             Attributes
m_interrupts     0x00000000         0x00000400         xr
m_flash_config   0x00000400         0x00000010         xr
m_text           0x00000410         0x000ffbf0         xr
m_data           0x1fff0000         0x00010000         rw
m_data_2         0x20000000         0x00030000         rw
*default*        0x00000000         0xffffffff

Linker script and memory map

LOAD c:/freescale/kds_v3/toolchain/bin/../lib/gcc/arm-none-eabi/4.8.4/armv7e-m/softfp/crti.o
LOAD c:/freescale/kds_v3/toolchain/bin/../lib/gcc/arm-none-eabi/4.8.4/armv7e-m/softfp/crtbegin.o
LOAD c:/freescale/kds_v3/toolchain/bin/../lib/gcc/arm-none-eabi/4.8.4/../../../../arm-none-eabi/lib/armv7e-m/softfp/crt0.o
LOAD telemetry-pub-deployment\server-cpp\telemetry.o
LOAD telemetry-pub-deployment\server-cpp\telemetry-mbed-hal.o
LOAD telemetry-pub-deployment\server-cpp\telemetry-data.o
LOAD telemetry-pub-deployment\server-cpp\telemetry-arduino-hal.o
LOAD telemetry-pub-deployment\server-cpp\protocol.o
LOAD telemetry-pub-deployment\server-cpp\packet.o
LOAD mbed-rtos\rtx\TARGET_CORTEX_M\rt_Timer.o
LOAD mbed-rtos\rtx\TARGET_CORTEX_M\rt_Time.o
LOAD mbed-rtos\rtx\TARGET_CORTEX_M\rt_Task.o
LOAD mbed-rtos\rtx\TARGET_CORTEX_M\rt_System.o
LOAD mbed-rtos\rtx\TARGET_CORTEX_M\rt_Semaphore.o
LOAD mbed-rtos\rtx\TARGET_CORTEX_M\rt_Robin.o
LOAD mbed-rtos\rtx\TARGET_CORTEX_M\rt_Mutex.o
LOAD mbed-rtos\rtx\TARGET_CORTEX_M\rt_Memory.o
LOAD mbed-rtos\rtx\TARGET_CORTEX_M\rt_MemBox.o
LOAD mbed-rtos\rtx\TARGET_CORTEX_M\rt_Mailbox.o
LOAD mbed-rtos\rtx\TARGET_CORTEX_M\rt_List.o
LOAD mbed-rtos\rtx\TARGET_CORTEX_M\rt_Event.o
LOAD mbed-rtos\rtx\TARGET_CORTEX_M\rt_CMSIS.o
LOAD mbed-rtos\rtx\TARGET_CORTEX_M\TARGET_RTOS_M4_M7\TOOLCHAIN_GCC\SVC_Table.o
LOAD mbed-rtos\rtx\TARGET_CORTEX_M\TARGET_RTOS_M4_M7\TOOLCHAIN_GCC\HAL_CM4.o
LOAD mbed-rtos\rtx\TARGET_CORTEX_M\RTX_Conf_CM.o
LOAD mbed-rtos\rtx\TARGET_CORTEX_M\HAL_CM.o
LOAD mbed-rtos\rtos\rtos_idle.o
LOAD mbed-rtos\rtos\Thread.o
LOAD mbed-rtos\rtos\Semaphore.o
LOAD mbed-rtos\rtos\RtosTimer.o
LOAD mbed-rtos\rtos\Mutex.o
LOAD main.o
LOAD MODSERIAL\example3b.o
LOAD MODSERIAL\example3a.o
LOAD MODSERIAL\example2.o
LOAD MODSERIAL\example1.o
LOAD MODSERIAL\RESIZE.o
LOAD MODSERIAL\PUTC.o
LOAD MODSERIAL\MODSERIAL_IRQ_INFO.o
LOAD MODSERIAL\MODSERIAL.o
LOAD MODSERIAL\ISR_TX.o
LOAD MODSERIAL\ISR_RX.o
LOAD MODSERIAL\INIT.o
LOAD MODSERIAL\GETC.o
LOAD MODSERIAL\FLUSH.o
LOAD MODSERIAL\Device\MODSERIAL_PAC_F401RB.o
LOAD MODSERIAL\Device\MODSERIAL_NUCLEO_F401RE.o
LOAD MODSERIAL\Device\MODSERIAL_LPC1768.o
LOAD MODSERIAL\Device\MODSERIAL_LPC11U24.o
LOAD MODSERIAL\Device\MODSERIAL_KSDK.o
LOAD MODSERIAL\Device\MODSERIAL_KL25Z.o
LOAD MODSERIAL\Device\MODSERIAL_KL05Z.o
LOAD MODSERIAL\ChangeLog.o
LOAD ..\mbed\TARGET_K64F\TOOLCHAIN_GCC_ARM\board.o
LOAD ..\mbed\TARGET_K64F\TOOLCHAIN_GCC_ARM\cmsis_nvic.o
LOAD ..\mbed\TARGET_K64F\TOOLCHAIN_GCC_ARM\mbed_overrides.o
LOAD ..\mbed\TARGET_K64F\TOOLCHAIN_GCC_ARM\retarget.o
LOAD ..\mbed\TARGET_K64F\TOOLCHAIN_GCC_ARM\startup_MK64F12.o
LOAD ..\mbed\TARGET_K64F\TOOLCHAIN_GCC_ARM\system_MK64F12.o
LOAD C:\Users\Christopher\Documents\EE 192\CODE\workspace.kds\Skeleton_World\mbed\TARGET_K64F\TOOLCHAIN_GCC_ARM\libmbed.a
LOAD c:/freescale/kds_v3/toolchain/bin/../lib/gcc/arm-none-eabi/4.8.4/../../../../arm-none-eabi/lib/armv7e-m/softfp\libstdc++.a
LOAD c:/freescale/kds_v3/toolchain/bin/../lib/gcc/arm-none-eabi/4.8.4/../../../../arm-none-eabi/lib/armv7e-m/softfp\libm.a
START GROUP
LOAD c:/freescale/kds_v3/toolchain/bin/../lib/gcc/arm-none-eabi/4.8.4/armv7e-m/softfp\libgcc.a
LOAD c:/freescale/kds_v3/toolchain/bin/../lib/gcc/arm-none-eabi/4.8.4/../../../../arm-none-eabi/lib/armv7e-m/softfp\libg.a
LOAD c:/freescale/kds_v3/toolchain/bin/../lib/gcc/arm-none-eabi/4.8.4/../../../../arm-none-eabi/lib/armv7e-m/softfp\libc.a
END GROUP
START GROUP
LOAD c:/freescale/kds_v3/toolchain/bin/../lib/gcc/arm-none-eabi/4.8.4/armv7e-m/softfp\libgcc.a
LOAD c:/freescale/kds_v3/toolchain/bin/../lib/gcc/arm-none-eabi/4.8.4/../../../../arm-none-eabi/lib/armv7e-m/softfp\libc.a
LOAD c:/freescale/kds_v3/toolchain/bin/../lib/gcc/arm-none-eabi/4.8.4/../../../../arm-none-eabi/lib/armv7e-m/softfp\libnosys.a
END GROUP
LOAD c:/freescale/kds_v3/toolchain/bin/../lib/gcc/arm-none-eabi/4.8.4/armv7e-m/softfp/crtend.o
LOAD c:/freescale/kds_v3/toolchain/bin/../lib/gcc/arm-none-eabi/4.8.4/armv7e-m/softfp/crtn.o
                0x00000001                __ram_vector_table__ = 0x1
                0x00008000                __stack_size__ = 0x8000
                0x00010000                __heap_size__ = 0x10000
                0x00000400                HEAP_SIZE = DEFINED (__heap_size__)?__heap_size__:0x400
                0x00000400                STACK_SIZE = DEFINED (__stack_size__)?__stack_size__:0x400
                0x00000000                M_VECTOR_RAM_SIZE = DEFINED (__ram_vector_table__)?0x400:0x0

.interrupts     0x00000000      0x400
                0x00000000                __VECTOR_TABLE = .
                0x00000000                . = ALIGN (0x4)
 *(.isr_vector)
 .isr_vector    0x00000000      0x400 ..\mbed\TARGET_K64F\TOOLCHAIN_GCC_ARM\startup_MK64F12.o
                0x00000000                __isr_vector
                0x00000400                . = ALIGN (0x4)

.flash_config   0x00000400       0x10
                0x00000400                . = ALIGN (0x4)
 *(.FlashConfig)
 .FlashConfig   0x00000400       0x10 ..\mbed\TARGET_K64F\TOOLCHAIN_GCC_ARM\startup_MK64F12.o
                0x00000410                . = ALIGN (0x4)

.text           0x00000410    0x156c0
                0x00000410                . = ALIGN (0x4)
 *(.text)
 .text          0x00000410       0x54 c:/freescale/kds_v3/toolchain/bin/../lib/gcc/arm-none-eabi/4.8.4/armv7e-m/softfp/crtbegin.o
 .text          0x00000464       0x74 c:/freescale/kds_v3/toolchain/bin/../lib/gcc/arm-none-eabi/4.8.4/../../../../arm-none-eabi/lib/armv7e-m/softfp/crt0.o
                0x00000464                _start
                0x00000464                _mainCRTStartup
 .text          0x000004d8      0x19c mbed-rtos\rtx\TARGET_CORTEX_M\TARGET_RTOS_M4_M7\TOOLCHAIN_GCC\HAL_CM4.o
                0x000004d8                rt_set_PSP
                0x000004de                rt_get_PSP
                0x000004e4                os_set_env
                0x000004fc                _alloc_box
                0x00000518                _free_box
                0x00000534                SVC_Handler
                0x000005e0                PendSV_Handler
                0x000005e6                Sys_Switch
                0x00000640                SysTick_Handler
                0x0000064a                OS_Tick_Handler
 .text          0x00000674      0x1e4 ..\mbed\TARGET_K64F\TOOLCHAIN_GCC_ARM\startup_MK64F12.o
                0x00000674                Reset_Handler
                0x000006b8                DebugMon_Handler
                0x000006b8                PORTC_IRQHandler
                0x000006b8                DMA0_DriverIRQHandler
                0x000006b8                DMA12_DriverIRQHandler
                0x000006b8                MemManage_Handler
                0x000006b8                SPI1_DriverIRQHandler
                0x000006b8                DMA_Error_DriverIRQHandler
                0x000006b8                CMP0_IRQHandler
                0x000006b8                DMA7_DriverIRQHandler
                0x000006b8                I2C0_DriverIRQHandler
                0x000006b8                ENET_Transmit_DriverIRQHandler
                0x000006b8                DMA2_DriverIRQHandler
                0x000006b8                UART1_ERR_DriverIRQHandler
                0x000006b8                SDHC_DriverIRQHandler
                0x000006b8                PIT0_IRQHandler
                0x000006b8                BusFault_Handler
                0x000006b8                CMP2_IRQHandler
                0x000006b8                LLWU_IRQHandler
                0x000006b8                I2S0_Tx_DriverIRQHandler
                0x000006b8                DMA6_DriverIRQHandler
                0x000006b8                LPTMR0_IRQHandler
                0x000006b8                FTM2_IRQHandler
                0x000006b8                PORTE_IRQHandler
                0x000006b8                ENET_1588_Timer_DriverIRQHandler
                0x000006b8                I2C2_DriverIRQHandler
                0x000006b8                SWI_IRQHandler
                0x000006b8                ADC0_IRQHandler
                0x000006b8                UsageFault_Handler
                0x000006b8                FTM3_IRQHandler
                0x000006b8                CMT_IRQHandler
                0x000006b8                CAN0_DriverIRQHandler
                0x000006b8                MCM_IRQHandler
                0x000006b8                DefaultISR
                0x000006b8                DAC1_IRQHandler
                0x000006b8                UART5_ERR_DriverIRQHandler
                0x000006b8                PORTA_IRQHandler
                0x000006b8                DMA11_DriverIRQHandler
                0x000006b8                CMP1_IRQHandler
                0x000006b8                Reserved71_IRQHandler
                0x000006b8                PORTD_IRQHandler
                0x000006b8                PORTB_IRQHandler
                0x000006b8                DMA10_DriverIRQHandler
                0x000006b8                FTM0_IRQHandler
                0x000006b8                UART2_ERR_DriverIRQHandler
                0x000006b8                SPI2_DriverIRQHandler
                0x000006b8                ADC1_IRQHandler
                0x000006b8                DMA5_DriverIRQHandler
                0x000006b8                DMA4_DriverIRQHandler
                0x000006b8                LVD_LVW_IRQHandler
                0x000006b8                PIT2_IRQHandler
                0x000006b8                PIT1_IRQHandler
                0x000006b8                SPI0_DriverIRQHandler
                0x000006b8                RTC_IRQHandler
                0x000006b8                UART3_ERR_DriverIRQHandler
                0x000006b8                PDB0_IRQHandler
                0x000006b8                FTFE_IRQHandler
                0x000006b8                FTM1_IRQHandler
                0x000006b8                DMA15_DriverIRQHandler
                0x000006b8                ENET_Error_DriverIRQHandler
                0x000006b8                DMA3_DriverIRQHandler
                0x000006b8                PIT3_IRQHandler
                0x000006b8                DMA13_DriverIRQHandler
                0x000006b8                RTC_Seconds_IRQHandler
                0x000006b8                MCG_IRQHandler
                0x000006b8                WDOG_EWM_IRQHandler
                0x000006b8                DMA9_DriverIRQHandler
                0x000006b8                DMA8_DriverIRQHandler
                0x000006b8                UART0_ERR_DriverIRQHandler
                0x000006b8                DAC0_IRQHandler
                0x000006b8                ENET_Receive_DriverIRQHandler
                0x000006b8                I2C1_DriverIRQHandler
                0x000006b8                Read_Collision_IRQHandler
                0x000006b8                DMA14_DriverIRQHandler
                0x000006b8                UART4_ERR_DriverIRQHandler
                0x000006b8                RNG_IRQHandler
                0x000006b8                USBDCD_IRQHandler
                0x000006b8                I2S0_Rx_DriverIRQHandler
                0x000006b8                USB0_IRQHandler
                0x000006b8                DMA1_DriverIRQHandler
                0x000006b8                UART0_LON_DriverIRQHandler
                0x000006c0                HardFault_Handler
                0x000006d0                DMA0_IRQHandler
                0x000006d4                DMA1_IRQHandler
                0x000006d8                DMA2_IRQHandler
                0x000006dc                DMA3_IRQHandler
                0x000006e0                DMA4_IRQHandler
                0x000006e4                DMA5_IRQHandler
                0x000006e8                DMA6_IRQHandler
                0x000006ec                DMA7_IRQHandler
                0x000006f0                DMA8_IRQHandler
                0x000006f4                DMA9_IRQHandler
                0x000006f8                DMA10_IRQHandler
                0x000006fc                DMA11_IRQHandler
                0x00000700                DMA12_IRQHandler
                0x00000704                DMA13_IRQHandler
                0x00000708                DMA14_IRQHandler
                0x0000070c                DMA15_IRQHandler
                0x00000710                DMA_Error_IRQHandler
                0x00000714                I2C0_IRQHandler
                0x00000718                I2C1_IRQHandler
                0x0000071c                SPI0_IRQHandler
                0x00000720                SPI1_IRQHandler
                0x00000724                I2S0_Tx_IRQHandler
                0x00000728                I2S0_Rx_IRQHandler
                0x0000072c                UART0_LON_IRQHandler
                0x00000730                UART0_RX_TX_IRQHandler
                0x00000734                UART0_ERR_IRQHandler
                0x00000738                UART1_RX_TX_IRQHandler
                0x0000073c                UART1_ERR_IRQHandler
                0x00000740                UART2_RX_TX_IRQHandler
                0x00000744                UART2_ERR_IRQHandler
                0x00000748                UART3_RX_TX_IRQHandler
                0x0000074c                UART3_ERR_IRQHandler
                0x00000750                SPI2_IRQHandler
                0x00000754                UART4_RX_TX_IRQHandler
                0x00000758                UART4_ERR_IRQHandler
                0x0000075c                UART5_RX_TX_IRQHandler
                0x00000760                UART5_ERR_IRQHandler
                0x00000764                I2C2_IRQHandler
                0x00000768                CAN0_ORed_Message_buffer_IRQHandler
                0x0000076c                CAN0_Bus_Off_IRQHandler
                0x00000770                CAN0_Error_IRQHandler
                0x00000774                CAN0_Tx_Warning_IRQHandler
                0x00000778                CAN0_Rx_Warning_IRQHandler
                0x0000077c                CAN0_Wake_Up_IRQHandler
                0x00000780                SDHC_IRQHandler
                0x00000784                ENET_1588_Timer_IRQHandler
                0x00000788                ENET_Transmit_IRQHandler
                0x0000078c                ENET_Receive_IRQHandler
                0x00000790                ENET_Error_IRQHandler
 .text          0x00000858      0x370 c:/freescale/kds_v3/toolchain/bin/../lib/gcc/arm-none-eabi/4.8.4/armv7e-m/softfp\libgcc.a(_arm_addsubdf3.o)
                0x00000858                __aeabi_drsub
                0x00000860                __aeabi_dsub
                0x00000860                __subdf3
                0x00000864                __aeabi_dadd
                0x00000864                __adddf3
                0x00000adc                __floatunsidf
                0x00000adc                __aeabi_ui2d
                0x00000afc                __floatsidf
                0x00000afc                __aeabi_i2d
                0x00000b20                __aeabi_f2d
                0x00000b20                __extendsfdf2
                0x00000b5c                __floatundidf
                0x00000b5c                __aeabi_ul2d
                0x00000b6c                __floatdidf
                0x00000b6c                __aeabi_l2d
 .text          0x00000bc8      0x424 c:/freescale/kds_v3/toolchain/bin/../lib/gcc/arm-none-eabi/4.8.4/armv7e-m/softfp\libgcc.a(_arm_muldivdf3.o)
                0x00000bc8                __aeabi_dmul
                0x00000bc8                __muldf3
                0x00000e1c                __divdf3
                0x00000e1c                __aeabi_ddiv
 .text          0x00000fec       0xa0 c:/freescale/kds_v3/toolchain/bin/../lib/gcc/arm-none-eabi/4.8.4/armv7e-m/softfp\libgcc.a(_arm_truncdfsf2.o)
                0x00000fec                __truncdfsf2
                0x00000fec                __aeabi_d2f
 .text          0x0000108c       0x2c c:/freescale/kds_v3/toolchain/bin/../lib/gcc/arm-none-eabi/4.8.4/armv7e-m/softfp\libgcc.a(_aeabi_uldivmod.o)
                0x0000108c                __aeabi_uldivmod
 .text          0x000010b8       0x60 c:/freescale/kds_v3/toolchain/bin/../lib/gcc/arm-none-eabi/4.8.4/armv7e-m/softfp\libgcc.a(bpabi.o)
                0x000010b8                __gnu_ldivmod_helper
                0x000010e8                __gnu_uldivmod_helper
 .text          0x00001118        0x4 c:/freescale/kds_v3/toolchain/bin/../lib/gcc/arm-none-eabi/4.8.4/armv7e-m/softfp\libgcc.a(_dvmd_tls.o)
                0x00001118                __aeabi_idiv0
                0x00001118                __aeabi_ldiv0
 .text          0x0000111c      0x298 c:/freescale/kds_v3/toolchain/bin/../lib/gcc/arm-none-eabi/4.8.4/armv7e-m/softfp\libgcc.a(_divdi3.o)
                0x0000111c                __divdi3
 .text          0x000013b4      0x284 c:/freescale/kds_v3/toolchain/bin/../lib/gcc/arm-none-eabi/4.8.4/armv7e-m/softfp\libgcc.a(_udivdi3.o)
                0x000013b4                __udivdi3
 .text          0x00001638      0x134 c:/freescale/kds_v3/toolchain/bin/../lib/gcc/arm-none-eabi/4.8.4/../../../../arm-none-eabi/lib/armv7e-m/softfp\libg.a(lib_a-memcpy.o)
                0x00001638                memcpy
 .text          0x0000176c      0x21c c:/freescale/kds_v3/toolchain/bin/../lib/gcc/arm-none-eabi/4.8.4/../../../../arm-none-eabi/lib/armv7e-m/softfp\libg.a(lib_a-strcmp.o)
                0x0000176c                strcmp
 .text          0x00001988      0x110 c:/freescale/kds_v3/toolchain/bin/../lib/gcc/arm-none-eabi/4.8.4/armv7e-m/softfp\libgcc.a(_arm_cmpdf2.o)
                0x00001988                __gtdf2
                0x00001988                __gedf2
                0x00001990                __ltdf2
                0x00001990                __ledf2
                0x00001998                __nedf2
                0x00001998                __eqdf2
                0x00001998                __cmpdf2
                0x00001a14                __aeabi_cdrcmple
                0x00001a24                __aeabi_cdcmpeq
                0x00001a24                __aeabi_cdcmple
                0x00001a34                __aeabi_dcmpeq
                0x00001a48                __aeabi_dcmplt
                0x00001a5c                __aeabi_dcmple
                0x00001a70                __aeabi_dcmpge
                0x00001a84                __aeabi_dcmpgt
 .text          0x00001a98       0x50 c:/freescale/kds_v3/toolchain/bin/../lib/gcc/arm-none-eabi/4.8.4/armv7e-m/softfp\libgcc.a(_arm_fixdfsi.o)
                0x00001a98                __aeabi_d2iz
                0x00001a98                __fixdfsi
 .text          0x00001ae8       0x40 c:/freescale/kds_v3/toolchain/bin/../lib/gcc/arm-none-eabi/4.8.4/armv7e-m/softfp\libgcc.a(_arm_fixunsdfsi.o)
                0x00001ae8                __aeabi_d2uiz
                0x00001ae8                __fixunsdfsi
 *(.text*)
 .text._ZN9telemetry14TransmitPacketD2Ev
                0x00001b28       0x28 telemetry-pub-deployment\server-cpp\telemetry.o
                0x00001b28                telemetry::TransmitPacket::~TransmitPacket()
                0x00001b28                telemetry::TransmitPacket::~TransmitPacket()
 .text._ZN9telemetry14TransmitPacketD0Ev
                0x00001b50       0x20 telemetry-pub-deployment\server-cpp\telemetry.o
                0x00001b50                telemetry::TransmitPacket::~TransmitPacket()
 .text._ZN9telemetry9Telemetry8do_errorEPKc
                0x00001b70       0x24 telemetry-pub-deployment\server-cpp\telemetry.o
                0x00001b70                telemetry::Telemetry::do_error(char const*)
 .text._ZN9telemetry9Telemetry8add_dataERNS_4DataE
                0x00001b94       0x70 telemetry-pub-deployment\server-cpp\telemetry.o
                0x00001b94                telemetry::Telemetry::add_data(telemetry::Data&)
 .text._ZN9telemetry9Telemetry17mark_data_updatedEj
                0x00001c04       0x20 telemetry-pub-deployment\server-cpp\telemetry.o
                0x00001c04                telemetry::Telemetry::mark_data_updated(unsigned int)
 .text._ZN9telemetry9Telemetry15transmit_headerEv
                0x00001c24      0x168 telemetry-pub-deployment\server-cpp\telemetry.o
                0x00001c24                telemetry::Telemetry::transmit_header()
 .text._ZN9telemetry9Telemetry5do_ioEv
                0x00001d8c       0x1c telemetry-pub-deployment\server-cpp\telemetry.o
                0x00001d8c                telemetry::Telemetry::do_io()
 .text._ZN9telemetry9Telemetry13transmit_dataEv
                0x00001da8      0x164 telemetry-pub-deployment\server-cpp\telemetry.o
                0x00001da8                telemetry::Telemetry::transmit_data()
 .text._ZN9telemetry9Telemetry21process_received_dataEv
                0x00001f0c      0x268 telemetry-pub-deployment\server-cpp\telemetry.o
                0x00001f0c                telemetry::Telemetry::process_received_data()
 .text._ZN9telemetry9Telemetry23process_received_packetEv
                0x00002174       0xb0 telemetry-pub-deployment\server-cpp\telemetry.o
                0x00002174                telemetry::Telemetry::process_received_packet()
 .text._ZN9telemetry5QueueIhLj256EE7enqueueERKh
                0x00002224       0x68 telemetry-pub-deployment\server-cpp\telemetry.o
                0x00002224                telemetry::Queue<unsigned char, 256u>::enqueue(unsigned char const&)
 .text._ZNK9telemetry5QueueIhLj256EE4fullEv
                0x0000228c       0x74 telemetry-pub-deployment\server-cpp\telemetry.o
                0x0000228c                telemetry::Queue<unsigned char, 256u>::full() const
 .text._ZN9telemetry25FixedLengthTransmitPacketD2Ev
                0x00002300       0x30 telemetry-pub-deployment\server-cpp\telemetry.o
                0x00002300                telemetry::FixedLengthTransmitPacket::~FixedLengthTransmitPacket()
                0x00002300                telemetry::FixedLengthTransmitPacket::~FixedLengthTransmitPacket()
 .text._ZN9telemetry25FixedLengthTransmitPacketD0Ev
                0x00002330       0x20 telemetry-pub-deployment\server-cpp\telemetry.o
                0x00002330                telemetry::FixedLengthTransmitPacket::~FixedLengthTransmitPacket()
 .text._ZN3AjK9MODSERIAL16rxBufferGetCountEv
                0x00002350       0x1c telemetry-pub-deployment\server-cpp\telemetry-mbed-hal.o
                0x00002350                AjK::MODSERIAL::rxBufferGetCount()
 .text._ZN3AjK9MODSERIAL4getcEv
                0x0000236c       0x1c telemetry-pub-deployment\server-cpp\telemetry-mbed-hal.o
                0x0000236c                AjK::MODSERIAL::getc()
 .text._ZN9telemetry12HalInterfaceD2Ev
                0x00002388       0x28 telemetry-pub-deployment\server-cpp\telemetry-mbed-hal.o
                0x00002388                telemetry::HalInterface::~HalInterface()
                0x00002388                telemetry::HalInterface::~HalInterface()
 .text._ZN9telemetry12HalInterfaceD0Ev
                0x000023b0       0x20 telemetry-pub-deployment\server-cpp\telemetry-mbed-hal.o
                0x000023b0                telemetry::HalInterface::~HalInterface()
 .text._ZN9telemetry7MbedHal13transmit_byteEh
                0x000023d0       0x2c telemetry-pub-deployment\server-cpp\telemetry-mbed-hal.o
                0x000023d0                telemetry::MbedHal::transmit_byte(unsigned char)
 .text._ZN9telemetry7MbedHal12rx_availableEv
                0x000023fc       0x28 telemetry-pub-deployment\server-cpp\telemetry-mbed-hal.o
                0x000023fc                telemetry::MbedHal::rx_available()
 .text._ZN9telemetry7MbedHal12receive_byteEv
                0x00002424       0x2c telemetry-pub-deployment\server-cpp\telemetry-mbed-hal.o
                0x00002424                telemetry::MbedHal::receive_byte()
 .text._ZN9telemetry7MbedHal8do_errorEPKc
                0x00002450       0x38 telemetry-pub-deployment\server-cpp\telemetry-mbed-hal.o
                0x00002450                telemetry::MbedHal::do_error(char const*)
 .text._ZN9telemetry7MbedHal11get_time_msEv
                0x00002488       0x1c telemetry-pub-deployment\server-cpp\telemetry-mbed-hal.o
                0x00002488                telemetry::MbedHal::get_time_ms()
 .text._ZN9telemetry7MbedHalD2Ev
                0x000024a4       0x30 telemetry-pub-deployment\server-cpp\telemetry-mbed-hal.o
                0x000024a4                telemetry::MbedHal::~MbedHal()
                0x000024a4                telemetry::MbedHal::~MbedHal()
 .text._ZN9telemetry7MbedHalD0Ev
                0x000024d4       0x20 telemetry-pub-deployment\server-cpp\telemetry-mbed-hal.o
                0x000024d4                telemetry::MbedHal::~MbedHal()
 .text._ZN9telemetry4DataD2Ev
                0x000024f4       0x28 telemetry-pub-deployment\server-cpp\telemetry-data.o
                0x000024f4                telemetry::Data::~Data()
                0x000024f4                telemetry::Data::~Data()
 .text._ZN9telemetry4DataD0Ev
                0x0000251c       0x20 telemetry-pub-deployment\server-cpp\telemetry-data.o
                0x0000251c                telemetry::Data::~Data()
 .text._ZN9telemetry19packet_write_stringERNS_14TransmitPacketEPKc
                0x0000253c       0x44 telemetry-pub-deployment\server-cpp\telemetry-data.o
                0x0000253c                telemetry::packet_write_string(telemetry::TransmitPacket&, char const*)
 .text._ZN9telemetry4Data22get_header_kvrs_lengthEv
                0x00002580       0x3c telemetry-pub-deployment\server-cpp\telemetry-data.o
                0x00002580                telemetry::Data::get_header_kvrs_length()
 .text._ZN9telemetry4Data17write_header_kvrsERNS_14TransmitPacketE
                0x000025bc       0x60 telemetry-pub-deployment\server-cpp\telemetry-data.o
                0x000025bc                telemetry::Data::write_header_kvrs(telemetry::TransmitPacket&)
 .text._ZN9telemetry8protocol15numeric_subtypeItEEhv
                0x0000261c       0x10 telemetry-pub-deployment\server-cpp\protocol.o
                0x0000261c                unsigned char telemetry::protocol::numeric_subtype<unsigned short>()
 .text._ZN9telemetry8protocol15numeric_subtypeImEEhv
                0x0000262c       0x10 telemetry-pub-deployment\server-cpp\protocol.o
                0x0000262c                unsigned char telemetry::protocol::numeric_subtype<unsigned long>()
 .text._ZN9telemetry8protocol15numeric_subtypeIfEEhv
                0x0000263c       0x10 telemetry-pub-deployment\server-cpp\protocol.o
                0x0000263c                unsigned char telemetry::protocol::numeric_subtype<float>()
 .text._ZN9telemetry8internal9pkt_writeItEEvRNS_14TransmitPacketET_
                0x0000264c       0x24 telemetry-pub-deployment\server-cpp\packet.o
                0x0000264c                void telemetry::internal::pkt_write<unsigned short>(telemetry::TransmitPacket&, unsigned short)
 .text._ZN9telemetry8internal9pkt_writeImEEvRNS_14TransmitPacketET_
                0x00002670       0x20 telemetry-pub-deployment\server-cpp\packet.o
                0x00002670                void telemetry::internal::pkt_write<unsigned long>(telemetry::TransmitPacket&, unsigned long)
 .text._ZN9telemetry8internal9pkt_writeIfEEvRNS_14TransmitPacketET_
                0x00002690       0x20 telemetry-pub-deployment\server-cpp\packet.o
                0x00002690                void telemetry::internal::pkt_write<float>(telemetry::TransmitPacket&, float)
 .text._ZN9telemetry8internal8buf_readItEET_RNS_19ReceivePacketBufferE
                0x000026b0       0x18 telemetry-pub-deployment\server-cpp\packet.o
                0x000026b0                unsigned short telemetry::internal::buf_read<unsigned short>(telemetry::ReceivePacketBuffer&)
 .text._ZN9telemetry8internal8buf_readImEET_RNS_19ReceivePacketBufferE
                0x000026c8       0x18 telemetry-pub-deployment\server-cpp\packet.o
                0x000026c8                unsigned long telemetry::internal::buf_read<unsigned long>(telemetry::ReceivePacketBuffer&)
 .text._ZN9telemetry8internal8buf_readIfEET_RNS_19ReceivePacketBufferE
                0x000026e0       0x18 telemetry-pub-deployment\server-cpp\packet.o
                0x000026e0                float telemetry::internal::buf_read<float>(telemetry::ReceivePacketBuffer&)
 .text._ZN9telemetry14TransmitPacketC2Ev
                0x000026f8       0x20 telemetry-pub-deployment\server-cpp\packet.o
                0x000026f8                telemetry::TransmitPacket::TransmitPacket()
                0x000026f8                telemetry::TransmitPacket::TransmitPacket()
 .text._ZN9telemetry25FixedLengthTransmitPacketC2ERNS_12HalInterfaceEj
                0x00002718       0x94 telemetry-pub-deployment\server-cpp\packet.o
                0x00002718                telemetry::FixedLengthTransmitPacket::FixedLengthTransmitPacket(telemetry::HalInterface&, unsigned int)
                0x00002718                telemetry::FixedLengthTransmitPacket::FixedLengthTransmitPacket(telemetry::HalInterface&, unsigned int)
 .text._ZN9telemetry25FixedLengthTransmitPacket10write_byteEh
                0x000027ac       0xa0 telemetry-pub-deployment\server-cpp\packet.o
                0x000027ac                telemetry::FixedLengthTransmitPacket::write_byte(unsigned char)
 .text._ZN9telemetry25FixedLengthTransmitPacket11write_uint8Eh
                0x0000284c       0x1c telemetry-pub-deployment\server-cpp\packet.o
                0x0000284c                telemetry::FixedLengthTransmitPacket::write_uint8(unsigned char)
 .text._ZN9telemetry25FixedLengthTransmitPacket12write_uint16Et
                0x00002868       0x30 telemetry-pub-deployment\server-cpp\packet.o
                0x00002868                telemetry::FixedLengthTransmitPacket::write_uint16(unsigned short)
 .text._ZN9telemetry25FixedLengthTransmitPacket12write_uint32Em
                0x00002898       0x48 telemetry-pub-deployment\server-cpp\packet.o
                0x00002898                telemetry::FixedLengthTransmitPacket::write_uint32(unsigned long)
 .text._ZN9telemetry25FixedLengthTransmitPacket11write_floatEf
                0x000028e0       0x4c telemetry-pub-deployment\server-cpp\packet.o
                0x000028e0                telemetry::FixedLengthTransmitPacket::write_float(float)
 .text._ZN9telemetry25FixedLengthTransmitPacket6finishEv
                0x0000292c       0x5c telemetry-pub-deployment\server-cpp\packet.o
                0x0000292c                telemetry::FixedLengthTransmitPacket::finish()
 .text._ZN9telemetry19ReceivePacketBufferC2ERNS_12HalInterfaceE
                0x00002988       0x20 telemetry-pub-deployment\server-cpp\packet.o
                0x00002988                telemetry::ReceivePacketBuffer::ReceivePacketBuffer(telemetry::HalInterface&)
                0x00002988                telemetry::ReceivePacketBuffer::ReceivePacketBuffer(telemetry::HalInterface&)
 .text._ZN9telemetry19ReceivePacketBuffer10new_packetEv
                0x000029a8       0x20 telemetry-pub-deployment\server-cpp\packet.o
                0x000029a8                telemetry::ReceivePacketBuffer::new_packet()
 .text._ZN9telemetry19ReceivePacketBuffer8add_byteEh
                0x000029c8       0x4c telemetry-pub-deployment\server-cpp\packet.o
                0x000029c8                telemetry::ReceivePacketBuffer::add_byte(unsigned char)
 .text._ZN9telemetry19ReceivePacketBuffer10read_uint8Ev
                0x00002a14       0x50 telemetry-pub-deployment\server-cpp\packet.o
                0x00002a14                telemetry::ReceivePacketBuffer::read_uint8()
 .text._ZN9telemetry19ReceivePacketBuffer11read_uint16Ev
                0x00002a64       0x68 telemetry-pub-deployment\server-cpp\packet.o
                0x00002a64                telemetry::ReceivePacketBuffer::read_uint16()
 .text._ZN9telemetry19ReceivePacketBuffer11read_uint32Ev
                0x00002acc       0x80 telemetry-pub-deployment\server-cpp\packet.o
                0x00002acc                telemetry::ReceivePacketBuffer::read_uint32()
 .text._ZN9telemetry19ReceivePacketBuffer10read_floatEv
                0x00002b4c       0x9c telemetry-pub-deployment\server-cpp\packet.o
                0x00002b4c                telemetry::ReceivePacketBuffer::read_float()
 .text.rt_svc_init
                0x00002be8       0x7c mbed-rtos\rtx\TARGET_CORTEX_M\rt_Task.o
 .text.rt_get_TID
                0x00002c64       0x48 mbed-rtos\rtx\TARGET_CORTEX_M\rt_Task.o
 .text.rt_init_context
                0x00002cac       0x8c mbed-rtos\rtx\TARGET_CORTEX_M\rt_Task.o
 .text.rt_switch_req
                0x00002d38       0x24 mbed-rtos\rtx\TARGET_CORTEX_M\rt_Task.o
                0x00002d38                rt_switch_req
 .text.rt_dispatch
                0x00002d5c       0x64 mbed-rtos\rtx\TARGET_CORTEX_M\rt_Task.o
                0x00002d5c                rt_dispatch
 .text.rt_block
                0x00002dc0       0x50 mbed-rtos\rtx\TARGET_CORTEX_M\rt_Task.o
                0x00002dc0                rt_block
 .text.rt_tsk_self
                0x00002e10       0x24 mbed-rtos\rtx\TARGET_CORTEX_M\rt_Task.o
                0x00002e10                rt_tsk_self
 .text.rt_tsk_prio
                0x00002e34       0xc8 mbed-rtos\rtx\TARGET_CORTEX_M\rt_Task.o
                0x00002e34                rt_tsk_prio
 .text.rt_tsk_create
                0x00002efc       0x8c mbed-rtos\rtx\TARGET_CORTEX_M\rt_Task.o
                0x00002efc                rt_tsk_create
 .text.rt_tsk_delete
                0x00002f88      0x218 mbed-rtos\rtx\TARGET_CORTEX_M\rt_Task.o
                0x00002f88                rt_tsk_delete
 .text.rt_sys_init
                0x000031a0      0x108 mbed-rtos\rtx\TARGET_CORTEX_M\rt_Task.o
                0x000031a0                rt_sys_init
 .text.rt_sys_start
                0x000032a8       0x50 mbed-rtos\rtx\TARGET_CORTEX_M\rt_Task.o
                0x000032a8                rt_sys_start
 .text.rt_systick_init
                0x000032f8       0x40 mbed-rtos\rtx\TARGET_CORTEX_M\rt_System.o
 .text.rt_psh_req
                0x00003338       0x34 mbed-rtos\rtx\TARGET_CORTEX_M\rt_System.o
                0x00003338                rt_psh_req
 .text.rt_pop_req
                0x0000336c       0xc8 mbed-rtos\rtx\TARGET_CORTEX_M\rt_System.o
                0x0000336c                rt_pop_req
 .text.os_tick_init
                0x00003434       0x10 mbed-rtos\rtx\TARGET_CORTEX_M\rt_System.o
                0x00003434                os_tick_init
 .text.os_tick_irqack
                0x00003444        0xc mbed-rtos\rtx\TARGET_CORTEX_M\rt_System.o
                0x00003444                os_tick_irqack
 .text.rt_systick
                0x00003450       0x50 mbed-rtos\rtx\TARGET_CORTEX_M\rt_System.o
                0x00003450                rt_systick
 .text.rt_stk_check
                0x000034a0       0x3c mbed-rtos\rtx\TARGET_CORTEX_M\rt_System.o
                0x000034a0                rt_stk_check
 .text.rt_sem_psh
                0x000034dc       0x4c mbed-rtos\rtx\TARGET_CORTEX_M\rt_Semaphore.o
                0x000034dc                rt_sem_psh
 .text.rt_init_robin
                0x00003528       0x24 mbed-rtos\rtx\TARGET_CORTEX_M\rt_Robin.o
                0x00003528                rt_init_robin
 .text.rt_chk_robin
                0x0000354c       0x68 mbed-rtos\rtx\TARGET_CORTEX_M\rt_Robin.o
                0x0000354c                rt_chk_robin
 .text._init_box
                0x000035b4       0xb0 mbed-rtos\rtx\TARGET_CORTEX_M\rt_MemBox.o
                0x000035b4                _init_box
 .text.rt_alloc_box
                0x00003664       0x44 mbed-rtos\rtx\TARGET_CORTEX_M\rt_MemBox.o
                0x00003664                rt_alloc_box
 .text.rt_free_box
                0x000036a8       0x54 mbed-rtos\rtx\TARGET_CORTEX_M\rt_MemBox.o
                0x000036a8                rt_free_box
 .text.rt_mbx_init
                0x000036fc       0x50 mbed-rtos\rtx\TARGET_CORTEX_M\rt_Mailbox.o
                0x000036fc                rt_mbx_init
 .text.rt_mbx_wait
                0x0000374c      0x118 mbed-rtos\rtx\TARGET_CORTEX_M\rt_Mailbox.o
                0x0000374c                rt_mbx_wait
 .text.rt_mbx_check
                0x00003864       0x24 mbed-rtos\rtx\TARGET_CORTEX_M\rt_Mailbox.o
                0x00003864                rt_mbx_check
 .text.isr_mbx_send
                0x00003888       0x24 mbed-rtos\rtx\TARGET_CORTEX_M\rt_Mailbox.o
                0x00003888                isr_mbx_send
 .text.isr_mbx_receive
                0x000038ac       0x80 mbed-rtos\rtx\TARGET_CORTEX_M\rt_Mailbox.o
                0x000038ac                isr_mbx_receive
 .text.rt_mbx_psh
                0x0000392c      0x158 mbed-rtos\rtx\TARGET_CORTEX_M\rt_Mailbox.o
                0x0000392c                rt_mbx_psh
 .text.rt_inc_qi
                0x00003a84       0x60 mbed-rtos\rtx\TARGET_CORTEX_M\rt_List.o
 .text.rt_put_prio
                0x00003ae4       0x8c mbed-rtos\rtx\TARGET_CORTEX_M\rt_List.o
                0x00003ae4                rt_put_prio
 .text.rt_get_first
                0x00003b70       0x60 mbed-rtos\rtx\TARGET_CORTEX_M\rt_List.o
                0x00003b70                rt_get_first
 .text.rt_put_rdy_first
                0x00003bd0       0x2c mbed-rtos\rtx\TARGET_CORTEX_M\rt_List.o
                0x00003bd0                rt_put_rdy_first
 .text.rt_resort_prio
                0x00003bfc       0x4c mbed-rtos\rtx\TARGET_CORTEX_M\rt_List.o
                0x00003bfc                rt_resort_prio
 .text.rt_put_dly
                0x00003c48       0xc8 mbed-rtos\rtx\TARGET_CORTEX_M\rt_List.o
                0x00003c48                rt_put_dly
 .text.rt_dec_dly
                0x00003d10       0xcc mbed-rtos\rtx\TARGET_CORTEX_M\rt_List.o
                0x00003d10                rt_dec_dly
 .text.rt_rmv_list
                0x00003ddc       0x64 mbed-rtos\rtx\TARGET_CORTEX_M\rt_List.o
                0x00003ddc                rt_rmv_list
 .text.rt_rmv_dly
                0x00003e40       0x5c mbed-rtos\rtx\TARGET_CORTEX_M\rt_List.o
                0x00003e40                rt_rmv_dly
 .text.rt_psq_enq
                0x00003e9c       0x54 mbed-rtos\rtx\TARGET_CORTEX_M\rt_List.o
                0x00003e9c                rt_psq_enq
 .text.rt_evt_psh
                0x00003ef0       0xa4 mbed-rtos\rtx\TARGET_CORTEX_M\rt_Event.o
                0x00003ef0                rt_evt_psh
 .text.rt_ms2tick
                0x00003f94       0x74 mbed-rtos\rtx\TARGET_CORTEX_M\rt_CMSIS.o
 .text.rt_tid2ptcb
                0x00004008       0x40 mbed-rtos\rtx\TARGET_CORTEX_M\rt_CMSIS.o
                0x00004008                rt_tid2ptcb
 .text.rt_id2obj
                0x00004048       0x24 mbed-rtos\rtx\TARGET_CORTEX_M\rt_CMSIS.o
 .text.svcKernelInitialize
                0x0000406c       0x70 mbed-rtos\rtx\TARGET_CORTEX_M\rt_CMSIS.o
                0x0000406c                svcKernelInitialize
 .text.svcKernelStart
                0x000040dc       0x70 mbed-rtos\rtx\TARGET_CORTEX_M\rt_CMSIS.o
                0x000040dc                svcKernelStart
 .text.osKernelInitialize
                0x0000414c       0x44 mbed-rtos\rtx\TARGET_CORTEX_M\rt_CMSIS.o
                0x0000414c                osKernelInitialize
 .text.osKernelStart
                0x00004190       0xc8 mbed-rtos\rtx\TARGET_CORTEX_M\rt_CMSIS.o
                0x00004190                osKernelStart
 .text.sysThreadError
                0x00004258       0x14 mbed-rtos\rtx\TARGET_CORTEX_M\rt_CMSIS.o
 .text.svcThreadCreate
                0x0000426c       0xa8 mbed-rtos\rtx\TARGET_CORTEX_M\rt_CMSIS.o
                0x0000426c                svcThreadCreate
 .text.svcThreadGetId
                0x00004314       0x2c mbed-rtos\rtx\TARGET_CORTEX_M\rt_CMSIS.o
                0x00004314                svcThreadGetId
 .text.svcThreadTerminate
                0x00004340       0x3c mbed-rtos\rtx\TARGET_CORTEX_M\rt_CMSIS.o
                0x00004340                svcThreadTerminate
 .text.osThreadCreate
                0x0000437c       0x64 mbed-rtos\rtx\TARGET_CORTEX_M\rt_CMSIS.o
                0x0000437c                osThreadCreate
 .text.osThreadExit
                0x000043e0       0x20 mbed-rtos\rtx\TARGET_CORTEX_M\rt_CMSIS.o
                0x000043e0                osThreadExit
 .text.rt_timer_insert
                0x00004400       0x80 mbed-rtos\rtx\TARGET_CORTEX_M\rt_CMSIS.o
 .text.svcTimerCall
                0x00004480       0x60 mbed-rtos\rtx\TARGET_CORTEX_M\rt_CMSIS.o
                0x00004480                svcTimerCall
 .text.sysTimerTick
                0x000044e0       0x88 mbed-rtos\rtx\TARGET_CORTEX_M\rt_CMSIS.o
                0x000044e0                sysTimerTick
 .text.osTimerCall
                0x00004568       0x30 mbed-rtos\rtx\TARGET_CORTEX_M\rt_CMSIS.o
                0x00004568                osTimerCall
 .text.osTimerThread
                0x00004598       0x48 mbed-rtos\rtx\TARGET_CORTEX_M\rt_CMSIS.o
                0x00004598                osTimerThread
 .text.svcMessageCreate
                0x000045e0       0x64 mbed-rtos\rtx\TARGET_CORTEX_M\rt_CMSIS.o
                0x000045e0                svcMessageCreate
 .text.svcMessageGet
                0x00004644       0xec mbed-rtos\rtx\TARGET_CORTEX_M\rt_CMSIS.o
                0x00004644                svcMessageGet
 .text.isrMessagePut
                0x00004730       0x4c mbed-rtos\rtx\TARGET_CORTEX_M\rt_CMSIS.o
                0x00004730                isrMessagePut
 .text.isrMessageGet
                0x0000477c       0x84 mbed-rtos\rtx\TARGET_CORTEX_M\rt_CMSIS.o
                0x0000477c                isrMessageGet
 .text.osMessageGet
                0x00004800       0x5c mbed-rtos\rtx\TARGET_CORTEX_M\rt_CMSIS.o
                0x00004800                osMessageGet
 .text.os_idle_demon
                0x0000485c        0xc mbed-rtos\rtx\TARGET_CORTEX_M\RTX_Conf_CM.o
                0x0000485c                os_idle_demon
 .text.os_error
                0x00004868       0x24 mbed-rtos\rtx\TARGET_CORTEX_M\RTX_Conf_CM.o
                0x00004868                os_error
 .text.set_main_stack
                0x0000488c       0x1c mbed-rtos\rtx\TARGET_CORTEX_M\RTX_Conf_CM.o
                0x0000488c                set_main_stack
 .text.pre_main
                0x000048a8       0x1c mbed-rtos\rtx\TARGET_CORTEX_M\RTX_Conf_CM.o
                0x000048a8                pre_main
 .text.software_init_hook
                0x000048c4       0x1c mbed-rtos\rtx\TARGET_CORTEX_M\RTX_Conf_CM.o
                0x000048c4                software_init_hook
 .text.rt_init_stack
                0x000048e0      0x100 mbed-rtos\rtx\TARGET_CORTEX_M\HAL_CM.o
                0x000048e0                rt_init_stack
 .text.rt_ret_regs
                0x000049e0       0x2c mbed-rtos\rtx\TARGET_CORTEX_M\HAL_CM.o
 .text.rt_ret_val
                0x00004a0c       0x20 mbed-rtos\rtx\TARGET_CORTEX_M\HAL_CM.o
                0x00004a0c                rt_ret_val
 .text.rt_ret_val2
                0x00004a2c       0x28 mbed-rtos\rtx\TARGET_CORTEX_M\HAL_CM.o
                0x00004a2c                rt_ret_val2
 .text.default_idle_hook
                0x00004a54        0xc mbed-rtos\rtos\rtos_idle.o
 .text.rtos_idle_loop
                0x00004a60       0x10 mbed-rtos\rtos\rtos_idle.o
                0x00004a60                rtos_idle_loop
 .text.GPIO_WritePinOutput
                0x00004a70       0x3c main.o
 .text.gpio_write
                0x00004aac       0x6c main.o
 .text._ZN4mbed9DigitalInC2E7PinName
                0x00004b18       0x24 main.o
                0x00004b18                mbed::DigitalIn::DigitalIn(PinName)
                0x00004b18                mbed::DigitalIn::DigitalIn(PinName)
 .text._ZN4mbed10DigitalOutC2E7PinName
                0x00004b3c       0x24 main.o
                0x00004b3c                mbed::DigitalOut::DigitalOut(PinName)
                0x00004b3c                mbed::DigitalOut::DigitalOut(PinName)
 .text._ZN4mbed10DigitalOut5writeEi
                0x00004b60       0x1c main.o
                0x00004b60                mbed::DigitalOut::write(int)
 .text._ZN4mbed10DigitalOutaSEi
                0x00004b7c       0x1c main.o
                0x00004b7c                mbed::DigitalOut::operator=(int)
 .text._ZN4mbed8AnalogInC2E7PinName
                0x00004b98       0x20 main.o
                0x00004b98                mbed::AnalogIn::AnalogIn(PinName)
                0x00004b98                mbed::AnalogIn::AnalogIn(PinName)
 .text._ZN4mbed8AnalogIn8read_u16Ev
                0x00004bb8       0x1c main.o
                0x00004bb8                mbed::AnalogIn::read_u16()
 .text._ZN4mbed6PwmOutC2E7PinName
                0x00004bd4       0x20 main.o
                0x00004bd4                mbed::PwmOut::PwmOut(PinName)
                0x00004bd4                mbed::PwmOut::PwmOut(PinName)
 .text._ZN4mbed6PwmOut5writeEf
                0x00004bf4       0x1c main.o
                0x00004bf4                mbed::PwmOut::write(float)
 .text._ZN4mbed6PwmOut9period_msEi
                0x00004c10       0x1c main.o
                0x00004c10                mbed::PwmOut::period_ms(int)
 .text._ZN4mbed6PwmOut9period_usEi
                0x00004c2c       0x1c main.o
                0x00004c2c                mbed::PwmOut::period_us(int)
 .text._ZN4mbed6PwmOut10pulsewidthEf
                0x00004c48       0x1c main.o
                0x00004c48                mbed::PwmOut::pulsewidth(float)
 .text._ZN4mbed6TickerC2Ev
                0x00004c64       0x30 main.o
                0x00004c64                mbed::Ticker::Ticker()
                0x00004c64                mbed::Ticker::Ticker()
 .text._ZN4mbed6Ticker6attachEPFvvEf
                0x00004c94       0x34 main.o
                0x00004c94                mbed::Ticker::attach(void (*)(), float)
 .text._ZN4mbed6Ticker9attach_usEPFvvEm
                0x00004cc8       0x28 main.o
                0x00004cc8                mbed::Ticker::attach_us(void (*)(), unsigned long)
 .text._ZN4mbed6TickerD2Ev
                0x00004cf0       0x38 main.o
                0x00004cf0                mbed::Ticker::~Ticker()
                0x00004cf0                mbed::Ticker::~Ticker()
 .text._ZN4mbed6TickerD0Ev
                0x00004d28       0x20 main.o
                0x00004d28                mbed::Ticker::~Ticker()
 .text._ZN9telemetry12HalInterfaceC2Ev
                0x00004d48       0x20 main.o
                0x00004d48                telemetry::HalInterface::HalInterface()
                0x00004d48                telemetry::HalInterface::HalInterface()
 .text._ZN9telemetry7MbedHalC2ERN3AjK9MODSERIALE
                0x00004d68       0x40 main.o
                0x00004d68                telemetry::MbedHal::MbedHal(AjK::MODSERIAL&)
                0x00004d68                telemetry::MbedHal::MbedHal(AjK::MODSERIAL&)
 .text._ZN9telemetry4DataC2EPKcS2_S2_
                0x00004da8       0x38 main.o
                0x00004da8                telemetry::Data::Data(char const*, char const*, char const*)
                0x00004da8                telemetry::Data::Data(char const*, char const*, char const*)
 .text._ZN9telemetry9TelemetryC2ERNS_12HalInterfaceE
                0x00004de0       0x78 main.o
                0x00004de0                telemetry::Telemetry::Telemetry(telemetry::HalInterface&)
                0x00004de0                telemetry::Telemetry::Telemetry(telemetry::HalInterface&)
 .text._Z18calculateLinewidthv
                0x00004e58      0x140 main.o
                0x00004e58                calculateLinewidth()
 .text._Z11rpmCounterAv
                0x00004f98       0x1c main.o
                0x00004f98                rpmCounterA()
 .text._Z11rpmCounterBv
                0x00004fb4       0x1c main.o
                0x00004fb4                rpmCounterB()
 .text._Z13read_cam_realv
                0x00004fd0      0x1cc main.o
                0x00004fd0                read_cam_real()
 .text._Z13read_cam_fakev
                0x0000519c       0xa4 main.o
                0x0000519c                read_cam_fake()
 .text._Z13PDcalculationi
                0x00005240      0x1e0 main.o
                0x00005240                PDcalculation(int)
 .text._Z10steeringPDv
                0x00005420      0x128 main.o
                0x00005420                steeringPD()
 .text._Z10velocityPIv
                0x00005548      0x270 main.o
                0x00005548                velocityPI()
 .text._Z7controlv
                0x000057b8       0x10 main.o
                0x000057b8                control()
 .text._Z12print_serialv
                0x000057c8       0x28 main.o
                0x000057c8                print_serial()
 .text._Z5setupv
                0x000057f0       0x8c main.o
                0x000057f0                setup()
 .text.main     0x0000587c       0x4c main.o
                0x0000587c                main
 .text._ZN4mbed19FunctionPointerArg1IvvEC2EPFvvE
                0x000058c8       0x1c main.o
                0x000058c8                mbed::FunctionPointerArg1<void, void>::FunctionPointerArg1(void (*)())
                0x000058c8                mbed::FunctionPointerArg1<void, void>::FunctionPointerArg1(void (*)())
 .text._ZN4mbed19FunctionPointerArg1IvvE6attachEPFvvE
                0x000058e4       0x20 main.o
                0x000058e4                mbed::FunctionPointerArg1<void, void>::attach(void (*)())
 .text._ZN9telemetry5QueueIhLj256EEC2Ev
                0x00005904       0x3c main.o
                0x00005904                telemetry::Queue<unsigned char, 256u>::Queue()
                0x00005904                telemetry::Queue<unsigned char, 256u>::Queue()
 .text._ZN9telemetry12NumericArrayItLm128EEC2ERNS_9TelemetryEPKcS5_S5_t
                0x00005940       0x74 main.o
                0x00005940                telemetry::NumericArray<unsigned short, 128ul>::NumericArray(telemetry::Telemetry&, char const*, char const*, char const*, unsigned short)
                0x00005940                telemetry::NumericArray<unsigned short, 128ul>::NumericArray(telemetry::Telemetry&, char const*, char const*, char const*, unsigned short)
 .text._ZN9telemetry7NumericIfEC2ERNS_9TelemetryEPKcS5_S5_f
                0x000059b4       0x58 main.o
                0x000059b4                telemetry::Numeric<float>::Numeric(telemetry::Telemetry&, char const*, char const*, char const*, float)
                0x000059b4                telemetry::Numeric<float>::Numeric(telemetry::Telemetry&, char const*, char const*, char const*, float)
 .text._ZN9telemetry7NumericImEC2ERNS_9TelemetryEPKcS5_S5_m
                0x00005a0c       0x58 main.o
                0x00005a0c                telemetry::Numeric<unsigned long>::Numeric(telemetry::Telemetry&, char const*, char const*, char const*, unsigned long)
                0x00005a0c                telemetry::Numeric<unsigned long>::Numeric(telemetry::Telemetry&, char const*, char const*, char const*, unsigned long)
 .text._ZN9telemetry7NumericIfEaSEf
                0x00005a64       0x2c main.o
                0x00005a64                telemetry::Numeric<float>::operator=(float)
 .text._ZN9telemetry12NumericArrayItLm128EEixEi
                0x00005a90       0x20 main.o
                0x00005a90                telemetry::NumericArray<unsigned short, 128ul>::operator[](int)
 .text._ZN9telemetry20NumericArrayAccessorItLm128EEaSEt
                0x00005ab0       0x3c main.o
                0x00005ab0                telemetry::NumericArrayAccessor<unsigned short, 128ul>::operator=(unsigned short)
 .text._ZN9telemetry7NumericImEaSEm
                0x00005aec       0x2c main.o
                0x00005aec                telemetry::Numeric<unsigned long>::operator=(unsigned long)
 .text._ZN9telemetry20NumericArrayAccessorItLm128EEC2ERNS_12NumericArrayItLm128EEEj
                0x00005b18       0x28 main.o
                0x00005b18                telemetry::NumericArrayAccessor<unsigned short, 128ul>::NumericArrayAccessor(telemetry::NumericArray<unsigned short, 128ul>&, unsigned int)
                0x00005b18                telemetry::NumericArrayAccessor<unsigned short, 128ul>::NumericArrayAccessor(telemetry::NumericArray<unsigned short, 128ul>&, unsigned int)
 .text._ZN9telemetry7NumericImED2Ev
                0x00005b40       0x30 main.o
                0x00005b40                telemetry::Numeric<unsigned long>::~Numeric()
                0x00005b40                telemetry::Numeric<unsigned long>::~Numeric()
 .text._ZN9telemetry7NumericImED0Ev
                0x00005b70       0x20 main.o
                0x00005b70                telemetry::Numeric<unsigned long>::~Numeric()
 .text._ZN9telemetry7NumericIfED2Ev
                0x00005b90       0x30 main.o
                0x00005b90                telemetry::Numeric<float>::~Numeric()
                0x00005b90                telemetry::Numeric<float>::~Numeric()
 .text._ZN9telemetry7NumericIfED0Ev
                0x00005bc0       0x20 main.o
                0x00005bc0                telemetry::Numeric<float>::~Numeric()
 .text._ZN9telemetry12NumericArrayItLm128EED2Ev
                0x00005be0       0x30 main.o
                0x00005be0                telemetry::NumericArray<unsigned short, 128ul>::~NumericArray()
                0x00005be0                telemetry::NumericArray<unsigned short, 128ul>::~NumericArray()
 .text._ZN9telemetry12NumericArrayItLm128EED0Ev
                0x00005c10       0x20 main.o
                0x00005c10                telemetry::NumericArray<unsigned short, 128ul>::~NumericArray()
 .text._Z41__static_initialization_and_destruction_0ii
                0x00005c30      0x284 main.o
 .text._ZN9telemetry7NumericImE13get_data_typeEv
                0x00005eb4       0x18 main.o
                0x00005eb4                telemetry::Numeric<unsigned long>::get_data_type()
 .text._ZN9telemetry7NumericImE22get_header_kvrs_lengthEv
                0x00005ecc       0x1c main.o
                0x00005ecc                telemetry::Numeric<unsigned long>::get_header_kvrs_length()
 .text._ZN9telemetry7NumericImE17write_header_kvrsERNS_14TransmitPacketE
                0x00005ee8       0x84 main.o
                0x00005ee8                telemetry::Numeric<unsigned long>::write_header_kvrs(telemetry::TransmitPacket&)
 .text._ZN9telemetry7NumericImE18get_payload_lengthEv
                0x00005f6c       0x18 main.o
                0x00005f6c                telemetry::Numeric<unsigned long>::get_payload_length()
 .text._ZN9telemetry7NumericImE13write_payloadERNS_14TransmitPacketE
                0x00005f84       0x20 main.o
                0x00005f84                telemetry::Numeric<unsigned long>::write_payload(telemetry::TransmitPacket&)
 .text._ZN9telemetry7NumericImE15set_from_packetERNS_19ReceivePacketBufferE
                0x00005fa4       0x30 main.o
                0x00005fa4                telemetry::Numeric<unsigned long>::set_from_packet(telemetry::ReceivePacketBuffer&)
 .text._ZN9telemetry7NumericIfE13get_data_typeEv
                0x00005fd4       0x18 main.o
                0x00005fd4                telemetry::Numeric<float>::get_data_type()
 .text._ZN9telemetry7NumericIfE22get_header_kvrs_lengthEv
                0x00005fec       0x1c main.o
                0x00005fec                telemetry::Numeric<float>::get_header_kvrs_length()
 .text._ZN9telemetry7NumericIfE17write_header_kvrsERNS_14TransmitPacketE
                0x00006008       0x84 main.o
                0x00006008                telemetry::Numeric<float>::write_header_kvrs(telemetry::TransmitPacket&)
 .text._ZN9telemetry7NumericIfE18get_payload_lengthEv
                0x0000608c       0x18 main.o
                0x0000608c                telemetry::Numeric<float>::get_payload_length()
 .text._ZN9telemetry7NumericIfE13write_payloadERNS_14TransmitPacketE
                0x000060a4       0x20 main.o
                0x000060a4                telemetry::Numeric<float>::write_payload(telemetry::TransmitPacket&)
 .text._ZN9telemetry7NumericIfE15set_from_packetERNS_19ReceivePacketBufferE
                0x000060c4       0x30 main.o
                0x000060c4                telemetry::Numeric<float>::set_from_packet(telemetry::ReceivePacketBuffer&)
 .text._ZN9telemetry12NumericArrayItLm128EE13get_data_typeEv
                0x000060f4       0x18 main.o
                0x000060f4                telemetry::NumericArray<unsigned short, 128ul>::get_data_type()
 .text._ZN9telemetry12NumericArrayItLm128EE22get_header_kvrs_lengthEv
                0x0000610c       0x1c main.o
                0x0000610c                telemetry::NumericArray<unsigned short, 128ul>::get_header_kvrs_length()
 .text._ZN9telemetry12NumericArrayItLm128EE17write_header_kvrsERNS_14TransmitPacketE
                0x00006128       0xa4 main.o
                0x00006128                telemetry::NumericArray<unsigned short, 128ul>::write_header_kvrs(telemetry::TransmitPacket&)
 .text._ZN9telemetry12NumericArrayItLm128EE18get_payload_lengthEv
                0x000061cc       0x18 main.o
                0x000061cc                telemetry::NumericArray<unsigned short, 128ul>::get_payload_length()
 .text._ZN9telemetry12NumericArrayItLm128EE13write_payloadERNS_14TransmitPacketE
                0x000061e4       0x38 main.o
                0x000061e4                telemetry::NumericArray<unsigned short, 128ul>::write_payload(telemetry::TransmitPacket&)
 .text._ZN9telemetry12NumericArrayItLm128EE15set_from_packetERNS_19ReceivePacketBufferE
                0x0000621c       0x48 main.o
                0x0000621c                telemetry::NumericArray<unsigned short, 128ul>::set_from_packet(telemetry::ReceivePacketBuffer&)
 .text._ZN9telemetry7NumericImE14serialize_dataEmRNS_14TransmitPacketE
                0x00006264       0x1c main.o
                0x00006264                telemetry::Numeric<unsigned long>::serialize_data(unsigned long, telemetry::TransmitPacket&)
 .text._ZN9telemetry7NumericImE16deserialize_dataERNS_19ReceivePacketBufferE
                0x00006280       0x1c main.o
                0x00006280                telemetry::Numeric<unsigned long>::deserialize_data(telemetry::ReceivePacketBuffer&)
 .text._ZN9telemetry7NumericIfE14serialize_dataEfRNS_14TransmitPacketE
                0x0000629c       0x1c main.o
                0x0000629c                telemetry::Numeric<float>::serialize_data(float, telemetry::TransmitPacket&)
 .text._ZN9telemetry7NumericIfE16deserialize_dataERNS_19ReceivePacketBufferE
                0x000062b8       0x1c main.o
                0x000062b8                telemetry::Numeric<float>::deserialize_data(telemetry::ReceivePacketBuffer&)
 .text._ZN9telemetry12NumericArrayItLm128EE14serialize_dataEtRNS_14TransmitPacketE
                0x000062d4       0x20 main.o
                0x000062d4                telemetry::NumericArray<unsigned short, 128ul>::serialize_data(unsigned short, telemetry::TransmitPacket&)
 .text._ZN9telemetry12NumericArrayItLm128EE16deserialize_dataERNS_19ReceivePacketBufferE
                0x000062f4       0x1c main.o
                0x000062f4                telemetry::NumericArray<unsigned short, 128ul>::deserialize_data(telemetry::ReceivePacketBuffer&)
 .text._ZN9telemetry14TransmitPacket5writeImEEvT_
                0x00006310       0x18 main.o
                0x00006310                void telemetry::TransmitPacket::write<unsigned long>(unsigned long)
 .text._ZN9telemetry19ReceivePacketBuffer4readImEET_v
                0x00006328       0x18 main.o
                0x00006328                unsigned long telemetry::ReceivePacketBuffer::read<unsigned long>()
 .text._ZN9telemetry14TransmitPacket5writeIfEEvT_
                0x00006340       0x18 main.o
                0x00006340                void telemetry::TransmitPacket::write<float>(float)
 .text._ZN9telemetry19ReceivePacketBuffer4readIfEET_v
                0x00006358       0x18 main.o
                0x00006358                float telemetry::ReceivePacketBuffer::read<float>()
 .text._ZN9telemetry14TransmitPacket5writeItEEvT_
                0x00006370       0x1c main.o
                0x00006370                void telemetry::TransmitPacket::write<unsigned short>(unsigned short)
 .text._ZN9telemetry19ReceivePacketBuffer4readItEET_v
                0x0000638c       0x18 main.o
                0x0000638c                unsigned short telemetry::ReceivePacketBuffer::read<unsigned short>()
 .text._GLOBAL__sub_I_telemetry_serial
                0x000063a4       0x10 main.o
 .text._ZN3AjK18MODSERIAL_callback4callEPNS_18MODSERIAL_IRQ_INFOE
                0x000063b4       0x78 MODSERIAL\PUTC.o
                0x000063b4                AjK::MODSERIAL_callback::call(AjK::MODSERIAL_IRQ_INFO*)
 .text._ZN3AjK9MODSERIAL6__putcEib
                0x0000642c      0x184 MODSERIAL\PUTC.o
                0x0000642c                AjK::MODSERIAL::__putc(int, bool)
 .text.NVIC_DisableIRQ
                0x000065b0       0x34 MODSERIAL\MODSERIAL.o
 .text._ZN4mbed10SerialBaseD2Ev
                0x000065e4       0x28 MODSERIAL\MODSERIAL.o
                0x000065e4                mbed::SerialBase::~SerialBase()
                0x000065e4                mbed::SerialBase::~SerialBase()
 .text._ZN4mbed10SerialBaseD0Ev
                0x0000660c       0x20 MODSERIAL\MODSERIAL.o
                0x0000660c                mbed::SerialBase::~SerialBase()
 .text._ZN3AjK18MODSERIAL_IRQ_INFOC2Ev
                0x0000662c       0x1c MODSERIAL\MODSERIAL.o
                0x0000662c                AjK::MODSERIAL_IRQ_INFO::MODSERIAL_IRQ_INFO()
                0x0000662c                AjK::MODSERIAL_IRQ_INFO::MODSERIAL_IRQ_INFO()
 .text._ZN3AjK18MODSERIAL_callbackC2Ev
                0x00006648       0x30 MODSERIAL\MODSERIAL.o
                0x00006648                AjK::MODSERIAL_callback::MODSERIAL_callback()
                0x00006648                AjK::MODSERIAL_callback::MODSERIAL_callback()
 .text._ZN3AjK9MODSERIAL5_putcEi
                0x00006678       0x28 MODSERIAL\MODSERIAL.o
                0x00006678                AjK::MODSERIAL::_putc(int)
                0x00006698                non-virtual thunk to AjK::MODSERIAL::_putc(int)
 .text._ZN3AjK9MODSERIAL5_getcEv
                0x000066a0       0x24 MODSERIAL\MODSERIAL.o
                0x000066a0                AjK::MODSERIAL::_getc()
                0x000066bc                non-virtual thunk to AjK::MODSERIAL::_getc()
 .text._ZN4mbed6SerialD2Ev
                0x000066c4       0x50 MODSERIAL\MODSERIAL.o
                0x000066c4                mbed::Serial::~Serial()
                0x000066c4                mbed::Serial::~Serial()
 .text._ZN4mbed6SerialD1Ev
                0x00006714       0x10 MODSERIAL\MODSERIAL.o
                0x00006714                non-virtual thunk to mbed::Serial::~Serial()
                0x0000671c                non-virtual thunk to mbed::Serial::~Serial()
 .text._ZN4mbed6SerialD0Ev
                0x00006724       0x30 MODSERIAL\MODSERIAL.o
                0x00006724                mbed::Serial::~Serial()
                0x00006744                non-virtual thunk to mbed::Serial::~Serial()
                0x0000674c                non-virtual thunk to mbed::Serial::~Serial()
 .text._ZN3AjK9MODSERIALC2E7PinNameS1_PKc
                0x00006754       0x78 MODSERIAL\MODSERIAL.o
                0x00006754                AjK::MODSERIAL::MODSERIAL(PinName, PinName, char const*)
                0x00006754                AjK::MODSERIAL::MODSERIAL(PinName, PinName, char const*)
 .text._ZN3AjK9MODSERIALD2Ev
                0x000067cc       0x78 MODSERIAL\MODSERIAL.o
                0x000067cc                AjK::MODSERIAL::~MODSERIAL()
                0x000067cc                AjK::MODSERIAL::~MODSERIAL()
 .text._ZThn60_N3AjK9MODSERIALD1Ev
                0x00006844        0x8 MODSERIAL\MODSERIAL.o
                0x00006844                non-virtual thunk to AjK::MODSERIAL::~MODSERIAL()
 .text._ZThn64_N3AjK9MODSERIALD1Ev
                0x0000684c        0x8 MODSERIAL\MODSERIAL.o
                0x0000684c                non-virtual thunk to AjK::MODSERIAL::~MODSERIAL()
 .text._ZN3AjK9MODSERIALD0Ev
                0x00006854       0x20 MODSERIAL\MODSERIAL.o
                0x00006854                AjK::MODSERIAL::~MODSERIAL()
 .text._ZThn60_N3AjK9MODSERIALD0Ev
                0x00006874        0x8 MODSERIAL\MODSERIAL.o
                0x00006874                non-virtual thunk to AjK::MODSERIAL::~MODSERIAL()
 .text._ZThn64_N3AjK9MODSERIALD0Ev
                0x0000687c        0x8 MODSERIAL\MODSERIAL.o
                0x0000687c                non-virtual thunk to AjK::MODSERIAL::~MODSERIAL()
 .text._ZN3AjK9MODSERIAL6isr_txEb
                0x00006884      0x140 MODSERIAL\ISR_TX.o
                0x00006884                AjK::MODSERIAL::isr_tx(bool)
 .text._ZN3AjK9MODSERIAL6isr_rxEv
                0x000069c4      0x160 MODSERIAL\ISR_RX.o
                0x000069c4                AjK::MODSERIAL::isr_rx()
 .text.NVIC_EnableIRQ
                0x00006b24       0x30 MODSERIAL\INIT.o
 .text.NVIC_DisableIRQ
                0x00006b54       0x34 MODSERIAL\INIT.o
 .text._ZN3AjK18MODSERIAL_IRQ_INFO9setSerialEPNS_9MODSERIALE
                0x00006b88       0x1c MODSERIAL\INIT.o
                0x00006b88                AjK::MODSERIAL_IRQ_INFO::setSerial(AjK::MODSERIAL*)
 .text._ZN3AjK9MODSERIAL6isr_txEv
                0x00006ba4       0x18 MODSERIAL\INIT.o
                0x00006ba4                AjK::MODSERIAL::isr_tx()
 .text._ZN3AjK9MODSERIAL4initEii7PinName
                0x00006bbc      0x11c MODSERIAL\INIT.o
                0x00006bbc                AjK::MODSERIAL::init(int, int, PinName)
 .text._ZN4mbed10SerialBase6attachIN3AjK9MODSERIALEEEvPT_MS4_FvvENS0_7IrqTypeE
                0x00006cd8       0x6c MODSERIAL\INIT.o
                0x00006cd8                void mbed::SerialBase::attach<AjK::MODSERIAL>(AjK::MODSERIAL*, void (AjK::MODSERIAL::*)(), mbed::SerialBase::IrqType)
 .text._ZN4mbed19FunctionPointerArg1IvvE6attachIN3AjK9MODSERIALEEEvPT_MS5_FvvE
                0x00006d44       0x38 MODSERIAL\INIT.o
                0x00006d44                void mbed::FunctionPointerArg1<void, void>::attach<AjK::MODSERIAL>(AjK::MODSERIAL*, void (AjK::MODSERIAL::*)())
 .text._ZN4mbed19FunctionPointerArg1IvvE12membercallerIN3AjK9MODSERIALEEEvPvPj
                0x00006d7c       0x4c MODSERIAL\INIT.o
                0x00006d7c                void mbed::FunctionPointerArg1<void, void>::membercaller<AjK::MODSERIAL>(void*, unsigned int*)
 .text._ZN3AjK9MODSERIAL6__getcEb
                0x00006dc8      0x120 MODSERIAL\GETC.o
                0x00006dc8                AjK::MODSERIAL::__getc(bool)
 .text._ZN3AjK9MODSERIAL7setBaseEv
                0x00006ee8       0xac MODSERIAL\Device\MODSERIAL_KSDK.o
                0x00006ee8                AjK::MODSERIAL::setBase()
 .text._ZN3AjK9MODSERIAL10initDeviceEv
                0x00006f94       0x14 MODSERIAL\Device\MODSERIAL_KSDK.o
                0x00006f94                AjK::MODSERIAL::initDevice()
 .text.mbed_die
                0x00006fa8       0x94 ..\mbed\TARGET_K64F\TOOLCHAIN_GCC_ARM\board.o
                0x00006fa8                mbed_die
 .text.NVIC_SetVector
                0x0000703c        0x4 ..\mbed\TARGET_K64F\TOOLCHAIN_GCC_ARM\cmsis_nvic.o
                0x0000703c                NVIC_SetVector
 .text.NMI_Handler
                0x00007040       0x14 ..\mbed\TARGET_K64F\TOOLCHAIN_GCC_ARM\mbed_overrides.o
                0x00007040                NMI_Handler
 .text._ZN4mbed10FileHandle4flenEv
                0x00007054       0x34 ..\mbed\TARGET_K64F\TOOLCHAIN_GCC_ARM\retarget.o
                0x00007054                mbed::FileHandle::flen()
 .text._ZL11init_serialv.part.0
                0x00007088       0x14 ..\mbed\TARGET_K64F\TOOLCHAIN_GCC_ARM\retarget.o
 .text._ZN4mbed10FileHandleD2Ev
                0x0000709c       0x2c ..\mbed\TARGET_K64F\TOOLCHAIN_GCC_ARM\retarget.o
                0x0000709c                mbed::FileHandle::~FileHandle()
                0x0000709c                mbed::FileHandle::~FileHandle()
 .text._open    0x000070c8       0xfc ..\mbed\TARGET_K64F\TOOLCHAIN_GCC_ARM\retarget.o
                0x000070c8                _open
 .text._close   0x000071c4       0x28 ..\mbed\TARGET_K64F\TOOLCHAIN_GCC_ARM\retarget.o
                0x000071c4                _close
 .text._write   0x000071ec       0x4c ..\mbed\TARGET_K64F\TOOLCHAIN_GCC_ARM\retarget.o
                0x000071ec                _write
 .text._read    0x00007238       0x44 ..\mbed\TARGET_K64F\TOOLCHAIN_GCC_ARM\retarget.o
                0x00007238                _read
 .text._isatty  0x0000727c       0x24 ..\mbed\TARGET_K64F\TOOLCHAIN_GCC_ARM\retarget.o
                0x0000727c                _isatty
 .text._lseek   0x000072a0       0x24 ..\mbed\TARGET_K64F\TOOLCHAIN_GCC_ARM\retarget.o
                0x000072a0                _lseek
 .text._fstat   0x000072c4       0x20 ..\mbed\TARGET_K64F\TOOLCHAIN_GCC_ARM\retarget.o
                0x000072c4                _fstat
 .text.__cxa_pure_virtual
                0x000072e4        0x8 ..\mbed\TARGET_K64F\TOOLCHAIN_GCC_ARM\retarget.o
                0x000072e4                __cxa_pure_virtual
 .text._sbrk    0x000072ec       0x28 ..\mbed\TARGET_K64F\TOOLCHAIN_GCC_ARM\retarget.o
                0x000072ec                _sbrk
 .text._exit    0x00007314       0x24 ..\mbed\TARGET_K64F\TOOLCHAIN_GCC_ARM\retarget.o
                0x00007314                _exit
 .text._ZN4mbed26mbed_set_unbuffered_streamEP7__sFILE
                0x00007338        0x8 ..\mbed\TARGET_K64F\TOOLCHAIN_GCC_ARM\retarget.o
                0x00007338                mbed::mbed_set_unbuffered_stream(__sFILE*)
 .text.SystemInit
                0x00007340       0x30 ..\mbed\TARGET_K64F\TOOLCHAIN_GCC_ARM\system_MK64F12.o
                0x00007340                SystemInit
 .text.BOARD_BootClockRUN
                0x00007370       0x5c C:\Users\Christopher\Documents\EE 192\CODE\workspace.kds\Skeleton_World\mbed\TARGET_K64F\TOOLCHAIN_GCC_ARM\libmbed.a(fsl_clock_config.o)
                0x00007370                BOARD_BootClockRUN
 .text.InstallIRQHandler
                0x000073cc       0x4c C:\Users\Christopher\Documents\EE 192\CODE\workspace.kds\Skeleton_World\mbed\TARGET_K64F\TOOLCHAIN_GCC_ARM\libmbed.a(fsl_common.o)
                0x000073cc                InstallIRQHandler
 .text.CLOCK_GetMcgExtClkFreq
                0x00007418       0x64 C:\Users\Christopher\Documents\EE 192\CODE\workspace.kds\Skeleton_World\mbed\TARGET_K64F\TOOLCHAIN_GCC_ARM\libmbed.a(fsl_clock.o)
 .text.CLOCK_GetFllRefClkFreq
                0x0000747c       0x68 C:\Users\Christopher\Documents\EE 192\CODE\workspace.kds\Skeleton_World\mbed\TARGET_K64F\TOOLCHAIN_GCC_ARM\libmbed.a(fsl_clock.o)
 .text.unlikely.CLOCK_GetOsc0ErClkFreq.part.2
                0x000074e4       0x1c C:\Users\Christopher\Documents\EE 192\CODE\workspace.kds\Skeleton_World\mbed\TARGET_K64F\TOOLCHAIN_GCC_ARM\libmbed.a(fsl_clock.o)
 .text.CLOCK_GetInternalRefClkFreq.part.5
                0x00007500       0x28 C:\Users\Christopher\Documents\EE 192\CODE\workspace.kds\Skeleton_World\mbed\TARGET_K64F\TOOLCHAIN_GCC_ARM\libmbed.a(fsl_clock.o)
 .text.CLOCK_GetPll0Freq.part.6
                0x00007528       0x28 C:\Users\Christopher\Documents\EE 192\CODE\workspace.kds\Skeleton_World\mbed\TARGET_K64F\TOOLCHAIN_GCC_ARM\libmbed.a(fsl_clock.o)
 .text.CLOCK_GetEr32kClkFreq
                0x00007550       0x70 C:\Users\Christopher\Documents\EE 192\CODE\workspace.kds\Skeleton_World\mbed\TARGET_K64F\TOOLCHAIN_GCC_ARM\libmbed.a(fsl_clock.o)
                0x00007550                CLOCK_GetEr32kClkFreq
 .text.CLOCK_SetSimConfig
                0x000075c0       0x40 C:\Users\Christopher\Documents\EE 192\CODE\workspace.kds\Skeleton_World\mbed\TARGET_K64F\TOOLCHAIN_GCC_ARM\libmbed.a(fsl_clock.o)
                0x000075c0                CLOCK_SetSimConfig
 .text.CLOCK_GetFllFreq
                0x00007600       0x40 C:\Users\Christopher\Documents\EE 192\CODE\workspace.kds\Skeleton_World\mbed\TARGET_K64F\TOOLCHAIN_GCC_ARM\libmbed.a(fsl_clock.o)
                0x00007600                CLOCK_GetFllFreq
 .text.CLOCK_GetPllFllSelClkFreq
                0x00007640       0x40 C:\Users\Christopher\Documents\EE 192\CODE\workspace.kds\Skeleton_World\mbed\TARGET_K64F\TOOLCHAIN_GCC_ARM\libmbed.a(fsl_clock.o)
                0x00007640                CLOCK_GetPllFllSelClkFreq
 .text.CLOCK_GetOutClkFreq
                0x00007680       0x54 C:\Users\Christopher\Documents\EE 192\CODE\workspace.kds\Skeleton_World\mbed\TARGET_K64F\TOOLCHAIN_GCC_ARM\libmbed.a(fsl_clock.o)
                0x00007680                CLOCK_GetOutClkFreq
 .text.CLOCK_GetFixedFreqClkFreq
                0x000076d4       0x1c C:\Users\Christopher\Documents\EE 192\CODE\workspace.kds\Skeleton_World\mbed\TARGET_K64F\TOOLCHAIN_GCC_ARM\libmbed.a(fsl_clock.o)
                0x000076d4                CLOCK_GetFixedFreqClkFreq
 .text.CLOCK_GetFreq
                0x000076f0      0x104 C:\Users\Christopher\Documents\EE 192\CODE\workspace.kds\Skeleton_World\mbed\TARGET_K64F\TOOLCHAIN_GCC_ARM\libmbed.a(fsl_clock.o)
                0x000076f0                CLOCK_GetFreq
 .text.CLOCK_SetExternalRefClkConfig
                0x000077f4       0x5c C:\Users\Christopher\Documents\EE 192\CODE\workspace.kds\Skeleton_World\mbed\TARGET_K64F\TOOLCHAIN_GCC_ARM\libmbed.a(fsl_clock.o)
                0x000077f4                CLOCK_SetExternalRefClkConfig
 .text.CLOCK_SetInternalRefClkConfig
                0x00007850       0x84 C:\Users\Christopher\Documents\EE 192\CODE\workspace.kds\Skeleton_World\mbed\TARGET_K64F\TOOLCHAIN_GCC_ARM\libmbed.a(fsl_clock.o)
                0x00007850                CLOCK_SetInternalRefClkConfig
 .text.CLOCK_EnablePll0
                0x000078d4       0x50 C:\Users\Christopher\Documents\EE 192\CODE\workspace.kds\Skeleton_World\mbed\TARGET_K64F\TOOLCHAIN_GCC_ARM\libmbed.a(fsl_clock.o)
                0x000078d4                CLOCK_EnablePll0
 .text.CLOCK_InitOsc0
                0x00007924       0x6c C:\Users\Christopher\Documents\EE 192\CODE\workspace.kds\Skeleton_World\mbed\TARGET_K64F\TOOLCHAIN_GCC_ARM\libmbed.a(fsl_clock.o)
                0x00007924                CLOCK_InitOsc0
 .text.CLOCK_SetPbeMode
                0x00007990       0x50 C:\Users\Christopher\Documents\EE 192\CODE\workspace.kds\Skeleton_World\mbed\TARGET_K64F\TOOLCHAIN_GCC_ARM\libmbed.a(fsl_clock.o)
                0x00007990                CLOCK_SetPbeMode
 .text.CLOCK_BootToPeeMode
                0x000079e0       0x4c C:\Users\Christopher\Documents\EE 192\CODE\workspace.kds\Skeleton_World\mbed\TARGET_K64F\TOOLCHAIN_GCC_ARM\libmbed.a(fsl_clock.o)
                0x000079e0                CLOCK_BootToPeeMode
 .text.pwmout_init
                0x00007a2c      0x108 C:\Users\Christopher\Documents\EE 192\CODE\workspace.kds\Skeleton_World\mbed\TARGET_K64F\TOOLCHAIN_GCC_ARM\libmbed.a(pwmout_api.o)
                0x00007a2c                pwmout_init
 .text.pwmout_write
                0x00007b34       0x68 C:\Users\Christopher\Documents\EE 192\CODE\workspace.kds\Skeleton_World\mbed\TARGET_K64F\TOOLCHAIN_GCC_ARM\libmbed.a(pwmout_api.o)
                0x00007b34                pwmout_write
 .text.pwmout_period_us
                0x00007b9c       0x88 C:\Users\Christopher\Documents\EE 192\CODE\workspace.kds\Skeleton_World\mbed\TARGET_K64F\TOOLCHAIN_GCC_ARM\libmbed.a(pwmout_api.o)
                0x00007b9c                pwmout_period_us
 .text.pwmout_period_ms
                0x00007c24        0xc C:\Users\Christopher\Documents\EE 192\CODE\workspace.kds\Skeleton_World\mbed\TARGET_K64F\TOOLCHAIN_GCC_ARM\libmbed.a(pwmout_api.o)
                0x00007c24                pwmout_period_ms
 .text.pwmout_pulsewidth
                0x00007c30       0x50 C:\Users\Christopher\Documents\EE 192\CODE\workspace.kds\Skeleton_World\mbed\TARGET_K64F\TOOLCHAIN_GCC_ARM\libmbed.a(pwmout_api.o)
                0x00007c30                pwmout_pulsewidth
 .text.uart3_irq
                0x00007c80       0x48 C:\Users\Christopher\Documents\EE 192\CODE\workspace.kds\Skeleton_World\mbed\TARGET_K64F\TOOLCHAIN_GCC_ARM\libmbed.a(serial_api.o)
                0x00007c80                uart3_irq
 .text.uart0_irq
                0x00007cc8       0x48 C:\Users\Christopher\Documents\EE 192\CODE\workspace.kds\Skeleton_World\mbed\TARGET_K64F\TOOLCHAIN_GCC_ARM\libmbed.a(serial_api.o)
                0x00007cc8                uart0_irq
 .text.uart5_irq
                0x00007d10       0x48 C:\Users\Christopher\Documents\EE 192\CODE\workspace.kds\Skeleton_World\mbed\TARGET_K64F\TOOLCHAIN_GCC_ARM\libmbed.a(serial_api.o)
                0x00007d10                uart5_irq
 .text.uart1_irq
                0x00007d58       0x48 C:\Users\Christopher\Documents\EE 192\CODE\workspace.kds\Skeleton_World\mbed\TARGET_K64F\TOOLCHAIN_GCC_ARM\libmbed.a(serial_api.o)
                0x00007d58                uart1_irq
 .text.uart4_irq
                0x00007da0       0x48 C:\Users\Christopher\Documents\EE 192\CODE\workspace.kds\Skeleton_World\mbed\TARGET_K64F\TOOLCHAIN_GCC_ARM\libmbed.a(serial_api.o)
                0x00007da0                uart4_irq
 .text.uart2_irq
                0x00007de8       0x48 C:\Users\Christopher\Documents\EE 192\CODE\workspace.kds\Skeleton_World\mbed\TARGET_K64F\TOOLCHAIN_GCC_ARM\libmbed.a(serial_api.o)
                0x00007de8                uart2_irq
 .text.serial_init
                0x00007e30       0xfc C:\Users\Christopher\Documents\EE 192\CODE\workspace.kds\Skeleton_World\mbed\TARGET_K64F\TOOLCHAIN_GCC_ARM\libmbed.a(serial_api.o)
                0x00007e30                serial_init
 .text.serial_baud
                0x00007f2c       0x2c C:\Users\Christopher\Documents\EE 192\CODE\workspace.kds\Skeleton_World\mbed\TARGET_K64F\TOOLCHAIN_GCC_ARM\libmbed.a(serial_api.o)
                0x00007f2c                serial_baud
 .text.serial_irq_handler
                0x00007f58       0x1c C:\Users\Christopher\Documents\EE 192\CODE\workspace.kds\Skeleton_World\mbed\TARGET_K64F\TOOLCHAIN_GCC_ARM\libmbed.a(serial_api.o)
                0x00007f58                serial_irq_handler
 .text.serial_irq_set
                0x00007f74      0x13c C:\Users\Christopher\Documents\EE 192\CODE\workspace.kds\Skeleton_World\mbed\TARGET_K64F\TOOLCHAIN_GCC_ARM\libmbed.a(serial_api.o)
                0x00007f74                serial_irq_set
 .text.serial_readable
                0x000080b0       0x2c C:\Users\Christopher\Documents\EE 192\CODE\workspace.kds\Skeleton_World\mbed\TARGET_K64F\TOOLCHAIN_GCC_ARM\libmbed.a(serial_api.o)
                0x000080b0                serial_readable
 .text.serial_getc
                0x000080dc       0x20 C:\Users\Christopher\Documents\EE 192\CODE\workspace.kds\Skeleton_World\mbed\TARGET_K64F\TOOLCHAIN_GCC_ARM\libmbed.a(serial_api.o)
                0x000080dc                serial_getc
 .text.serial_writable
                0x000080fc       0x2c C:\Users\Christopher\Documents\EE 192\CODE\workspace.kds\Skeleton_World\mbed\TARGET_K64F\TOOLCHAIN_GCC_ARM\libmbed.a(serial_api.o)
                0x000080fc                serial_writable
 .text.serial_putc
                0x00008128       0x24 C:\Users\Christopher\Documents\EE 192\CODE\workspace.kds\Skeleton_World\mbed\TARGET_K64F\TOOLCHAIN_GCC_ARM\libmbed.a(serial_api.o)
                0x00008128                serial_putc
 .text.analogin_init
                0x0000814c       0xac C:\Users\Christopher\Documents\EE 192\CODE\workspace.kds\Skeleton_World\mbed\TARGET_K64F\TOOLCHAIN_GCC_ARM\libmbed.a(analogin_api.o)
                0x0000814c                analogin_init
 .text.analogin_read_u16
                0x000081f8       0x3c C:\Users\Christopher\Documents\EE 192\CODE\workspace.kds\Skeleton_World\mbed\TARGET_K64F\TOOLCHAIN_GCC_ARM\libmbed.a(analogin_api.o)
                0x000081f8                analogin_read_u16
 .text.pin_function
                0x00008234       0x78 C:\Users\Christopher\Documents\EE 192\CODE\workspace.kds\Skeleton_World\mbed\TARGET_K64F\TOOLCHAIN_GCC_ARM\libmbed.a(pinmap.o)
                0x00008234                pin_function
 .text.pin_mode
                0x000082ac       0x68 C:\Users\Christopher\Documents\EE 192\CODE\workspace.kds\Skeleton_World\mbed\TARGET_K64F\TOOLCHAIN_GCC_ARM\libmbed.a(pinmap.o)
                0x000082ac                pin_mode
 .text._ZN4mbed8FilePathC2EPKc
                0x00008314       0x54 C:\Users\Christopher\Documents\EE 192\CODE\workspace.kds\Skeleton_World\mbed\TARGET_K64F\TOOLCHAIN_GCC_ARM\libmbed.a(FilePath.o)
                0x00008314                mbed::FilePath::FilePath(char const*)
                0x00008314                mbed::FilePath::FilePath(char const*)
 .text._ZN4mbed8FilePath8fileNameEv
                0x00008368        0x4 C:\Users\Christopher\Documents\EE 192\CODE\workspace.kds\Skeleton_World\mbed\TARGET_K64F\TOOLCHAIN_GCC_ARM\libmbed.a(FilePath.o)
                0x00008368                mbed::FilePath::fileName()
 .text._ZN4mbed8FilePath10fileSystemEv
                0x0000836c       0x20 C:\Users\Christopher\Documents\EE 192\CODE\workspace.kds\Skeleton_World\mbed\TARGET_K64F\TOOLCHAIN_GCC_ARM\libmbed.a(FilePath.o)
                0x0000836c                mbed::FilePath::fileSystem()
 .text._ZN4mbed8FilePath6isFileEv
                0x0000838c       0x14 C:\Users\Christopher\Documents\EE 192\CODE\workspace.kds\Skeleton_World\mbed\TARGET_K64F\TOOLCHAIN_GCC_ARM\libmbed.a(FilePath.o)
                0x0000838c                mbed::FilePath::isFile()
 .text._ZN4mbed8FilePath4fileEv
                0x000083a0       0x20 C:\Users\Christopher\Documents\EE 192\CODE\workspace.kds\Skeleton_World\mbed\TARGET_K64F\TOOLCHAIN_GCC_ARM\libmbed.a(FilePath.o)
                0x000083a0                mbed::FilePath::file()
 .text._ZN4mbed8FilePath6existsEv
                0x000083c0        0xc C:\Users\Christopher\Documents\EE 192\CODE\workspace.kds\Skeleton_World\mbed\TARGET_K64F\TOOLCHAIN_GCC_ARM\libmbed.a(FilePath.o)
                0x000083c0                mbed::FilePath::exists()
 .text._ZN4mbed11InterruptInD2Ev
                0x000083cc       0x18 C:\Users\Christopher\Documents\EE 192\CODE\workspace.kds\Skeleton_World\mbed\TARGET_K64F\TOOLCHAIN_GCC_ARM\libmbed.a(InterruptIn.o)
                0x000083cc                mbed::InterruptIn::~InterruptIn()
                0x000083cc                mbed::InterruptIn::~InterruptIn()
 .text._ZN4mbed11InterruptInD0Ev
                0x000083e4       0x1c C:\Users\Christopher\Documents\EE 192\CODE\workspace.kds\Skeleton_World\mbed\TARGET_K64F\TOOLCHAIN_GCC_ARM\libmbed.a(InterruptIn.o)
                0x000083e4                mbed::InterruptIn::~InterruptIn()
 .text._ZN4mbed11InterruptIn12_irq_handlerEm14gpio_irq_event
                0x00008400       0x38 C:\Users\Christopher\Documents\EE 192\CODE\workspace.kds\Skeleton_World\mbed\TARGET_K64F\TOOLCHAIN_GCC_ARM\libmbed.a(InterruptIn.o)
                0x00008400                mbed::InterruptIn::_irq_handler(unsigned long, gpio_irq_event)
 .text._ZN4mbed11InterruptInC2E7PinName
                0x00008438       0x3c C:\Users\Christopher\Documents\EE 192\CODE\workspace.kds\Skeleton_World\mbed\TARGET_K64F\TOOLCHAIN_GCC_ARM\libmbed.a(InterruptIn.o)
                0x00008438                mbed::InterruptIn::InterruptIn(PinName)
                0x00008438                mbed::InterruptIn::InterruptIn(PinName)
 .text._ZN4mbed11InterruptIn4riseEPFvvE
                0x00008474       0x20 C:\Users\Christopher\Documents\EE 192\CODE\workspace.kds\Skeleton_World\mbed\TARGET_K64F\TOOLCHAIN_GCC_ARM\libmbed.a(InterruptIn.o)
                0x00008474                mbed::InterruptIn::rise(void (*)())
 .text._ZN4mbed11InterruptIn4fallEPFvvE
                0x00008494       0x20 C:\Users\Christopher\Documents\EE 192\CODE\workspace.kds\Skeleton_World\mbed\TARGET_K64F\TOOLCHAIN_GCC_ARM\libmbed.a(InterruptIn.o)
                0x00008494                mbed::InterruptIn::fall(void (*)())
 .text._ZN4mbed6Serial5_getcEv
                0x000084b4        0x4 C:\Users\Christopher\Documents\EE 192\CODE\workspace.kds\Skeleton_World\mbed\TARGET_K64F\TOOLCHAIN_GCC_ARM\libmbed.a(Serial.o)
                0x000084b4                mbed::Serial::_getc()
 .text._ZThn60_N4mbed6Serial5_getcEv
                0x000084b8        0x8 C:\Users\Christopher\Documents\EE 192\CODE\workspace.kds\Skeleton_World\mbed\TARGET_K64F\TOOLCHAIN_GCC_ARM\libmbed.a(Serial.o)
                0x000084b8                non-virtual thunk to mbed::Serial::_getc()
 .text._ZN4mbed6Serial5_putcEi
                0x000084c0        0x4 C:\Users\Christopher\Documents\EE 192\CODE\workspace.kds\Skeleton_World\mbed\TARGET_K64F\TOOLCHAIN_GCC_ARM\libmbed.a(Serial.o)
                0x000084c0                mbed::Serial::_putc(int)
 .text._ZThn60_N4mbed6Serial5_putcEi
                0x000084c4        0x8 C:\Users\Christopher\Documents\EE 192\CODE\workspace.kds\Skeleton_World\mbed\TARGET_K64F\TOOLCHAIN_GCC_ARM\libmbed.a(Serial.o)
                0x000084c4                non-virtual thunk to mbed::Serial::_putc(int)
 .text._ZN4mbed6SerialC2E7PinNameS1_PKc
                0x000084cc       0x30 C:\Users\Christopher\Documents\EE 192\CODE\workspace.kds\Skeleton_World\mbed\TARGET_K64F\TOOLCHAIN_GCC_ARM\libmbed.a(Serial.o)
                0x000084cc                mbed::Serial::Serial(PinName, PinName, char const*)
                0x000084cc                mbed::Serial::Serial(PinName, PinName, char const*)
 .text._ZN4mbed10SerialBase12_irq_handlerEm9SerialIrq
                0x000084fc       0x34 C:\Users\Christopher\Documents\EE 192\CODE\workspace.kds\Skeleton_World\mbed\TARGET_K64F\TOOLCHAIN_GCC_ARM\libmbed.a(SerialBase.o)
                0x000084fc                mbed::SerialBase::_irq_handler(unsigned long, SerialIrq)
 .text._ZN4mbed10SerialBaseC2E7PinNameS1_
                0x00008530       0x38 C:\Users\Christopher\Documents\EE 192\CODE\workspace.kds\Skeleton_World\mbed\TARGET_K64F\TOOLCHAIN_GCC_ARM\libmbed.a(SerialBase.o)
                0x00008530                mbed::SerialBase::SerialBase(PinName, PinName)
                0x00008530                mbed::SerialBase::SerialBase(PinName, PinName)
 .text._ZN4mbed10SerialBase4baudEi
                0x00008568       0x10 C:\Users\Christopher\Documents\EE 192\CODE\workspace.kds\Skeleton_World\mbed\TARGET_K64F\TOOLCHAIN_GCC_ARM\libmbed.a(SerialBase.o)
                0x00008568                mbed::SerialBase::baud(int)
 .text._ZN4mbed10SerialBase10_base_getcEv
                0x00008578        0x8 C:\Users\Christopher\Documents\EE 192\CODE\workspace.kds\Skeleton_World\mbed\TARGET_K64F\TOOLCHAIN_GCC_ARM\libmbed.a(SerialBase.o)
                0x00008578                mbed::SerialBase::_base_getc()
 .text._ZN4mbed10SerialBase10_base_putcEi
                0x00008580       0x10 C:\Users\Christopher\Documents\EE 192\CODE\workspace.kds\Skeleton_World\mbed\TARGET_K64F\TOOLCHAIN_GCC_ARM\libmbed.a(SerialBase.o)
                0x00008580                mbed::SerialBase::_base_putc(int)
 .text._ZN4mbed6Ticker7handlerEv
                0x00008590       0x30 C:\Users\Christopher\Documents\EE 192\CODE\workspace.kds\Skeleton_World\mbed\TARGET_K64F\TOOLCHAIN_GCC_ARM\libmbed.a(Ticker.o)
                0x00008590                mbed::Ticker::handler()
 .text._ZN4mbed6Ticker6detachEv
                0x000085c0       0x10 C:\Users\Christopher\Documents\EE 192\CODE\workspace.kds\Skeleton_World\mbed\TARGET_K64F\TOOLCHAIN_GCC_ARM\libmbed.a(Ticker.o)
                0x000085c0                mbed::Ticker::detach()
 .text._ZN4mbed6Ticker5setupEm
                0x000085d0       0x20 C:\Users\Christopher\Documents\EE 192\CODE\workspace.kds\Skeleton_World\mbed\TARGET_K64F\TOOLCHAIN_GCC_ARM\libmbed.a(Ticker.o)
                0x000085d0                mbed::Ticker::setup(unsigned long)
 .text._ZN4mbed6Stream5closeEv
                0x000085f0        0x4 C:\Users\Christopher\Documents\EE 192\CODE\workspace.kds\Skeleton_World\mbed\TARGET_K64F\TOOLCHAIN_GCC_ARM\libmbed.a(Stream.o)
                0x000085f0                mbed::Stream::close()
 .text._ZN4mbed6Stream5writeEPKvj
                0x000085f4       0x2c C:\Users\Christopher\Documents\EE 192\CODE\workspace.kds\Skeleton_World\mbed\TARGET_K64F\TOOLCHAIN_GCC_ARM\libmbed.a(Stream.o)
                0x000085f4                mbed::Stream::write(void const*, unsigned int)
 .text._ZN4mbed6Stream4readEPvj
                0x00008620       0x2c C:\Users\Christopher\Documents\EE 192\CODE\workspace.kds\Skeleton_World\mbed\TARGET_K64F\TOOLCHAIN_GCC_ARM\libmbed.a(Stream.o)
                0x00008620                mbed::Stream::read(void*, unsigned int)
 .text._ZN4mbed6Stream5lseekEli
                0x0000864c        0x4 C:\Users\Christopher\Documents\EE 192\CODE\workspace.kds\Skeleton_World\mbed\TARGET_K64F\TOOLCHAIN_GCC_ARM\libmbed.a(Stream.o)
                0x0000864c                mbed::Stream::lseek(long, int)
 .text._ZN4mbed6Stream6isattyEv
                0x00008650        0x4 C:\Users\Christopher\Documents\EE 192\CODE\workspace.kds\Skeleton_World\mbed\TARGET_K64F\TOOLCHAIN_GCC_ARM\libmbed.a(Stream.o)
                0x00008650                mbed::Stream::isatty()
 .text._ZN4mbed6Stream5fsyncEv
                0x00008654        0x4 C:\Users\Christopher\Documents\EE 192\CODE\workspace.kds\Skeleton_World\mbed\TARGET_K64F\TOOLCHAIN_GCC_ARM\libmbed.a(Stream.o)
                0x00008654                mbed::Stream::fsync()
 .text._ZN4mbed6Stream4flenEv
                0x00008658        0x4 C:\Users\Christopher\Documents\EE 192\CODE\workspace.kds\Skeleton_World\mbed\TARGET_K64F\TOOLCHAIN_GCC_ARM\libmbed.a(Stream.o)
                0x00008658                mbed::Stream::flen()
 .text._ZN4mbed6StreamC2EPKc
                0x0000865c       0x44 C:\Users\Christopher\Documents\EE 192\CODE\workspace.kds\Skeleton_World\mbed\TARGET_K64F\TOOLCHAIN_GCC_ARM\libmbed.a(Stream.o)
                0x0000865c                mbed::Stream::Stream(char const*)
                0x0000865c                mbed::Stream::Stream(char const*)
 .text._ZN4mbed6StreamD2Ev
                0x000086a0       0x24 C:\Users\Christopher\Documents\EE 192\CODE\workspace.kds\Skeleton_World\mbed\TARGET_K64F\TOOLCHAIN_GCC_ARM\libmbed.a(Stream.o)
                0x000086a0                mbed::Stream::~Stream()
                0x000086a0                mbed::Stream::~Stream()
 .text._ZN4mbed6Stream4putcEi
                0x000086c4       0x18 C:\Users\Christopher\Documents\EE 192\CODE\workspace.kds\Skeleton_World\mbed\TARGET_K64F\TOOLCHAIN_GCC_ARM\libmbed.a(Stream.o)
                0x000086c4                mbed::Stream::putc(int)
 .text._ZN4mbed6Stream4putsEPKc
                0x000086dc       0x18 C:\Users\Christopher\Documents\EE 192\CODE\workspace.kds\Skeleton_World\mbed\TARGET_K64F\TOOLCHAIN_GCC_ARM\libmbed.a(Stream.o)
                0x000086dc                mbed::Stream::puts(char const*)
 .text.mbed_assert_internal
                0x000086f4       0x18 C:\Users\Christopher\Documents\EE 192\CODE\workspace.kds\Skeleton_World\mbed\TARGET_K64F\TOOLCHAIN_GCC_ARM\libmbed.a(assert.o)
                0x000086f4                mbed_assert_internal
 .text._ZN4mbed5Timer9slicetimeEv.part.0
                0x0000870c       0x10 C:\Users\Christopher\Documents\EE 192\CODE\workspace.kds\Skeleton_World\mbed\TARGET_K64F\TOOLCHAIN_GCC_ARM\libmbed.a(Timer.o)
 .text._ZN4mbed5TimerC2Ev
                0x0000871c       0x20 C:\Users\Christopher\Documents\EE 192\CODE\workspace.kds\Skeleton_World\mbed\TARGET_K64F\TOOLCHAIN_GCC_ARM\libmbed.a(Timer.o)
                0x0000871c                mbed::Timer::Timer()
                0x0000871c                mbed::Timer::Timer()
 .text._ZN4mbed5Timer5startEv
                0x0000873c       0x18 C:\Users\Christopher\Documents\EE 192\CODE\workspace.kds\Skeleton_World\mbed\TARGET_K64F\TOOLCHAIN_GCC_ARM\libmbed.a(Timer.o)
                0x0000873c                mbed::Timer::start()
 .text._ZN4mbed5Timer7read_msEv
                0x00008754       0x24 C:\Users\Christopher\Documents\EE 192\CODE\workspace.kds\Skeleton_World\mbed\TARGET_K64F\TOOLCHAIN_GCC_ARM\libmbed.a(Timer.o)
                0x00008754                mbed::Timer::read_ms()
 .text._ZN4mbed10TimerEvent3irqEm
                0x00008778        0x8 C:\Users\Christopher\Documents\EE 192\CODE\workspace.kds\Skeleton_World\mbed\TARGET_K64F\TOOLCHAIN_GCC_ARM\libmbed.a(TimerEvent.o)
                0x00008778                mbed::TimerEvent::irq(unsigned long)
 .text._ZN4mbed10TimerEventC2Ev
                0x00008780       0x28 C:\Users\Christopher\Documents\EE 192\CODE\workspace.kds\Skeleton_World\mbed\TARGET_K64F\TOOLCHAIN_GCC_ARM\libmbed.a(TimerEvent.o)
                0x00008780                mbed::TimerEvent::TimerEvent()
                0x00008780                mbed::TimerEvent::TimerEvent()
 .text._ZN4mbed10TimerEventD2Ev
                0x000087a8       0x18 C:\Users\Christopher\Documents\EE 192\CODE\workspace.kds\Skeleton_World\mbed\TARGET_K64F\TOOLCHAIN_GCC_ARM\libmbed.a(TimerEvent.o)
                0x000087a8                mbed::TimerEvent::~TimerEvent()
                0x000087a8                mbed::TimerEvent::~TimerEvent()
 .text._ZN4mbed10TimerEvent6insertEm
                0x000087c0        0xc C:\Users\Christopher\Documents\EE 192\CODE\workspace.kds\Skeleton_World\mbed\TARGET_K64F\TOOLCHAIN_GCC_ARM\libmbed.a(TimerEvent.o)
                0x000087c0                mbed::TimerEvent::insert(unsigned long)
 .text._ZN4mbed10TimerEvent6removeEv
                0x000087cc        0x8 C:\Users\Christopher\Documents\EE 192\CODE\workspace.kds\Skeleton_World\mbed\TARGET_K64F\TOOLCHAIN_GCC_ARM\libmbed.a(TimerEvent.o)
                0x000087cc                mbed::TimerEvent::remove()
 .text.error    0x000087d4       0x24 C:\Users\Christopher\Documents\EE 192\CODE\workspace.kds\Skeleton_World\mbed\TARGET_K64F\TOOLCHAIN_GCC_ARM\libmbed.a(error.o)
                0x000087d4                error
 .text.gpio_init_in