Archive member included because of file (symbol)

/Users/esg_jlk/workspace.kds/Skeleton_World/mbed/TARGET_K64F/TOOLCHAIN_GCC_ARM/libmbed.a(crc.o)
                              ../mbed/TARGET_K64F/TOOLCHAIN_GCC_ARM/mbed_overrides.o (crcSlow)
/Users/esg_jlk/workspace.kds/Skeleton_World/mbed/TARGET_K64F/TOOLCHAIN_GCC_ARM/libmbed.a(fsl_clock_config.o)
                              ../mbed/TARGET_K64F/TOOLCHAIN_GCC_ARM/mbed_overrides.o (BOARD_BootClockRUN)
/Users/esg_jlk/workspace.kds/Skeleton_World/mbed/TARGET_K64F/TOOLCHAIN_GCC_ARM/libmbed.a(fsl_common.o)
                              ../mbed/TARGET_K64F/TOOLCHAIN_GCC_ARM/cmsis_nvic.o (InstallIRQHandler)
/Users/esg_jlk/workspace.kds/Skeleton_World/mbed/TARGET_K64F/TOOLCHAIN_GCC_ARM/libmbed.a(fsl_clock.o)
                              /Users/esg_jlk/workspace.kds/Skeleton_World/mbed/TARGET_K64F/TOOLCHAIN_GCC_ARM/libmbed.a(fsl_clock_config.o) (g_xtal0Freq)
/Users/esg_jlk/workspace.kds/Skeleton_World/mbed/TARGET_K64F/TOOLCHAIN_GCC_ARM/libmbed.a(fsl_smc.o)
                              /Users/esg_jlk/workspace.kds/Skeleton_World/mbed/TARGET_K64F/TOOLCHAIN_GCC_ARM/libmbed.a(fsl_clock_config.o) (SMC_SetPowerModeVlpr)
/Users/esg_jlk/workspace.kds/Skeleton_World/mbed/TARGET_K64F/TOOLCHAIN_GCC_ARM/libmbed.a(serial_api.o)
                              ../mbed/TARGET_K64F/TOOLCHAIN_GCC_ARM/retarget.o (serial_init)
/Users/esg_jlk/workspace.kds/Skeleton_World/mbed/TARGET_K64F/TOOLCHAIN_GCC_ARM/libmbed.a(pinmap.o)
                              /Users/esg_jlk/workspace.kds/Skeleton_World/mbed/TARGET_K64F/TOOLCHAIN_GCC_ARM/libmbed.a(serial_api.o) (pin_mode)
/Users/esg_jlk/workspace.kds/Skeleton_World/mbed/TARGET_K64F/TOOLCHAIN_GCC_ARM/libmbed.a(FilePath.o)
                              ../mbed/TARGET_K64F/TOOLCHAIN_GCC_ARM/retarget.o (mbed::FilePath::FilePath(char const*))
/Users/esg_jlk/workspace.kds/Skeleton_World/mbed/TARGET_K64F/TOOLCHAIN_GCC_ARM/libmbed.a(FileSystemLike.o)
                              ../mbed/TARGET_K64F/TOOLCHAIN_GCC_ARM/retarget.o (mbed::FileSystemLike::opendir())
/Users/esg_jlk/workspace.kds/Skeleton_World/mbed/TARGET_K64F/TOOLCHAIN_GCC_ARM/libmbed.a(Serial.o)
                              MODSERIAL/MODSERIAL.o (mbed::Serial::Serial(PinName, PinName, char const*))
/Users/esg_jlk/workspace.kds/Skeleton_World/mbed/TARGET_K64F/TOOLCHAIN_GCC_ARM/libmbed.a(SerialBase.o)
                              /Users/esg_jlk/workspace.kds/Skeleton_World/mbed/TARGET_K64F/TOOLCHAIN_GCC_ARM/libmbed.a(Serial.o) (mbed::SerialBase::SerialBase(PinName, PinName))
/Users/esg_jlk/workspace.kds/Skeleton_World/mbed/TARGET_K64F/TOOLCHAIN_GCC_ARM/libmbed.a(Stream.o)
                              MODSERIAL/MODSERIAL.o (mbed::Stream::close())
/Users/esg_jlk/workspace.kds/Skeleton_World/mbed/TARGET_K64F/TOOLCHAIN_GCC_ARM/libmbed.a(assert.o)
                              main.o (mbed_assert_internal)
/Users/esg_jlk/workspace.kds/Skeleton_World/mbed/TARGET_K64F/TOOLCHAIN_GCC_ARM/libmbed.a(error.o)
                              mbed-rtos/rtx/TARGET_CORTEX_M/RTX_Conf_CM.o (error)
/Users/esg_jlk/workspace.kds/Skeleton_World/mbed/TARGET_K64F/TOOLCHAIN_GCC_ARM/libmbed.a(gpio.o)
                              ../mbed/TARGET_K64F/TOOLCHAIN_GCC_ARM/mbed_overrides.o (gpio_init_in)
/Users/esg_jlk/workspace.kds/Skeleton_World/mbed/TARGET_K64F/TOOLCHAIN_GCC_ARM/libmbed.a(pinmap_common.o)
                              /Users/esg_jlk/workspace.kds/Skeleton_World/mbed/TARGET_K64F/TOOLCHAIN_GCC_ARM/libmbed.a(serial_api.o) (pinmap_pinout)
/Users/esg_jlk/workspace.kds/Skeleton_World/mbed/TARGET_K64F/TOOLCHAIN_GCC_ARM/libmbed.a(wait_api.o)
                              /Users/esg_jlk/workspace.kds/Skeleton_World/mbed/TARGET_K64F/TOOLCHAIN_GCC_ARM/libmbed.a(SerialBase.o) (wait_us)
/Users/esg_jlk/workspace.kds/Skeleton_World/mbed/TARGET_K64F/TOOLCHAIN_GCC_ARM/libmbed.a(PeripheralPins.o)
                              /Users/esg_jlk/workspace.kds/Skeleton_World/mbed/TARGET_K64F/TOOLCHAIN_GCC_ARM/libmbed.a(serial_api.o) (PinMap_UART_RX)
/Users/esg_jlk/workspace.kds/Skeleton_World/mbed/TARGET_K64F/TOOLCHAIN_GCC_ARM/libmbed.a(fsl_uart.o)
                              /Users/esg_jlk/workspace.kds/Skeleton_World/mbed/TARGET_K64F/TOOLCHAIN_GCC_ARM/libmbed.a(serial_api.o) (UART_Init)
/Users/esg_jlk/workspace.kds/Skeleton_World/mbed/TARGET_K64F/TOOLCHAIN_GCC_ARM/libmbed.a(us_ticker.o)
                              /Users/esg_jlk/workspace.kds/Skeleton_World/mbed/TARGET_K64F/TOOLCHAIN_GCC_ARM/libmbed.a(wait_api.o) (us_ticker_read)
/Users/esg_jlk/workspace.kds/Skeleton_World/mbed/TARGET_K64F/TOOLCHAIN_GCC_ARM/libmbed.a(gpio_api.o)
                              /Users/esg_jlk/workspace.kds/Skeleton_World/mbed/TARGET_K64F/TOOLCHAIN_GCC_ARM/libmbed.a(gpio.o) (gpio_init)
/Users/esg_jlk/workspace.kds/Skeleton_World/mbed/TARGET_K64F/TOOLCHAIN_GCC_ARM/libmbed.a(FileBase.o)
[...]
Memory Configuration

Name             Origin             Length             Attributes
m_interrupts     0x0000000000000000 0x0000000000000400 xr
m_flash_config   0x0000000000000400 0x0000000000000010 xr
m_text           0x0000000000000410 0x00000000000ffbf0 xr
m_data           0x000000001fff0000 0x0000000000010000 rw
m_data_2         0x0000000020000000 0x0000000000030000 rw
*default*        0x0000000000000000 0xffffffffffffffff

Linker script and memory map

LOAD /Applications/KDS_v3.app/Contents/toolchain/bin/../lib/gcc/arm-none-eabi/4.8.4/armv7e-m/softfp/crti.o
LOAD /Applications/KDS_v3.app/Contents/toolchain/bin/../lib/gcc/arm-none-eabi/4.8.4/armv7e-m/softfp/crtbegin.o
LOAD /Applications/KDS_v3.app/Contents/toolchain/bin/../lib/gcc/arm-none-eabi/4.8.4/../../../../arm-none-eabi/lib/armv7e-m/softfp/crt0.o
LOAD mbed-rtos/rtx/TARGET_CORTEX_M/rt_Timer.o
LOAD mbed-rtos/rtx/TARGET_CORTEX_M/rt_Time.o
LOAD mbed-rtos/rtx/TARGET_CORTEX_M/rt_Task.o
LOAD mbed-rtos/rtx/TARGET_CORTEX_M/rt_System.o
LOAD mbed-rtos/rtx/TARGET_CORTEX_M/rt_Semaphore.o
LOAD mbed-rtos/rtx/TARGET_CORTEX_M/rt_Robin.o
LOAD mbed-rtos/rtx/TARGET_CORTEX_M/rt_Mutex.o
LOAD mbed-rtos/rtx/TARGET_CORTEX_M/rt_Memory.o
LOAD mbed-rtos/rtx/TARGET_CORTEX_M/rt_MemBox.o
LOAD mbed-rtos/rtx/TARGET_CORTEX_M/rt_Mailbox.o
LOAD mbed-rtos/rtx/TARGET_CORTEX_M/rt_List.o
LOAD mbed-rtos/rtx/TARGET_CORTEX_M/rt_Event.o
LOAD mbed-rtos/rtx/TARGET_CORTEX_M/rt_CMSIS.o
LOAD mbed-rtos/rtx/TARGET_CORTEX_M/TARGET_RTOS_M4_M7/TOOLCHAIN_GCC/SVC_Table.o
LOAD mbed-rtos/rtx/TARGET_CORTEX_M/TARGET_RTOS_M4_M7/TOOLCHAIN_GCC/HAL_CM4.o
LOAD mbed-rtos/rtx/TARGET_CORTEX_M/RTX_Conf_CM.o
LOAD mbed-rtos/rtx/TARGET_CORTEX_M/HAL_CM.o
LOAD mbed-rtos/rtos/rtos_idle.o
LOAD mbed-rtos/rtos/Thread.o
LOAD mbed-rtos/rtos/Semaphore.o
LOAD mbed-rtos/rtos/RtosTimer.o
LOAD mbed-rtos/rtos/Mutex.o
LOAD main.o
LOAD MODSERIAL/example3b.o
LOAD MODSERIAL/example3a.o
LOAD MODSERIAL/example2.o
LOAD MODSERIAL/example1.o
LOAD MODSERIAL/RESIZE.o
LOAD MODSERIAL/PUTC.o
LOAD MODSERIAL/MODSERIAL_IRQ_INFO.o
LOAD MODSERIAL/MODSERIAL.o
LOAD MODSERIAL/ISR_TX.o
LOAD MODSERIAL/ISR_RX.o
LOAD MODSERIAL/INIT.o
LOAD MODSERIAL/GETC.o
LOAD MODSERIAL/FLUSH.o
LOAD MODSERIAL/Device/MODSERIAL_PAC_F401RB.o
LOAD MODSERIAL/Device/MODSERIAL_NUCLEO_F401RE.o
LOAD MODSERIAL/Device/MODSERIAL_LPC1768.o
LOAD MODSERIAL/Device/MODSERIAL_LPC11U24.o
LOAD MODSERIAL/Device/MODSERIAL_KSDK.o
LOAD MODSERIAL/Device/MODSERIAL_KL25Z.o
LOAD MODSERIAL/Device/MODSERIAL_KL05Z.o
LOAD MODSERIAL/ChangeLog.o
LOAD ../mbed/TARGET_K64F/TOOLCHAIN_GCC_ARM/board.o
LOAD ../mbed/TARGET_K64F/TOOLCHAIN_GCC_ARM/cmsis_nvic.o
LOAD ../mbed/TARGET_K64F/TOOLCHAIN_GCC_ARM/mbed_overrides.o
LOAD ../mbed/TARGET_K64F/TOOLCHAIN_GCC_ARM/retarget.o
LOAD ../mbed/TARGET_K64F/TOOLCHAIN_GCC_ARM/startup_MK64F12.o
LOAD ../mbed/TARGET_K64F/TOOLCHAIN_GCC_ARM/system_MK64F12.o
LOAD /Users/esg_jlk/workspace.kds/Skeleton_World/mbed/TARGET_K64F/TOOLCHAIN_GCC_ARM/libmbed.a
LOAD /Applications/KDS_v3.app/Contents/toolchain/bin/../lib/gcc/arm-none-eabi/4.8.4/../../../../arm-none-eabi/lib/armv7e-m/softfp/libstdc++.a
LOAD /Applications/KDS_v3.app/Contents/toolchain/bin/../lib/gcc/arm-none-eabi/4.8.4/../../../../arm-none-eabi/lib/armv7e-m/softfp/libm.a
START GROUP
LOAD /Applications/KDS_v3.app/Contents/toolchain/bin/../lib/gcc/arm-none-eabi/4.8.4/armv7e-m/softfp/libgcc.a
LOAD /Applications/KDS_v3.app/Contents/toolchain/bin/../lib/gcc/arm-none-eabi/4.8.4/../../../../arm-none-eabi/lib/armv7e-m/softfp/libg.a
LOAD /Applications/KDS_v3.app/Contents/toolchain/bin/../lib/gcc/arm-none-eabi/4.8.4/../../../../arm-none-eabi/lib/armv7e-m/softfp/libc.a
END GROUP
START GROUP
LOAD /Applications/KDS_v3.app/Contents/toolchain/bin/../lib/gcc/arm-none-eabi/4.8.4/armv7e-m/softfp/libgcc.a
LOAD /Applications/KDS_v3.app/Contents/toolchain/bin/../lib/gcc/arm-none-eabi/4.8.4/../../../../arm-none-eabi/lib/armv7e-m/softfp/libc.a
LOAD /Applications/KDS_v3.app/Contents/toolchain/bin/../lib/gcc/arm-none-eabi/4.8.4/../../../../arm-none-eabi/lib/armv7e-m/softfp/libnosys.a
END GROUP
LOAD /Applications/KDS_v3.app/Contents/toolchain/bin/../lib/gcc/arm-none-eabi/4.8.4/armv7e-m/softfp/crtend.o
LOAD /Applications/KDS_v3.app/Contents/toolchain/bin/../lib/gcc/arm-none-eabi/4.8.4/armv7e-m/softfp/crtn.o
                0x0000000000000001                __ram_vector_table__ = 0x1
                0x0000000000008000                __stack_size__ = 0x8000
                0x0000000000010000                __heap_size__ = 0x10000
                0x0000000000000400                HEAP_SIZE = DEFINED (__heap_size__)?__heap_size__:0x400
                0x0000000000000400                STACK_SIZE = DEFINED (__stack_size__)?__stack_size__:0x400
                0x0000000000000000                M_VECTOR_RAM_SIZE = DEFINED (__ram_vector_table__)?0x400:0x0

.interrupts     0x0000000000000000      0x400
                0x0000000000000000                __VECTOR_TABLE = .
                0x0000000000000000                . = ALIGN (0x4)
 *(.isr_vector)
 .isr_vector    0x0000000000000000      0x400 ../mbed/TARGET_K64F/TOOLCHAIN_GCC_ARM/startup_MK64F12.o
                0x0000000000000000                __isr_vector
                0x0000000000000400                . = ALIGN (0x4)

.flash_config   0x0000000000000400       0x10
                0x0000000000000400                . = ALIGN (0x4)
 *(.FlashConfig)
 .FlashConfig   0x0000000000000400       0x10 ../mbed/TARGET_K64F/TOOLCHAIN_GCC_ARM/startup_MK64F12.o
                0x0000000000000410                . = ALIGN (0x4)

.text           0x0000000000000410    0x10528
                0x0000000000000410                . = ALIGN (0x4)
 *(.text)
 .text          0x0000000000000410       0x54 /Applications/KDS_v3.app/Contents/toolchain/bin/../lib/gcc/arm-none-eabi/4.8.4/armv7e-m/softfp/crtbegin.o
 .text          0x0000000000000464       0x74 /Applications/KDS_v3.app/Contents/toolchain/bin/../lib/gcc/arm-none-eabi/4.8.4/../../../../arm-none-eabi/lib/armv7e-m/softfp/crt0.o
                0x0000000000000464                _mainCRTStartup
                0x0000000000000464                _start
 .text          0x00000000000004d8      0x19c mbed-rtos/rtx/TARGET_CORTEX_M/TARGET_RTOS_M4_M7/TOOLCHAIN_GCC/HAL_CM4.o
                0x00000000000004d8                rt_set_PSP
                0x00000000000004de                rt_get_PSP
                0x00000000000004e4                os_set_env
                0x00000000000004fc                _alloc_box
                0x0000000000000518                _free_box
                0x0000000000000534                SVC_Handler
                0x00000000000005e0                PendSV_Handler
                0x00000000000005e6                Sys_Switch
                0x0000000000000640                SysTick_Handler
                0x000000000000064a                OS_Tick_Handler
 .text          0x0000000000000674      0x1e4 ../mbed/TARGET_K64F/TOOLCHAIN_GCC_ARM/startup_MK64F12.o
                0x0000000000000674                Reset_Handler
                0x00000000000006b8                DebugMon_Handler
                0x00000000000006b8                PORTC_IRQHandler
                0x00000000000006b8                DMA0_DriverIRQHandler
                0x00000000000006b8                DMA12_DriverIRQHandler
                0x00000000000006b8                SPI1_DriverIRQHandler
                0x00000000000006b8                DMA_Error_DriverIRQHandler
                0x00000000000006b8                CMP0_IRQHandler
                0x00000000000006b8                DMA7_DriverIRQHandler
                0x00000000000006b8                I2C0_DriverIRQHandler
                0x00000000000006b8                ENET_Transmit_DriverIRQHandler
                0x00000000000006b8                DMA2_DriverIRQHandler
                0x00000000000006b8                UART1_ERR_DriverIRQHandler
                0x00000000000006b8                SDHC_DriverIRQHandler
                0x00000000000006b8                PIT0_IRQHandler
                0x00000000000006b8                BusFault_Handler
                0x00000000000006b8                CMP2_IRQHandler
                0x00000000000006b8                LLWU_IRQHandler
                0x00000000000006b8                I2S0_Tx_DriverIRQHandler
                0x00000000000006b8                DMA6_DriverIRQHandler
                0x00000000000006b8                LPTMR0_IRQHandler
                0x00000000000006b8                FTM2_IRQHandler
                0x00000000000006b8                PORTE_IRQHandler
                0x00000000000006b8                ENET_1588_Timer_DriverIRQHandler
                0x00000000000006b8                I2C2_DriverIRQHandler
                0x00000000000006b8                SWI_IRQHandler
                0x00000000000006b8                ADC0_IRQHandler
                0x00000000000006b8                UsageFault_Handler
                0x00000000000006b8                FTM3_IRQHandler
                0x00000000000006b8                CMT_IRQHandler
                0x00000000000006b8                CAN0_DriverIRQHandler
                0x00000000000006b8                MCM_IRQHandler
                0x00000000000006b8                DefaultISR
                0x00000000000006b8                DAC1_IRQHandler
                0x00000000000006b8                UART5_ERR_DriverIRQHandler
                0x00000000000006b8                PORTA_IRQHandler
                0x00000000000006b8                DMA11_DriverIRQHandler
                0x00000000000006b8                CMP1_IRQHandler
                0x00000000000006b8                Reserved71_IRQHandler
                0x00000000000006b8                PORTD_IRQHandler
                0x00000000000006b8                PORTB_IRQHandler
                0x00000000000006b8                DMA10_DriverIRQHandler
                0x00000000000006b8                FTM0_IRQHandler
                0x00000000000006b8                UART2_ERR_DriverIRQHandler
                0x00000000000006b8                SPI2_DriverIRQHandler
                0x00000000000006b8                ADC1_IRQHandler
                0x00000000000006b8                DMA5_DriverIRQHandler
                0x00000000000006b8                DMA4_DriverIRQHandler
                0x00000000000006b8                LVD_LVW_IRQHandler
                0x00000000000006b8                PIT2_IRQHandler
                0x00000000000006b8                PIT1_IRQHandler
                0x00000000000006b8                SPI0_DriverIRQHandler
                0x00000000000006b8                RTC_IRQHandler
                0x00000000000006b8                UART3_ERR_DriverIRQHandler
                0x00000000000006b8                PDB0_IRQHandler
                0x00000000000006b8                MemManage_Handler
                0x00000000000006b8                WDOG_EWM_IRQHandler
                0x00000000000006b8                UART0_LON_DriverIRQHandler
                0x00000000000006b8                FTM1_IRQHandler
                0x00000000000006b8                DMA15_DriverIRQHandler
                0x00000000000006b8                ENET_Error_DriverIRQHandler
                0x00000000000006b8                DMA3_DriverIRQHandler
                0x00000000000006b8                PIT3_IRQHandler
                0x00000000000006b8                DMA13_DriverIRQHandler
                0x00000000000006b8                RTC_Seconds_IRQHandler
                0x00000000000006b8                MCG_IRQHandler
                0x00000000000006b8                FTFE_IRQHandler
                0x00000000000006b8                DMA9_DriverIRQHandler
                0x00000000000006b8                DMA8_DriverIRQHandler
                0x00000000000006b8                UART0_ERR_DriverIRQHandler
                0x00000000000006b8                DAC0_IRQHandler
                0x00000000000006b8                ENET_Receive_DriverIRQHandler
                0x00000000000006b8                I2C1_DriverIRQHandler
                0x00000000000006b8                Read_Collision_IRQHandler
                0x00000000000006b8                DMA14_DriverIRQHandler
                0x00000000000006b8                RNG_IRQHandler
                0x00000000000006b8                USBDCD_IRQHandler
                0x00000000000006b8                I2S0_Rx_DriverIRQHandler
                0x00000000000006b8                USB0_IRQHandler
                0x00000000000006b8                DMA1_DriverIRQHandler
                0x00000000000006b8                UART4_ERR_DriverIRQHandler
                0x00000000000006c0                HardFault_Handler
                0x00000000000006d0                DMA0_IRQHandler
                0x00000000000006d4                DMA1_IRQHandler
                0x00000000000006d8                DMA2_IRQHandler
                0x00000000000006dc                DMA3_IRQHandler
                0x00000000000006e0                DMA4_IRQHandler
                0x00000000000006e4                DMA5_IRQHandler
                0x00000000000006e8                DMA6_IRQHandler
                0x00000000000006ec                DMA7_IRQHandler
                0x00000000000006f0                DMA8_IRQHandler
                0x00000000000006f4                DMA9_IRQHandler
                0x00000000000006f8                DMA10_IRQHandler
                0x00000000000006fc                DMA11_IRQHandler
                0x0000000000000700                DMA12_IRQHandler
                0x0000000000000704                DMA13_IRQHandler
                0x0000000000000708                DMA14_IRQHandler
                0x000000000000070c                DMA15_IRQHandler
                0x0000000000000710                DMA_Error_IRQHandler
                0x0000000000000714                I2C0_IRQHandler
                0x0000000000000718                I2C1_IRQHandler
                0x000000000000071c                SPI0_IRQHandler
                0x0000000000000720                SPI1_IRQHandler
                0x0000000000000724                I2S0_Tx_IRQHandler
                0x0000000000000728                I2S0_Rx_IRQHandler
                0x000000000000072c                UART0_LON_IRQHandler
                0x0000000000000730                UART0_RX_TX_IRQHandler
                0x0000000000000734                UART0_ERR_IRQHandler
                0x0000000000000738                UART1_RX_TX_IRQHandler
                0x000000000000073c                UART1_ERR_IRQHandler
                0x0000000000000740                UART2_RX_TX_IRQHandler
                0x0000000000000744                UART2_ERR_IRQHandler
                0x0000000000000748                UART3_RX_TX_IRQHandler
                0x000000000000074c                UART3_ERR_IRQHandler
                0x0000000000000750                SPI2_IRQHandler
                0x0000000000000754                UART4_RX_TX_IRQHandler
                0x0000000000000758                UART4_ERR_IRQHandler
                0x000000000000075c                UART5_RX_TX_IRQHandler
                0x0000000000000760                UART5_ERR_IRQHandler
                0x0000000000000764                I2C2_IRQHandler
                0x0000000000000768                CAN0_ORed_Message_buffer_IRQHandler
                0x000000000000076c                CAN0_Bus_Off_IRQHandler
                0x0000000000000770                CAN0_Error_IRQHandler
                0x0000000000000774                CAN0_Tx_Warning_IRQHandler
                0x0000000000000778                CAN0_Rx_Warning_IRQHandler
                0x000000000000077c                CAN0_Wake_Up_IRQHandler
                0x0000000000000780                SDHC_IRQHandler
                0x0000000000000784                ENET_1588_Timer_IRQHandler
                0x0000000000000788                ENET_Transmit_IRQHandler
                0x000000000000078c                ENET_Receive_IRQHandler
                0x0000000000000790                ENET_Error_IRQHandler
 .text          0x0000000000000858       0x2c /Applications/KDS_v3.app/Contents/toolchain/bin/../lib/gcc/arm-none-eabi/4.8.4/armv7e-m/softfp/libgcc.a(_aeabi_uldivmod.o)
                0x0000000000000858                __aeabi_uldivmod
 .text          0x0000000000000884       0x60 /Applications/KDS_v3.app/Contents/toolchain/bin/../lib/gcc/arm-none-eabi/4.8.4/armv7e-m/softfp/libgcc.a(bpabi.o)
                0x0000000000000884                __gnu_ldivmod_helper
                0x00000000000008b4                __gnu_uldivmod_helper
 .text          0x00000000000008e4        0x4 /Applications/KDS_v3.app/Contents/toolchain/bin/../lib/gcc/arm-none-eabi/4.8.4/armv7e-m/softfp/libgcc.a(_dvmd_tls.o)
                0x00000000000008e4                __aeabi_ldiv0
                0x00000000000008e4                __aeabi_idiv0
 .text          0x00000000000008e8      0x298 /Applications/KDS_v3.app/Contents/toolchain/bin/../lib/gcc/arm-none-eabi/4.8.4/armv7e-m/softfp/libgcc.a(_divdi3.o)
                0x00000000000008e8                __divdi3
 .text          0x0000000000000b80      0x284 /Applications/KDS_v3.app/Contents/toolchain/bin/../lib/gcc/arm-none-eabi/4.8.4/armv7e-m/softfp/libgcc.a(_udivdi3.o)
                0x0000000000000b80                __udivdi3
 .text          0x0000000000000e04      0x134 /Applications/KDS_v3.app/Contents/toolchain/bin/../lib/gcc/arm-none-eabi/4.8.4/../../../../arm-none-eabi/lib/armv7e-m/softfp/libg.a(lib_a-memcpy.o)
                0x0000000000000e04                memcpy
 .text          0x0000000000000f38      0x21c /Applications/KDS_v3.app/Contents/toolchain/bin/../lib/gcc/arm-none-eabi/4.8.4/../../../../arm-none-eabi/lib/armv7e-m/softfp/libg.a(lib_a-strcmp.o)
                0x0000000000000f38                strcmp
 .text          0x0000000000001154      0x370 /Applications/KDS_v3.app/Contents/toolchain/bin/../lib/gcc/arm-none-eabi/4.8.4/armv7e-m/softfp/libgcc.a(_arm_addsubdf3.o)
                0x0000000000001154                __aeabi_drsub
                0x000000000000115c                __subdf3
                0x000000000000115c                __aeabi_dsub
                0x0000000000001160                __aeabi_dadd
                0x0000000000001160                __adddf3
                0x00000000000013d8                __aeabi_ui2d
                0x00000000000013d8                __floatunsidf
                0x00000000000013f8                __floatsidf
                0x00000000000013f8                __aeabi_i2d
                0x000000000000141c                __extendsfdf2
                0x000000000000141c                __aeabi_f2d
                0x0000000000001458                __aeabi_ul2d
                0x0000000000001458                __floatundidf
                0x0000000000001468                __aeabi_l2d
                0x0000000000001468                __floatdidf
 .text          0x00000000000014c4      0x424 /Applications/KDS_v3.app/Contents/toolchain/bin/../lib/gcc/arm-none-eabi/4.8.4/armv7e-m/softfp/libgcc.a(_arm_muldivdf3.o)
                0x00000000000014c4                __aeabi_dmul
                0x00000000000014c4                __muldf3
                0x0000000000001718                __aeabi_ddiv
                0x0000000000001718                __divdf3
 .text          0x00000000000018e8      0x110 /Applications/KDS_v3.app/Contents/toolchain/bin/../lib/gcc/arm-none-eabi/4.8.4/armv7e-m/softfp/libgcc.a(_arm_cmpdf2.o)
                0x00000000000018e8                __gtdf2
                0x00000000000018e8                __gedf2
                0x00000000000018f0                __ltdf2
                0x00000000000018f0                __ledf2
                0x00000000000018f8                __eqdf2
                0x00000000000018f8                __nedf2
                0x00000000000018f8                __cmpdf2
                0x0000000000001974                __aeabi_cdrcmple
                0x0000000000001984                __aeabi_cdcmple
                0x0000000000001984                __aeabi_cdcmpeq
                0x0000000000001994                __aeabi_dcmpeq
                0x00000000000019a8                __aeabi_dcmplt
                0x00000000000019bc                __aeabi_dcmple
                0x00000000000019d0                __aeabi_dcmpge
                0x00000000000019e4                __aeabi_dcmpgt
 .text          0x00000000000019f8       0x50 /Applications/KDS_v3.app/Contents/toolchain/bin/../lib/gcc/arm-none-eabi/4.8.4/armv7e-m/softfp/libgcc.a(_arm_fixdfsi.o)
                0x00000000000019f8                __fixdfsi
                0x00000000000019f8                __aeabi_d2iz
 .text          0x0000000000001a48       0x40 /Applications/KDS_v3.app/Contents/toolchain/bin/../lib/gcc/arm-none-eabi/4.8.4/armv7e-m/softfp/libgcc.a(_arm_fixunsdfsi.o)
                0x0000000000001a48                __fixunsdfsi
                0x0000000000001a48                __aeabi_d2uiz
 .text          0x0000000000001a88       0xa0 /Applications/KDS_v3.app/Contents/toolchain/bin/../lib/gcc/arm-none-eabi/4.8.4/armv7e-m/softfp/libgcc.a(_arm_truncdfsf2.o)
                0x0000000000001a88                __aeabi_d2f
                0x0000000000001a88                __truncdfsf2
 *(.text*)
 .text.rt_svc_init
                0x0000000000001b28       0x7c mbed-rtos/rtx/TARGET_CORTEX_M/rt_Task.o
 .text.rt_get_TID
                0x0000000000001ba4       0x48 mbed-rtos/rtx/TARGET_CORTEX_M/rt_Task.o
 .text.rt_init_context
                0x0000000000001bec       0x8c mbed-rtos/rtx/TARGET_CORTEX_M/rt_Task.o
 .text.rt_switch_req
                0x0000000000001c78       0x24 mbed-rtos/rtx/TARGET_CORTEX_M/rt_Task.o
                0x0000000000001c78                rt_switch_req
 .text.rt_dispatch
                0x0000000000001c9c       0x64 mbed-rtos/rtx/TARGET_CORTEX_M/rt_Task.o
                0x0000000000001c9c                rt_dispatch
 .text.rt_block
                0x0000000000001d00       0x50 mbed-rtos/rtx/TARGET_CORTEX_M/rt_Task.o
                0x0000000000001d00                rt_block
 .text.rt_tsk_self
                0x0000000000001d50       0x24 mbed-rtos/rtx/TARGET_CORTEX_M/rt_Task.o
                0x0000000000001d50                rt_tsk_self
 .text.rt_tsk_prio
                0x0000000000001d74       0xc8 mbed-rtos/rtx/TARGET_CORTEX_M/rt_Task.o
                0x0000000000001d74                rt_tsk_prio
 .text.rt_tsk_create
                0x0000000000001e3c       0x8c mbed-rtos/rtx/TARGET_CORTEX_M/rt_Task.o
                0x0000000000001e3c                rt_tsk_create
 .text.rt_tsk_delete
                0x0000000000001ec8      0x218 mbed-rtos/rtx/TARGET_CORTEX_M/rt_Task.o
                0x0000000000001ec8                rt_tsk_delete
 .text.rt_sys_init
                0x00000000000020e0      0x108 mbed-rtos/rtx/TARGET_CORTEX_M/rt_Task.o
                0x00000000000020e0                rt_sys_init
 .text.rt_sys_start
                0x00000000000021e8       0x50 mbed-rtos/rtx/TARGET_CORTEX_M/rt_Task.o
                0x00000000000021e8                rt_sys_start
 .text.rt_systick_init
                0x0000000000002238       0x40 mbed-rtos/rtx/TARGET_CORTEX_M/rt_System.o
 .text.rt_psh_req
                0x0000000000002278       0x34 mbed-rtos/rtx/TARGET_CORTEX_M/rt_System.o
                0x0000000000002278                rt_psh_req
 .text.rt_pop_req
                0x00000000000022ac       0xc8 mbed-rtos/rtx/TARGET_CORTEX_M/rt_System.o
                0x00000000000022ac                rt_pop_req
 .text.os_tick_init
                0x0000000000002374       0x10 mbed-rtos/rtx/TARGET_CORTEX_M/rt_System.o
                0x0000000000002374                os_tick_init
 .text.os_tick_irqack
                0x0000000000002384        0xc mbed-rtos/rtx/TARGET_CORTEX_M/rt_System.o
                0x0000000000002384                os_tick_irqack
 .text.rt_systick
                0x0000000000002390       0x50 mbed-rtos/rtx/TARGET_CORTEX_M/rt_System.o
                0x0000000000002390                rt_systick
 .text.rt_stk_check
                0x00000000000023e0       0x3c mbed-rtos/rtx/TARGET_CORTEX_M/rt_System.o
                0x00000000000023e0                rt_stk_check
 .text.rt_sem_psh
                0x000000000000241c       0x4c mbed-rtos/rtx/TARGET_CORTEX_M/rt_Semaphore.o
                0x000000000000241c                rt_sem_psh
 .text.rt_init_robin
                0x0000000000002468       0x24 mbed-rtos/rtx/TARGET_CORTEX_M/rt_Robin.o
                0x0000000000002468                rt_init_robin
 .text.rt_chk_robin
                0x000000000000248c       0x68 mbed-rtos/rtx/TARGET_CORTEX_M/rt_Robin.o
                0x000000000000248c                rt_chk_robin
 .text._init_box
                0x00000000000024f4       0xb0 mbed-rtos/rtx/TARGET_CORTEX_M/rt_MemBox.o
                0x00000000000024f4                _init_box
 .text.rt_alloc_box
                0x00000000000025a4       0x44 mbed-rtos/rtx/TARGET_CORTEX_M/rt_MemBox.o
                0x00000000000025a4                rt_alloc_box
 .text.rt_free_box
                0x00000000000025e8       0x54 mbed-rtos/rtx/TARGET_CORTEX_M/rt_MemBox.o
                0x00000000000025e8                rt_free_box
 .text.rt_mbx_init
                0x000000000000263c       0x50 mbed-rtos/rtx/TARGET_CORTEX_M/rt_Mailbox.o
                0x000000000000263c                rt_mbx_init
 .text.rt_mbx_wait
                0x000000000000268c      0x118 mbed-rtos/rtx/TARGET_CORTEX_M/rt_Mailbox.o
                0x000000000000268c                rt_mbx_wait
 .text.rt_mbx_check
                0x00000000000027a4       0x24 mbed-rtos/rtx/TARGET_CORTEX_M/rt_Mailbox.o
                0x00000000000027a4                rt_mbx_check
 .text.isr_mbx_send
                0x00000000000027c8       0x24 mbed-rtos/rtx/TARGET_CORTEX_M/rt_Mailbox.o
                0x00000000000027c8                isr_mbx_send
 .text.isr_mbx_receive
                0x00000000000027ec       0x80 mbed-rtos/rtx/TARGET_CORTEX_M/rt_Mailbox.o
                0x00000000000027ec                isr_mbx_receive
 .text.rt_mbx_psh
                0x000000000000286c      0x158 mbed-rtos/rtx/TARGET_CORTEX_M/rt_Mailbox.o
                0x000000000000286c                rt_mbx_psh
 .text.rt_inc_qi
                0x00000000000029c4       0x60 mbed-rtos/rtx/TARGET_CORTEX_M/rt_List.o
 .text.rt_put_prio
                0x0000000000002a24       0x8c mbed-rtos/rtx/TARGET_CORTEX_M/rt_List.o
                0x0000000000002a24                rt_put_prio
 .text.rt_get_first
                0x0000000000002ab0       0x60 mbed-rtos/rtx/TARGET_CORTEX_M/rt_List.o
                0x0000000000002ab0                rt_get_first
 .text.rt_put_rdy_first
                0x0000000000002b10       0x2c mbed-rtos/rtx/TARGET_CORTEX_M/rt_List.o
                0x0000000000002b10                rt_put_rdy_first
 .text.rt_resort_prio
                0x0000000000002b3c       0x4c mbed-rtos/rtx/TARGET_CORTEX_M/rt_List.o
                0x0000000000002b3c                rt_resort_prio
 .text.rt_put_dly
                0x0000000000002b88       0xc8 mbed-rtos/rtx/TARGET_CORTEX_M/rt_List.o
                0x0000000000002b88                rt_put_dly
 .text.rt_dec_dly
                0x0000000000002c50       0xcc mbed-rtos/rtx/TARGET_CORTEX_M/rt_List.o
                0x0000000000002c50                rt_dec_dly
 .text.rt_rmv_list
                0x0000000000002d1c       0x64 mbed-rtos/rtx/TARGET_CORTEX_M/rt_List.o
                0x0000000000002d1c                rt_rmv_list
 .text.rt_rmv_dly
                0x0000000000002d80       0x5c mbed-rtos/rtx/TARGET_CORTEX_M/rt_List.o
                0x0000000000002d80                rt_rmv_dly
 .text.rt_psq_enq
                0x0000000000002ddc       0x54 mbed-rtos/rtx/TARGET_CORTEX_M/rt_List.o
                0x0000000000002ddc                rt_psq_enq
 .text.rt_evt_psh
                0x0000000000002e30       0xa4 mbed-rtos/rtx/TARGET_CORTEX_M/rt_Event.o
                0x0000000000002e30                rt_evt_psh
 .text.rt_ms2tick
                0x0000000000002ed4       0x74 mbed-rtos/rtx/TARGET_CORTEX_M/rt_CMSIS.o
 .text.rt_tid2ptcb
                0x0000000000002f48       0x40 mbed-rtos/rtx/TARGET_CORTEX_M/rt_CMSIS.o
                0x0000000000002f48                rt_tid2ptcb
 .text.rt_id2obj
                0x0000000000002f88       0x24 mbed-rtos/rtx/TARGET_CORTEX_M/rt_CMSIS.o
 .text.svcKernelInitialize
                0x0000000000002fac       0x70 mbed-rtos/rtx/TARGET_CORTEX_M/rt_CMSIS.o
                0x0000000000002fac                svcKernelInitialize
 .text.svcKernelStart
                0x000000000000301c       0x70 mbed-rtos/rtx/TARGET_CORTEX_M/rt_CMSIS.o
                0x000000000000301c                svcKernelStart
 .text.osKernelInitialize
                0x000000000000308c       0x44 mbed-rtos/rtx/TARGET_CORTEX_M/rt_CMSIS.o
                0x000000000000308c                osKernelInitialize
 .text.osKernelStart
                0x00000000000030d0       0xc8 mbed-rtos/rtx/TARGET_CORTEX_M/rt_CMSIS.o
                0x00000000000030d0                osKernelStart
 .text.sysThreadError
                0x0000000000003198       0x14 mbed-rtos/rtx/TARGET_CORTEX_M/rt_CMSIS.o
 .text.svcThreadCreate
                0x00000000000031ac       0xa8 mbed-rtos/rtx/TARGET_CORTEX_M/rt_CMSIS.o
                0x00000000000031ac                svcThreadCreate
 .text.svcThreadGetId
                0x0000000000003254       0x2c mbed-rtos/rtx/TARGET_CORTEX_M/rt_CMSIS.o
                0x0000000000003254                svcThreadGetId
 .text.svcThreadTerminate
                0x0000000000003280       0x3c mbed-rtos/rtx/TARGET_CORTEX_M/rt_CMSIS.o
                0x0000000000003280                svcThreadTerminate
 .text.osThreadCreate
                0x00000000000032bc       0x64 mbed-rtos/rtx/TARGET_CORTEX_M/rt_CMSIS.o
                0x00000000000032bc                osThreadCreate
 .text.osThreadExit
                0x0000000000003320       0x20 mbed-rtos/rtx/TARGET_CORTEX_M/rt_CMSIS.o
                0x0000000000003320                osThreadExit
 .text.rt_timer_insert
                0x0000000000003340       0x80 mbed-rtos/rtx/TARGET_CORTEX_M/rt_CMSIS.o
 .text.svcTimerCall
                0x00000000000033c0       0x60 mbed-rtos/rtx/TARGET_CORTEX_M/rt_CMSIS.o
                0x00000000000033c0                svcTimerCall
 .text.sysTimerTick
                0x0000000000003420       0x88 mbed-rtos/rtx/TARGET_CORTEX_M/rt_CMSIS.o
                0x0000000000003420                sysTimerTick
 .text.osTimerCall
                0x00000000000034a8       0x30 mbed-rtos/rtx/TARGET_CORTEX_M/rt_CMSIS.o
                0x00000000000034a8                osTimerCall
 .text.osTimerThread
                0x00000000000034d8       0x48 mbed-rtos/rtx/TARGET_CORTEX_M/rt_CMSIS.o
                0x00000000000034d8                osTimerThread
 .text.svcMessageCreate
                0x0000000000003520       0x64 mbed-rtos/rtx/TARGET_CORTEX_M/rt_CMSIS.o
                0x0000000000003520                svcMessageCreate
 .text.svcMessageGet
                0x0000000000003584       0xec mbed-rtos/rtx/TARGET_CORTEX_M/rt_CMSIS.o
                0x0000000000003584                svcMessageGet
 .text.isrMessagePut
                0x0000000000003670       0x4c mbed-rtos/rtx/TARGET_CORTEX_M/rt_CMSIS.o
                0x0000000000003670                isrMessagePut
 .text.isrMessageGet
                0x00000000000036bc       0x84 mbed-rtos/rtx/TARGET_CORTEX_M/rt_CMSIS.o
                0x00000000000036bc                isrMessageGet
 .text.osMessageGet
                0x0000000000003740       0x5c mbed-rtos/rtx/TARGET_CORTEX_M/rt_CMSIS.o
                0x0000000000003740                osMessageGet
 .text.os_idle_demon
                0x000000000000379c        0xc mbed-rtos/rtx/TARGET_CORTEX_M/RTX_Conf_CM.o
                0x000000000000379c                os_idle_demon
 .text.os_error
                0x00000000000037a8       0x24 mbed-rtos/rtx/TARGET_CORTEX_M/RTX_Conf_CM.o
                0x00000000000037a8                os_error
 .text.set_main_stack
                0x00000000000037cc       0x1c mbed-rtos/rtx/TARGET_CORTEX_M/RTX_Conf_CM.o
                0x00000000000037cc                set_main_stack
 .text.pre_main
                0x00000000000037e8       0x1c mbed-rtos/rtx/TARGET_CORTEX_M/RTX_Conf_CM.o
                0x00000000000037e8                pre_main
 .text.software_init_hook
                0x0000000000003804       0x1c mbed-rtos/rtx/TARGET_CORTEX_M/RTX_Conf_CM.o
                0x0000000000003804                software_init_hook
 .text.rt_init_stack
                0x0000000000003820      0x100 mbed-rtos/rtx/TARGET_CORTEX_M/HAL_CM.o
                0x0000000000003820                rt_init_stack
 .text.rt_ret_regs
                0x0000000000003920       0x2c mbed-rtos/rtx/TARGET_CORTEX_M/HAL_CM.o
 .text.rt_ret_val
                0x000000000000394c       0x20 mbed-rtos/rtx/TARGET_CORTEX_M/HAL_CM.o
                0x000000000000394c                rt_ret_val
 .text.rt_ret_val2
                0x000000000000396c       0x28 mbed-rtos/rtx/TARGET_CORTEX_M/HAL_CM.o
                0x000000000000396c                rt_ret_val2
 .text.default_idle_hook
                0x0000000000003994        0xc mbed-rtos/rtos/rtos_idle.o
 .text.rtos_idle_loop
                0x00000000000039a0       0x10 mbed-rtos/rtos/rtos_idle.o
                0x00000000000039a0                rtos_idle_loop
 .text.GPIO_WritePinOutput
                0x00000000000039b0       0x3c main.o
 .text.GPIO_ReadPinInput
                0x00000000000039ec       0x24 main.o
 .text.gpio_write
                0x0000000000003a10       0x6c main.o
 .text.gpio_read
                0x0000000000003a7c       0x68 main.o
 .text._ZN4mbed10DigitalOutC2E7PinName
                0x0000000000003ae4       0x24 main.o
                0x0000000000003ae4                mbed::DigitalOut::DigitalOut(PinName)
                0x0000000000003ae4                mbed::DigitalOut::DigitalOut(PinName)
 .text._ZN4mbed10DigitalOut5writeEi
                0x0000000000003b08       0x1c main.o
                0x0000000000003b08                mbed::DigitalOut::write(int)
 .text._ZN4mbed10DigitalOut4readEv
                0x0000000000003b24       0x1c main.o
                0x0000000000003b24                mbed::DigitalOut::read()
 .text._ZN4mbed10DigitalOutaSEi
                0x0000000000003b40       0x1c main.o
                0x0000000000003b40                mbed::DigitalOut::operator=(int)
 .text._ZN4mbed10DigitalOutcviEv
                0x0000000000003b5c       0x18 main.o
                0x0000000000003b5c                mbed::DigitalOut::operator int()
 .text._ZN4mbed10SerialBaseD2Ev
                0x0000000000003b74       0x28 main.o
                0x0000000000003b74                mbed::SerialBase::~SerialBase()
                0x0000000000003b74                mbed::SerialBase::~SerialBase()
 .text._ZN4mbed10SerialBaseD0Ev
                0x0000000000003b9c       0x20 main.o
                0x0000000000003b9c                mbed::SerialBase::~SerialBase()
 .text.main     0x0000000000003bbc       0x58 main.o
                0x0000000000003bbc                main
 .text._ZN4mbed6SerialD2Ev
                0x0000000000003c14       0x50 main.o
                0x0000000000003c14                mbed::Serial::~Serial()
                0x0000000000003c14                mbed::Serial::~Serial()
 .text._ZN4mbed6SerialD1Ev
                0x0000000000003c64       0x10 main.o
                0x0000000000003c64                non-virtual thunk to mbed::Serial::~Serial()
                0x0000000000003c6c                non-virtual thunk to mbed::Serial::~Serial()
 .text._ZN4mbed6SerialD0Ev
                0x0000000000003c74       0x30 main.o
                0x0000000000003c74                mbed::Serial::~Serial()
                0x0000000000003c94                non-virtual thunk to mbed::Serial::~Serial()
                0x0000000000003c9c                non-virtual thunk to mbed::Serial::~Serial()
 .text._Z41__static_initialization_and_destruction_0ii
                0x0000000000003ca4       0x54 main.o
 .text._GLOBAL__sub_I_myled
                0x0000000000003cf8       0x10 main.o
 .text.mbed_die
                0x0000000000003d08       0x94 ../mbed/TARGET_K64F/TOOLCHAIN_GCC_ARM/board.o
                0x0000000000003d08                mbed_die
 .text.NVIC_SetVector
                0x0000000000003d9c        0x4 ../mbed/TARGET_K64F/TOOLCHAIN_GCC_ARM/cmsis_nvic.o
                0x0000000000003d9c                NVIC_SetVector
 .text.NMI_Handler
                0x0000000000003da0       0x14 ../mbed/TARGET_K64F/TOOLCHAIN_GCC_ARM/mbed_overrides.o
                0x0000000000003da0                NMI_Handler
 .text._ZN4mbed10FileHandle4flenEv
                0x0000000000003db4       0x34 ../mbed/TARGET_K64F/TOOLCHAIN_GCC_ARM/retarget.o
                0x0000000000003db4                mbed::FileHandle::flen()
 .text._ZL11init_serialv.part.0
                0x0000000000003de8       0x14 ../mbed/TARGET_K64F/TOOLCHAIN_GCC_ARM/retarget.o
 .text._ZN4mbed10FileHandleD2Ev
                0x0000000000003dfc       0x2c ../mbed/TARGET_K64F/TOOLCHAIN_GCC_ARM/retarget.o
                0x0000000000003dfc                mbed::FileHandle::~FileHandle()
                0x0000000000003dfc                mbed::FileHandle::~FileHandle()
 .text._open    0x0000000000003e28       0xfc ../mbed/TARGET_K64F/TOOLCHAIN_GCC_ARM/retarget.o
                0x0000000000003e28                _open
 .text._close   0x0000000000003f24       0x28 ../mbed/TARGET_K64F/TOOLCHAIN_GCC_ARM/retarget.o
                0x0000000000003f24                _close
 .text._write   0x0000000000003f4c       0x4c ../mbed/TARGET_K64F/TOOLCHAIN_GCC_ARM/retarget.o
                0x0000000000003f4c                _write
 .text._read    0x0000000000003f98       0x44 ../mbed/TARGET_K64F/TOOLCHAIN_GCC_ARM/retarget.o
                0x0000000000003f98                _read
 .text._isatty  0x0000000000003fdc       0x24 ../mbed/TARGET_K64F/TOOLCHAIN_GCC_ARM/retarget.o
                0x0000000000003fdc                _isatty
 .text._lseek   0x0000000000004000       0x24 ../mbed/TARGET_K64F/TOOLCHAIN_GCC_ARM/retarget.o
                0x0000000000004000                _lseek
 .text._fstat   0x0000000000004024       0x20 ../mbed/TARGET_K64F/TOOLCHAIN_GCC_ARM/retarget.o
                0x0000000000004024                _fstat
 .text.__cxa_pure_virtual
                0x0000000000004044        0x8 ../mbed/TARGET_K64F/TOOLCHAIN_GCC_ARM/retarget.o
                0x0000000000004044                __cxa_pure_virtual
 .text._sbrk    0x000000000000404c       0x28 ../mbed/TARGET_K64F/TOOLCHAIN_GCC_ARM/retarget.o
                0x000000000000404c                _sbrk
 .text._exit    0x0000000000004074       0x24 ../mbed/TARGET_K64F/TOOLCHAIN_GCC_ARM/retarget.o
                0x0000000000004074                _exit
 .text._ZN4mbed26mbed_set_unbuffered_streamEP7__sFILE
                0x0000000000004098        0x8 ../mbed/TARGET_K64F/TOOLCHAIN_GCC_ARM/retarget.o
                0x0000000000004098                mbed::mbed_set_unbuffered_stream(__sFILE*)
 .text.SystemInit
                0x00000000000040a0       0x30 ../mbed/TARGET_K64F/TOOLCHAIN_GCC_ARM/system_MK64F12.o
                0x00000000000040a0                SystemInit
 .text.BOARD_BootClockRUN
                0x00000000000040d0       0x5c /Users/esg_jlk/workspace.kds/Skeleton_World/mbed/TARGET_K64F/TOOLCHAIN_GCC_ARM/libmbed.a(fsl_clock_config.o)
                0x00000000000040d0                BOARD_BootClockRUN
 .text.InstallIRQHandler
                0x000000000000412c       0x4c /Users/esg_jlk/workspace.kds/Skeleton_World/mbed/TARGET_K64F/TOOLCHAIN_GCC_ARM/libmbed.a(fsl_common.o)
                0x000000000000412c                InstallIRQHandler
 .text.CLOCK_GetMcgExtClkFreq
                0x0000000000004178       0x64 /Users/esg_jlk/workspace.kds/Skeleton_World/mbed/TARGET_K64F/TOOLCHAIN_GCC_ARM/libmbed.a(fsl_clock.o)
 .text.CLOCK_GetFllRefClkFreq
                0x00000000000041dc       0x68 /Users/esg_jlk/workspace.kds/Skeleton_World/mbed/TARGET_K64F/TOOLCHAIN_GCC_ARM/libmbed.a(fsl_clock.o)
 .text.unlikely.CLOCK_GetOsc0ErClkFreq.part.2
                0x0000000000004244       0x1c /Users/esg_jlk/workspace.kds/Skeleton_World/mbed/TARGET_K64F/TOOLCHAIN_GCC_ARM/libmbed.a(fsl_clock.o)
 .text.CLOCK_GetInternalRefClkFreq.part.5
                0x0000000000004260       0x28 /Users/esg_jlk/workspace.kds/Skeleton_World/mbed/TARGET_K64F/TOOLCHAIN_GCC_ARM/libmbed.a(fsl_clock.o)
 .text.CLOCK_GetPll0Freq.part.6
                0x0000000000004288       0x28 /Users/esg_jlk/workspace.kds/Skeleton_World/mbed/TARGET_K64F/TOOLCHAIN_GCC_ARM/libmbed.a(fsl_clock.o)
 .text.CLOCK_GetEr32kClkFreq
                0x00000000000042b0       0x70 /Users/esg_jlk/workspace.kds/Skeleton_World/mbed/TARGET_K64F/TOOLCHAIN_GCC_ARM/libmbed.a(fsl_clock.o)
                0x00000000000042b0                CLOCK_GetEr32kClkFreq
 .text.CLOCK_SetSimConfig
                0x0000000000004320       0x40 /Users/esg_jlk/workspace.kds/Skeleton_World/mbed/TARGET_K64F/TOOLCHAIN_GCC_ARM/libmbed.a(fsl_clock.o)
                0x0000000000004320                CLOCK_SetSimConfig
 .text.CLOCK_GetFllFreq
                0x0000000000004360       0x40 /Users/esg_jlk/workspace.kds/Skeleton_World/mbed/TARGET_K64F/TOOLCHAIN_GCC_ARM/libmbed.a(fsl_clock.o)
                0x0000000000004360                CLOCK_GetFllFreq
 .text.CLOCK_GetPllFllSelClkFreq
                0x00000000000043a0       0x40 /Users/esg_jlk/workspace.kds/Skeleton_World/mbed/TARGET_K64F/TOOLCHAIN_GCC_ARM/libmbed.a(fsl_clock.o)
                0x00000000000043a0                CLOCK_GetPllFllSelClkFreq
 .text.CLOCK_GetOutClkFreq
                0x00000000000043e0       0x54 /Users/esg_jlk/workspace.kds/Skeleton_World/mbed/TARGET_K64F/TOOLCHAIN_GCC_ARM/libmbed.a(fsl_clock.o)
                0x00000000000043e0                CLOCK_GetOutClkFreq
 .text.CLOCK_GetFixedFreqClkFreq
                0x0000000000004434       0x1c /Users/esg_jlk/workspace.kds/Skeleton_World/mbed/TARGET_K64F/TOOLCHAIN_GCC_ARM/libmbed.a(fsl_clock.o)
                0x0000000000004434                CLOCK_GetFixedFreqClkFreq
 .text.CLOCK_GetFreq
                0x0000000000004450      0x104 /Users/esg_jlk/workspace.kds/Skeleton_World/mbed/TARGET_K64F/TOOLCHAIN_GCC_ARM/libmbed.a(fsl_clock.o)
                0x0000000000004450                CLOCK_GetFreq
 .text.CLOCK_SetExternalRefClkConfig
                0x0000000000004554       0x5c /Users/esg_jlk/workspace.kds/Skeleton_World/mbed/TARGET_K64F/TOOLCHAIN_GCC_ARM/libmbed.a(fsl_clock.o)
                0x0000000000004554                CLOCK_SetExternalRefClkConfig
 .text.CLOCK_SetInternalRefClkConfig
                0x00000000000045b0       0x84 /Users/esg_jlk/workspace.kds/Skeleton_World/mbed/TARGET_K64F/TOOLCHAIN_GCC_ARM/libmbed.a(fsl_clock.o)
                0x00000000000045b0                CLOCK_SetInternalRefClkConfig
 .text.CLOCK_EnablePll0
                0x0000000000004634       0x50 /Users/esg_jlk/workspace.kds/Skeleton_World/mbed/TARGET_K64F/TOOLCHAIN_GCC_ARM/libmbed.a(fsl_clock.o)
                0x0000000000004634                CLOCK_EnablePll0
 .text.CLOCK_InitOsc0
                0x0000000000004684       0x6c /Users/esg_jlk/workspace.kds/Skeleton_World/mbed/TARGET_K64F/TOOLCHAIN_GCC_ARM/libmbed.a(fsl_clock.o)
                0x0000000000004684                CLOCK_InitOsc0
 .text.CLOCK_SetPbeMode
                0x00000000000046f0       0x50 /Users/esg_jlk/workspace.kds/Skeleton_World/mbed/TARGET_K64F/TOOLCHAIN_GCC_ARM/libmbed.a(fsl_clock.o)
                0x00000000000046f0                CLOCK_SetPbeMode
 .text.CLOCK_BootToPeeMode
                0x0000000000004740       0x4c /Users/esg_jlk/workspace.kds/Skeleton_World/mbed/TARGET_K64F/TOOLCHAIN_GCC_ARM/libmbed.a(fsl_clock.o)
                0x0000000000004740                CLOCK_BootToPeeMode
 .text.serial_init
                0x000000000000478c       0xfc /Users/esg_jlk/workspace.kds/Skeleton_World/mbed/TARGET_K64F/TOOLCHAIN_GCC_ARM/libmbed.a(serial_api.o)
                0x000000000000478c                serial_init
 .text.serial_irq_handler
                0x0000000000004888       0x1c /Users/esg_jlk/workspace.kds/Skeleton_World/mbed/TARGET_K64F/TOOLCHAIN_GCC_ARM/libmbed.a(serial_api.o)
                0x0000000000004888                serial_irq_handler
 .text.serial_readable
                0x00000000000048a4       0x2c /Users/esg_jlk/workspace.kds/Skeleton_World/mbed/TARGET_K64F/TOOLCHAIN_GCC_ARM/libmbed.a(serial_api.o)
                0x00000000000048a4                serial_readable
 .text.serial_getc
                0x00000000000048d0       0x20 /Users/esg_jlk/workspace.kds/Skeleton_World/mbed/TARGET_K64F/TOOLCHAIN_GCC_ARM/libmbed.a(serial_api.o)
                0x00000000000048d0                serial_getc
 .text.serial_writable
                0x00000000000048f0       0x2c /Users/esg_jlk/workspace.kds/Skeleton_World/mbed/TARGET_K64F/TOOLCHAIN_GCC_ARM/libmbed.a(serial_api.o)
                0x00000000000048f0                serial_writable
 .text.serial_putc
                0x000000000000491c       0x24 /Users/esg_jlk/workspace.kds/Skeleton_World/mbed/TARGET_K64F/TOOLCHAIN_GCC_ARM/libmbed.a(serial_api.o)
                0x000000000000491c                serial_putc
 .text.pin_function
                0x0000000000004940       0x78 /Users/esg_jlk/workspace.kds/Skeleton_World/mbed/TARGET_K64F/TOOLCHAIN_GCC_ARM/libmbed.a(pinmap.o)
                0x0000000000004940                pin_function
 .text.pin_mode
                0x00000000000049b8       0x68 /Users/esg_jlk/workspace.kds/Skeleton_World/mbed/TARGET_K64F/TOOLCHAIN_GCC_ARM/libmbed.a(pinmap.o)
                0x00000000000049b8                pin_mode
 .text._ZN4mbed8FilePathC2EPKc
                0x0000000000004a20       0x54 /Users/esg_jlk/workspace.kds/Skeleton_World/mbed/TARGET_K64F/TOOLCHAIN_GCC_ARM/libmbed.a(FilePath.o)
                0x0000000000004a20                mbed::FilePath::FilePath(char const*)
                0x0000000000004a20                mbed::FilePath::FilePath(char const*)
 .text._ZN4mbed8FilePath8fileNameEv
                0x0000000000004a74        0x4 /Users/esg_jlk/workspace.kds/Skeleton_World/mbed/TARGET_K64F/TOOLCHAIN_GCC_ARM/libmbed.a(FilePath.o)
                0x0000000000004a74                mbed::FilePath::fileName()
 .text._ZN4mbed8FilePath10fileSystemEv
                0x0000000000004a78       0x20 /Users/esg_jlk/workspace.kds/Skeleton_World/mbed/TARGET_K64F/TOOLCHAIN_GCC_ARM/libmbed.a(FilePath.o)
                0x0000000000004a78                mbed::FilePath::fileSystem()
 .text._ZN4mbed8FilePath6isFileEv
                0x0000000000004a98       0x14 /Users/esg_jlk/workspace.kds/Skeleton_World/mbed/TARGET_K64F/TOOLCHAIN_GCC_ARM/libmbed.a(FilePath.o)
                0x0000000000004a98                mbed::FilePath::isFile()
 .text._ZN4mbed8FilePath4fileEv
                0x0000000000004aac       0x20 /Users/esg_jlk/workspace.kds/Skeleton_World/mbed/TARGET_K64F/TOOLCHAIN_GCC_ARM/libmbed.a(FilePath.o)
                0x0000000000004aac                mbed::FilePath::file()
 .text._ZN4mbed8FilePath6existsEv
                0x0000000000004acc        0xc /Users/esg_jlk/workspace.kds/Skeleton_World/mbed/TARGET_K64F/TOOLCHAIN_GCC_ARM/libmbed.a(FilePath.o)
                0x0000000000004acc                mbed::FilePath::exists()
 .text._ZN4mbed6Serial5_getcEv
                0x0000000000004ad8        0x4 /Users/esg_jlk/workspace.kds/Skeleton_World/mbed/TARGET_K64F/TOOLCHAIN_GCC_ARM/libmbed.a(Serial.o)
                0x0000000000004ad8                mbed::Serial::_getc()
 .text._ZThn60_N4mbed6Serial5_getcEv
                0x0000000000004adc        0x8 /Users/esg_jlk/workspace.kds/Skeleton_World/mbed/TARGET_K64F/TOOLCHAIN_GCC_ARM/libmbed.a(Serial.o)
                0x0000000000004adc                non-virtual thunk to mbed::Serial::_getc()
 .text._ZN4mbed6Serial5_putcEi
                0x0000000000004ae4        0x4 /Users/esg_jlk/workspace.kds/Skeleton_World/mbed/TARGET_K64F/TOOLCHAIN_GCC_ARM/libmbed.a(Serial.o)
                0x0000000000004ae4                mbed::Serial::_putc(int)
 .text._ZThn60_N4mbed6Serial5_putcEi
                0x0000000000004ae8        0x8 /Users/esg_jlk/workspace.kds/Skeleton_World/mbed/TARGET_K64F/TOOLCHAIN_GCC_ARM/libmbed.a(Serial.o)
                0x0000000000004ae8                non-virtual thunk to mbed::Serial::_putc(int)
 .text._ZN4mbed6SerialC2E7PinNameS1_PKc
                0x0000000000004af0       0x30 /Users/esg_jlk/workspace.kds/Skeleton_World/mbed/TARGET_K64F/TOOLCHAIN_GCC_ARM/libmbed.a(Serial.o)
                0x0000000000004af0                mbed::Serial::Serial(PinName, PinName, char const*)
                0x0000000000004af0                mbed::Serial::Serial(PinName, PinName, char const*)
 .text._ZN4mbed10SerialBase12_irq_handlerEm9SerialIrq
                0x0000000000004b20       0x34 /Users/esg_jlk/workspace.kds/Skeleton_World/mbed/TARGET_K64F/TOOLCHAIN_GCC_ARM/libmbed.a(SerialBase.o)
                0x0000000000004b20                mbed::SerialBase::_irq_handler(unsigned long, SerialIrq)
 .text._ZN4mbed10SerialBaseC2E7PinNameS1_
                0x0000000000004b54       0x38 /Users/esg_jlk/workspace.kds/Skeleton_World/mbed/TARGET_K64F/TOOLCHAIN_GCC_ARM/libmbed.a(SerialBase.o)
                0x0000000000004b54                mbed::SerialBase::SerialBase(PinName, PinName)
                0x0000000000004b54                mbed::SerialBase::SerialBase(PinName, PinName)
 .text._ZN4mbed10SerialBase10_base_getcEv
                0x0000000000004b8c        0x8 /Users/esg_jlk/workspace.kds/Skeleton_World/mbed/TARGET_K64F/TOOLCHAIN_GCC_ARM/libmbed.a(SerialBase.o)
                0x0000000000004b8c                mbed::SerialBase::_base_getc()
 .text._ZN4mbed10SerialBase10_base_putcEi
                0x0000000000004b94       0x10 /Users/esg_jlk/workspace.kds/Skeleton_World/mbed/TARGET_K64F/TOOLCHAIN_GCC_ARM/libmbed.a(SerialBase.o)
                0x0000000000004b94                mbed::SerialBase::_base_putc(int)
 .text._ZN4mbed6Stream5closeEv
                0x0000000000004ba4        0x4 /Users/esg_jlk/workspace.kds/Skeleton_World/mbed/TARGET_K64F/TOOLCHAIN_GCC_ARM/libmbed.a(Stream.o)
                0x0000000000004ba4                mbed::Stream::close()
 .text._ZN4mbed6Stream5writeEPKvj
                0x0000000000004ba8       0x2c /Users/esg_jlk/workspace.kds/Skeleton_World/mbed/TARGET_K64F/TOOLCHAIN_GCC_ARM/libmbed.a(Stream.o)
                0x0000000000004ba8                mbed::Stream::write(void const*, unsigned int)
 .text._ZN4mbed6Stream4readEPvj
                0x0000000000004bd4       0x2c /Users/esg_jlk/workspace.kds/Skeleton_World/mbed/TARGET_K64F/TOOLCHAIN_GCC_ARM/libmbed.a(Stream.o)
                0x0000000000004bd4                mbed::Stream::read(void*, unsigned int)
 .text._ZN4mbed6Stream5lseekEli
                0x0000000000004c00        0x4 /Users/esg_jlk/workspace.kds/Skeleton_World/mbed/TARGET_K64F/TOOLCHAIN_GCC_ARM/libmbed.a(Stream.o)
                0x0000000000004c00                mbed::Stream::lseek(long, int)
 .text._ZN4mbed6Stream6isattyEv
                0x0000000000004c04        0x4 /Users/esg_jlk/workspace.kds/Skeleton_World/mbed/TARGET_K64F/TOOLCHAIN_GCC_ARM/libmbed.a(Stream.o)
                0x0000000000004c04                mbed::Stream::isatty()
 .text._ZN4mbed6Stream5fsyncEv
                0x0000000000004c08        0x4 /Users/esg_jlk/workspace.kds/Skeleton_World/mbed/TARGET_K64F/TOOLCHAIN_GCC_ARM/libmbed.a(Stream.o)
                0x0000000000004c08                mbed::Stream::fsync()
 .text._ZN4mbed6Stream4flenEv
                0x0000000000004c0c        0x4 /Users/esg_jlk/workspace.kds/Skeleton_World/mbed/TARGET_K64F/TOOLCHAIN_GCC_ARM/libmbed.a(Stream.o)
                0x0000000000004c0c                mbed::Stream::flen()
 .text._ZN4mbed6StreamC2EPKc
                0x0000000000004c10       0x44 /Users/esg_jlk/workspace.kds/Skeleton_World/mbed/TARGET_K64F/TOOLCHAIN_GCC_ARM/libmbed.a(Stream.o)
                0x0000000000004c10                mbed::Stream::Stream(char const*)
                0x0000000000004c10                mbed::Stream::Stream(char const*)
 .text._ZN4mbed6StreamD2Ev
                0x0000000000004c54       0x24 /Users/esg_jlk/workspace.kds/Skeleton_World/mbed/TARGET_K64F/TOOLCHAIN_GCC_ARM/libmbed.a(Stream.o)
                0x0000000000004c54                mbed::Stream::~Stream()
                0x0000000000004c54                mbed::Stream::~Stream()
 .text._ZN4mbed6Stream6printfEPKcz
                0x0000000000004c78       0x2c /Users/esg_jlk/workspace.kds/Skeleton_World/mbed/TARGET_K64F/TOOLCHAIN_GCC_ARM/libmbed.a(Stream.o)
                0x0000000000004c78                mbed::Stream::printf(char const*, ...)
 .text.mbed_assert_internal
                0x0000000000004ca4       0x18 /Users/esg_jlk/workspace.kds/Skeleton_World/mbed/TARGET_K64F/TOOLCHAIN_GCC_ARM/libmbed.a(assert.o)
                0x0000000000004ca4                mbed_assert_internal
 .text.error    0x0000000000004cbc       0x24 /Users/esg_jlk/workspace.kds/Skeleton_World/mbed/TARGET_K64F/TOOLCHAIN_GCC_ARM/libmbed.a(error.o)
                0x0000000000004cbc                error
 .text.gpio_init_in
                0x0000000000004ce0       0x24 /Users/esg_jlk/workspace.kds/Skeleton_World/mbed/TARGET_K64F/TOOLCHAIN_GCC_ARM/libmbed.a(gpio.o)
                0x0000000000004ce0                gpio_init_in
 .text.gpio_init_out
                0x0000000000004d04       0x6c /Users/esg_jlk/workspace.kds/Skeleton_World/mbed/TARGET_K64F/TOOLCHAIN_GCC_ARM/libmbed.a(gpio.o)
                0x0000000000004d04                gpio_init_out
 .text.pinmap_pinout
                0x0000000000004d70       0x40 /Users/esg_jlk/workspace.kds/Skeleton_World/mbed/TARGET_K64F/TOOLCHAIN_GCC_ARM/libmbed.a(pinmap_common.o)
                0x0000000000004d70                pinmap_pinout
 .text.pinmap_merge
                0x0000000000004db0       0x24 /Users/esg_jlk/workspace.kds/Skeleton_World/mbed/TARGET_K64F/TOOLCHAIN_GCC_ARM/libmbed.a(pinmap_common.o)
                0x0000000000004db0                pinmap_merge
 .text.pinmap_peripheral
                0x0000000000004dd4       0x34 /Users/esg_jlk/workspace.kds/Skeleton_World/mbed/TARGET_K64F/TOOLCHAIN_GCC_ARM/libmbed.a(pinmap_common.o)
                0x0000000000004dd4                pinmap_peripheral
 .text.wait_us  0x0000000000004e08       0x18 /Users/esg_jlk/workspace.kds/Skeleton_World/mbed/TARGET_K64F/TOOLCHAIN_GCC_ARM/libmbed.a(wait_api.o)
                0x0000000000004e08                wait_us
 .text.wait     0x0000000000004e20       0x1c /Users/esg_jlk/workspace.kds/Skeleton_World/mbed/TARGET_K64F/TOOLCHAIN_GCC_ARM/libmbed.a(wait_api.o)
                0x0000000000004e20                wait
 .text.wait_ms  0x0000000000004e3c        0xc /Users/esg_jlk/workspace.kds/Skeleton_World/mbed/TARGET_K64F/TOOLCHAIN_GCC_ARM/libmbed.a(wait_api.o)
                0x0000000000004e3c                wait_ms
 .text.UART_GetInstance
                0x0000000000004e48       0x34 /Users/esg_jlk/workspace.kds/Skeleton_World/mbed/TARGET_K64F/TOOLCHAIN_GCC_ARM/libmbed.a(fsl_uart.o)
                0x0000000000004e48                UART_GetInstance
 .text.UART_Init
                0x0000000000004e7c      0x144 /Users/esg_jlk/workspace.kds/Skeleton_World/mbed/TARGET_K64F/TOOLCHAIN_GCC_ARM/libmbed.a(fsl_uart.o)
                0x0000000000004e7c                UART_Init
 .text.UART_GetDefaultConfig
                0x0000000000004fc0       0x38 /Users/esg_jlk/workspace.kds/Skeleton_World/mbed/TARGET_K64F/TOOLCHAIN_GCC_ARM/libmbed.a(fsl_uart.o)
                0x0000000000004fc0                UART_GetDefaultConfig
 .text.UART_GetStatusFlags
                0x0000000000004ff8       0x18 /Users/esg_jlk/workspace.kds/Skeleton_World/mbed/TARGET_K64F/TOOLCHAIN_GCC_ARM/libmbed.a(fsl_uart.o)
                0x0000000000004ff8                UART_GetStatusFlags
 .text.UART_ClearStatusFlags
                0x0000000000005010       0x40 /Users/esg_jlk/workspace.kds/Skeleton_World/mbed/TARGET_K64F/TOOLCHAIN_GCC_ARM/libmbed.a(fsl_uart.o)
                0x0000000000005010                UART_ClearStatusFlags
 .text.UART0_RX_TX_DriverIRQHandler
                0x0000000000005050       0x18 /Users/esg_jlk/workspace.kds/Skeleton_World/mbed/TARGET_K64F/TOOLCHAIN_GCC_ARM/libmbed.a(fsl_uart.o)
                0x0000000000005050                UART0_RX_TX_DriverIRQHandler
 .text.UART1_RX_TX_DriverIRQHandler
                0x0000000000005068       0x18 /Users/esg_jlk/workspace.kds/Skeleton_World/mbed/TARGET_K64F/TOOLCHAIN_GCC_ARM/libmbed.a(fsl_uart.o)
                0x0000000000005068                UART1_RX_TX_DriverIRQHandler
 .text.UART2_RX_TX_DriverIRQHandler
                0x0000000000005080       0x18 /Users/esg_jlk/workspace.kds/Skeleton_World/mbed/TARGET_K64F/TOOLCHAIN_GCC_ARM/libmbed.a(fsl_uart.o)
                0x0000000000005080                UART2_RX_TX_DriverIRQHandler
 .text.UART3_RX_TX_DriverIRQHandler
                0x0000000000005098       0x18 /Users/esg_jlk/workspace.kds/Skeleton_World/mbed/TARGET_K64F/TOOLCHAIN_GCC_ARM/libmbed.a(fsl_uart.o)
                0x0000000000005098                UART3_RX_TX_DriverIRQHandler
 .text.UART4_RX_TX_DriverIRQHandler
                0x00000000000050b0       0x18 /Users/esg_jlk/workspace.kds/Skeleton_World/mbed/TARGET_K64F/TOOLCHAIN_GCC_ARM/libmbed.a(fsl_uart.o)
                0x00000000000050b0                UART4_RX_TX_DriverIRQHandler
 .text.UART5_RX_TX_DriverIRQHandler
                0x00000000000050c8       0x18 /Users/esg_jlk/workspace.kds/Skeleton_World/mbed/TARGET_K64F/TOOLCHAIN_GCC_ARM/libmbed.a(fsl_uart.o)
                0x00000000000050c8                UART5_RX_TX_DriverIRQHandler
 .text.us_ticker_init.part.0
                0x00000000000050e0       0xa8 /Users/esg_jlk/workspace.kds/Skeleton_World/mbed/TARGET_K64F/TOOLCHAIN_GCC_ARM/libmbed.a(us_ticker.o)
 .text.us_ticker_init
                0x0000000000005188       0x10 /Users/esg_jlk/workspace.kds/Skeleton_World/mbed/TARGET_K64F/TOOLCHAIN_GCC_ARM/libmbed.a(us_ticker.o)
                0x0000000000005188                us_ticker_init
 .text.us_ticker_read
                0x0000000000005198       0x20 /Users/esg_jlk/workspace.kds/Skeleton_World/mbed/TARGET_K64F/TOOLCHAIN_GCC_ARM/libmbed.a(us_ticker.o)
                0x0000000000005198                us_ticker_read
 .text.us_ticker_disable_interrupt
                0x00000000000051b8       0x14 /Users/esg_jlk/workspace.kds/Skeleton_World/mbed/TARGET_K64F/TOOLCHAIN_GCC_ARM/libmbed.a(us_ticker.o)
                0x00000000000051b8                us_ticker_disable_interrupt
 .text.us_ticker_clear_interrupt
                0x00000000000051cc       0x10 /Users/esg_jlk/workspace.kds/Skeleton_World/mbed/TARGET_K64F/TOOLCHAIN_GCC_ARM/libmbed.a(us_ticker.o)
                0x00000000000051cc                us_ticker_clear_interrupt
 .text.us_ticker_set_interrupt
                0x00000000000051dc       0x68 /Users/esg_jlk/workspace.kds/Skeleton_World/mbed/TARGET_K64F/TOOLCHAIN_GCC_ARM/libmbed.a(us_ticker.o)
                0x00000000000051dc                us_ticker_set_interrupt
 .text.gpio_init
                0x0000000000005244       0x10 /Users/esg_jlk/workspace.kds/Skeleton_World/mbed/TARGET_K64F/TOOLCHAIN_GCC_ARM/libmbed.a(gpio_api.o)
                0x0000000000005244                gpio_init
 .text.gpio_mode
                0x0000000000005254        0x8 /Users/esg_jlk/workspace.kds/Skeleton_World/mbed/TARGET_K64F/TOOLCHAIN_GCC_ARM/libmbed.a(gpio_api.o)
                0x0000000000005254                gpio_mode
 .text.gpio_dir
                0x000000000000525c       0x64 /Users/esg_jlk/workspace.kds/Skeleton_World/mbed/TARGET_K64F/TOOLCHAIN_GCC_ARM/libmbed.a(gpio_api.o)
                0x000000000000525c                gpio_dir
 .text._ZN4mbed8FileBaseD2Ev
                0x00000000000052c0       0x30 /Users/esg_jlk/workspace.kds/Skeleton_World/mbed/TARGET_K64F/TOOLCHAIN_GCC_ARM/libmbed.a(FileBase.o)
                0x00000000000052c0                mbed::FileBase::~FileBase()
                0x00000000000052c0                mbed::FileBase::~FileBase()
 .text._ZN4mbed8FileBaseD0Ev
                0x00000000000052f0       0x3c /Users/esg_jlk/workspace.kds/Skeleton_World/mbed/TARGET_K64F/TOOLCHAIN_GCC_ARM/libmbed.a(FileBase.o)
                0x00000000000052f0                mbed::FileBase::~FileBase()
 .text._ZN4mbed8FileBaseC2EPKcNS_8PathTypeE
                0x000000000000532c       0x28 /Users/esg_jlk/workspace.kds/Skeleton_World/mbed/TARGET_K64F/TOOLCHAIN_GCC_ARM/libmbed.a(FileBase.o)
                0x000000000000532c                mbed::FileBase::FileBase(char const*, mbed::PathType)
                0x000000000000532c                mbed::FileBase::FileBase(char const*, mbed::PathType)
 .text._ZN4mbed8FileBase6lookupEPKcj
                0x0000000000005354       0x3c /Users/esg_jlk/workspace.kds/Skeleton_World/mbed/TARGET_K64F/TOOLCHAIN_GCC_ARM/libmbed.a(FileBase.o)
                0x0000000000005354                mbed::FileBase::lookup(char const*, unsigned int)
 .text._ZN4mbed8FileBase11getPathTypeEv
                0x0000000000005390        0x4 /Users/esg_jlk/workspace.kds/Skeleton_World/mbed/TARGET_K64F/TOOLCHAIN_GCC_ARM/libmbed.a(FileBase.o)
                0x0000000000005390                mbed::FileBase::getPathType()
 .text._ZN4mbed8FileLikeC2EPKc
                0x0000000000005394       0x28 /Users/esg_jlk/workspace.kds/Skeleton_World/mbed/TARGET_K64F/TOOLCHAIN_GCC_ARM/libmbed.a(FileLike.o)
                0x0000000000005394                mbed::FileLike::FileLike(char const*)
                0x0000000000005394                mbed::FileLike::FileLike(char const*)
 .text._ZN4mbed8FileLikeD2Ev
                0x00000000000053bc       0x24 /Users/esg_jlk/workspace.kds/Skeleton_World/mbed/TARGET_K64F/TOOLCHAIN_GCC_ARM/libmbed.a(FileLike.o)
                0x00000000000053bc                mbed::FileLike::~FileLike()
                0x00000000000053bc                mbed::FileLike::~FileLike()
 .text.us_ticker_irq_handler
                0x00000000000053e0        0xc /Users/esg_jlk/workspace.kds/Skeleton_World/mbed/TARGET_K64F/TOOLCHAIN_GCC_ARM/libmbed.a(us_ticker_api.o)
                0x00000000000053e0                us_ticker_irq_handler
 .text.unlikely.PIT_GetInstance.part.0
                0x00000000000053ec       0x1c /Users/esg_jlk/workspace.kds/Skeleton_World/mbed/TARGET_K64F/TOOLCHAIN_GCC_ARM/libmbed.a(fsl_pit.o)
 .text.PIT_Init
                0x0000000000005408       0x58 /Users/esg_jlk/workspace.kds/Skeleton_World/mbed/TARGET_K64F/TOOLCHAIN_GCC_ARM/libmbed.a(fsl_pit.o)
                0x0000000000005408                PIT_Init
 .text.ticker_irq_handler
                0x0000000000005460       0x4c /Users/esg_jlk/workspace.kds/Skeleton_World/mbed/TARGET_K64F/TOOLCHAIN_GCC_ARM/libmbed.a(ticker_api.o)
                0x0000000000005460                ticker_irq_handler
 .text.__aeabi_atexit
                0x00000000000054ac        0xc /Applications/KDS_v3.app/Contents/toolchain/bin/../lib/gcc/arm-none-eabi/4.8.4/../../../../arm-none-eabi/lib/armv7e-m/softfp/libstdc++.a(atexit_arm.o)
                0x00000000000054ac                __aeabi_atexit
 .text._ZdlPv   0x00000000000054b8        0x8 /Applications/KDS_v3.app/Contents/toolchain/bin/../lib/gcc/arm-none-eabi/4.8.4/../../../../arm-none-eabi/lib/armv7e-m/softfp/libstdc++.a(del_op.o)
                0x00000000000054b8                operator delete(void*)
 .text.abort    0x00000000000054c0       0x10 /Applications/KDS_v3.app/Contents/toolchain/bin/../lib/gcc/arm-none-eabi/4.8.4/../../../../arm-none-eabi/lib/armv7e-m/softfp/libg.a(lib_a-abort.o)
                0x00000000000054c0                abort
 .text.__assert_func
                0x00000000000054d0       0x3c /Applications/KDS_v3.app/Contents/toolchain/bin/../lib/gcc/arm-none-eabi/4.8.4/../../../../arm-none-eabi/lib/armv7e-m/softfp/libg.a(lib_a-assert.o)
                0x00000000000054d0                __assert_func
 .text.atexit   0x000000000000550c        0xc /Applications/KDS_v3.app/Contents/toolchain/bin/../lib/gcc/arm-none-eabi/4.8.4/../../../../arm-none-eabi/lib/armv7e-m/softfp/libg.a(lib_a-atexit.o)
                0x000000000000550c                atexit
 .text.__cxa_atexit
                0x0000000000005518       0x14 /Applications/KDS_v3.app/Contents/toolchain/bin/../lib/gcc/arm-none-eabi/4.8.4/../../../../arm-none-eabi/lib/armv7e-m/softfp/libg.a(lib_a-cxa_atexit.o)
                0x0000000000005518                __cxa_atexit
 .text.__errno  0x000000000000552c        0xc /Applications/KDS_v3.app/Contents/toolchain/bin/../lib/gcc/arm-none-eabi/4.8.4/../../../../arm-none-eabi/lib/armv7e-m/softfp/libg.a(lib_a-errno.o)
                0x000000000000552c                __errno
 .text.exit     0x0000000000005538       0x20 /Applications/KDS_v3.app/Contents/toolchain/bin/../lib/gcc/arm-none-eabi/4.8.4/../../../../arm-none-eabi/lib/armv7e-m/softfp/libg.a(lib_a-exit.o)
                0x0000000000005538                exit
 .text._fclose_r
                0x0000000000005558       0x80 /Applications/KDS_v3.app/Contents/toolchain/bin/../lib/gcc/arm-none-eabi/4.8.4/../../../../arm-none-eabi/lib/armv7e-m/softfp/libg.a(lib_a-fclose.o)
                0x0000000000005558                _fclose_r
 .text.fclose   0x00000000000055d8       0x10 /Applications/KDS_v3.app/Contents/toolchain/bin/../lib/gcc/arm-none-eabi/4.8.4/../../../../arm-none-eabi/lib/armv7e-m/softfp/libg.a(lib_a-fclose.o)
                0x00000000000055d8                fclose
 .text.__sflush_r
                0x00000000000055e8      0x154 /Applications/KDS_v3.app/Contents/toolchain/bin/../lib/gcc/arm-none-eabi/4.8.4/../../../../arm-none-eabi/lib/armv7e-m/softfp/libg.a(lib_a-fflush.o)
                0x00000000000055e8                __sflush_r
 .text._fflush_r
                0x000000000000573c       0x2c /Applications/KDS_v3.app/Contents/toolchain/bin/../lib/gcc/arm-none-eabi/4.8.4/../../../../arm-none-eabi/lib/armv7e-m/softfp/libg.a(lib_a-fflush.o)
                0x000000000000573c                _fflush_r
 .text.fflush   0x0000000000005768       0x24 /Applications/KDS_v3.app/Contents/toolchain/bin/../lib/gcc/arm-none-eabi/4.8.4/../../../../arm-none-eabi/lib/armv7e-m/softfp/libg.a(lib_a-fflush.o)
                0x0000000000005768                fflush
 .text._cleanup_r
                0x000000000000578c        0xc /Applications/KDS_v3.app/Contents/toolchain/bin/../lib/gcc/arm-none-eabi/4.8.4/../../../../arm-none-eabi/lib/armv7e-m/softfp/libg.a(lib_a-findfp.o)
                0x000000000000578c                _cleanup_r
 .text.__sfmoreglue
                0x0000000000005798       0x30 /Applications/KDS_v3.app/Contents/toolchain/bin/../lib/gcc/arm-none-eabi/4.8.4/../../../../arm-none-eabi/lib/armv7e-m/softfp/libg.a(lib_a-findfp.o)
                0x0000000000005798                __sfmoreglue
 .text.__sinit  0x00000000000057c8       0xf4 /Applications/KDS_v3.app/Contents/toolchain/bin/../lib/gcc/arm-none-eabi/4.8.4/../../../../arm-none-eabi/lib/armv7e-m/softfp/libg.a(lib_a-findfp.o)
                0x00000000000057c8                __sinit
 .text.__sfp    0x00000000000058bc       0x8c /Applications/KDS_v3.app/Contents/toolchain/bin/../lib/gcc/arm-none-eabi/4.8.4/../../../../arm-none-eabi/lib/armv7e-m/softfp/libg.a(lib_a-findfp.o)
                0x00000000000058bc                __sfp
 .text.__sfp_lock_acquire
                0x0000000000005948        0x4 /Applications/KDS_v3.app/Contents/toolchain/bin/../lib/gcc/arm-none-eabi/4.8.4/../../../../arm-none-eabi/lib/armv7e-m/softfp/libg.a(lib_a-findfp.o)
                0x0000000000005948                __sfp_lock_acquire
 .text.__sfp_lock_release
                0x000000000000594c        0x4 /Applications/KDS_v3.app/Contents/toolchain/bin/../lib/gcc/arm-none-eabi/4.8.4/../../../../arm-none-eabi/lib/armv7e-m/softfp/libg.a(lib_a-findfp.o)
                0x000000000000594c                __sfp_lock_release
 .text.__libc_fini_array
                0x0000000000005950       0x30 /Applications/KDS_v3.app/Contents/toolchain/bin/../lib/gcc/arm-none-eabi/4.8.4/../../../../arm-none-eabi/lib/armv7e-m/softfp/libg.a(lib_a-fini.o)
                0x0000000000005950                __libc_fini_array
 .text.fiprintf
                0x0000000000005980       0x28 /Applications/KDS_v3.app/Contents/toolchain/bin/../lib/gcc/arm-none-eabi/4.8.4/../../../../arm-none-eabi/lib/armv7e-m/softfp/libg.a(lib_a-fiprintf.o)
                0x0000000000005980                fiprintf
 .text._fopen_r
                0x00000000000059a8       0x88 /Applications/KDS_v3.app/Contents/toolchain/bin/../lib/gcc/arm-none-eabi/4.8.4/../../../../arm-none-eabi/lib/armv7e-m/softfp/libg.a(lib_a-fopen.o)
                0x00000000000059a8                _fopen_r
 .text.fopen    0x0000000000005a30       0x10 /Applications/KDS_v3.app/Contents/toolchain/bin/../lib/gcc/arm-none-eabi/4.8.4/../../../../arm-none-eabi/lib/armv7e-m/softfp/libg.a(lib_a-fopen.o)
                0x0000000000005a30                fopen
 .text._malloc_trim_r
                0x0000000000005a40       0x9c /Applications/KDS_v3.app/Contents/toolchain/bin/../lib/gcc/arm-none-eabi/4.8.4/../../../../arm-none-eabi/lib/armv7e-m/softfp/libg.a(lib_a-freer.o)
                0x0000000000005a40                _malloc_trim_r
 .text._free_r  0x0000000000005adc      0x19c /Applications/KDS_v3.app/Contents/toolchain/bin/../lib/gcc/arm-none-eabi/4.8.4/../../../../arm-none-eabi/lib/armv7e-m/softfp/libg.a(lib_a-freer.o)
                0x0000000000005adc                _free_r
 .text._fseek_r
                0x0000000000005c78        0x4 /Applications/KDS_v3.app/Contents/toolchain/bin/../lib/gcc/arm-none-eabi/4.8.4/../../../../arm-none-eabi/lib/armv7e-m/softfp/libg.a(lib_a-fseek.o)
                0x0000000000005c78                _fseek_r
 .text._fseeko_r
                0x0000000000005c7c      0x2d0 /Applications/KDS_v3.app/Contents/toolchain/bin/../lib/gcc/arm-none-eabi/4.8.4/../../../../arm-none-eabi/lib/armv7e-m/softfp/libg.a(lib_a-fseeko.o)
                0x0000000000005c7c                _fseeko_r
 .text._fstat_r
                0x0000000000005f4c       0x28 /Applications/KDS_v3.app/Contents/toolchain/bin/../lib/gcc/arm-none-eabi/4.8.4/../../../../arm-none-eabi/lib/armv7e-m/softfp/libg.a(lib_a-fstatr.o)
                0x0000000000005f4c                _fstat_r
 .text.__sfvwrite_r
                0x0000000000005f74      0x318 /Applications/KDS_v3.app/Contents/toolchain/bin/../lib/gcc/arm-none-eabi/4.8.4/../../../../arm-none-eabi/lib/armv7e-m/softfp/libg.a(lib_a-fvwrite.o)
                0x0000000000005f74                __sfvwrite_r
 .text._fwalk   0x000000000000628c       0x4c /Applications/KDS_v3.app/Contents/toolchain/bin/../lib/gcc/arm-none-eabi/4.8.4/../../../../arm-none-eabi/lib/armv7e-m/softfp/libg.a(lib_a-fwalk.o)
                0x000000000000628c                _fwalk
 .text._fwalk_reent
                0x00000000000062d8       0x50 /Applications/KDS_v3.app/Contents/toolchain/bin/../lib/gcc/arm-none-eabi/4.8.4/../../../../arm-none-eabi/lib/armv7e-m/softfp/libg.a(lib_a-fwalk.o)
                0x00000000000062d8                _fwalk_reent
 .text.__libc_init_array
                0x0000000000006328       0x50 /Applications/KDS_v3.app/Contents/toolchain/bin/../lib/gcc/arm-none-eabi/4.8.4/../../../../arm-none-eabi/lib/armv7e-m/softfp/libg.a(lib_a-init.o)
                0x0000000000006328                __libc_init_array
 .text.__smakebuf_r
                0x0000000000006378       0xe0 /Applications/KDS_v3.app/Contents/toolchain/bin/../lib/gcc/arm-none-eabi/4.8.4/../../../../arm-none-eabi/lib/armv7e-m/softfp/libg.a(lib_a-makebuf.o)
                0x0000000000006378                __smakebuf_r
 .text.malloc   0x0000000000006458       0x10 /Applications/KDS_v3.app/Contents/toolchain/bin/../lib/gcc/arm-none-eabi/4.8.4/../../../../arm-none-eabi/lib/armv7e-m/softfp/libg.a(lib_a-malloc.o)
                0x0000000000006458                malloc
 .text.free     0x0000000000006468       0x10 /Applications/KDS_v3.app/Contents/toolchain/bin/../lib/gcc/arm-none-eabi/4.8.4/../../../../arm-none-eabi/lib/armv7e-m/softfp/libg.a(lib_a-malloc.o)
                0x0000000000006468                free
 .text._malloc_r
                0x0000000000006478      0x538 /Applications/KDS_v3.app/Contents/toolchain/bin/../lib/gcc/arm-none-eabi/4.8.4/../../../../arm-none-eabi/lib/armv7e-m/softfp/libg.a(lib_a-mallocr.o)
                0x0000000000006478                _malloc_r
 .text.memchr   0x00000000000069b0       0x90 /Applications/KDS_v3.app/Contents/toolchain/bin/../lib/gcc/arm-none-eabi/4.8.4/../../../../arm-none-eabi/lib/armv7e-m/softfp/libg.a(lib_a-memchr-stub.o)
                0x00000000000069b0                memchr
 .text.memmove  0x0000000000006a40       0xc0 /Applications/KDS_v3.app/Contents/toolchain/bin/../lib/gcc/arm-none-eabi/4.8.4/../../../../arm-none-eabi/lib/armv7e-m/softfp/libg.a(lib_a-memmove.o)
                0x0000000000006a40                memmove
 .text.memset   0x0000000000006b00       0x94 /Applications/KDS_v3.app/Contents/toolchain/bin/../lib/gcc/arm-none-eabi/4.8.4/../../../../arm-none-eabi/lib/armv7e-m/softfp/libg.a(lib_a-memset.o)
                0x0000000000006b00                memset
 .text.__malloc_lock
                0x0000000000006b94        0x4 /Applications/KDS_v3.app/Contents/toolchain/bin/../lib/gcc/arm-none-eabi/4.8.4/../../../../arm-none-eabi/lib/armv7e-m/softfp/libg.a(lib_a-mlock.o)
                0x0000000000006b94                __malloc_lock
 .text.__malloc_unlock
                0x0000000000006b98        0x4 /Applications/KDS_v3.app/Contents/toolchain/bin/../lib/gcc/arm-none-eabi/4.8.4/../../../../arm-none-eabi/lib/armv7e-m/softfp/libg.a(lib_a-mlock.o)
                0x0000000000006b98                __malloc_unlock
 .text._open_r  0x0000000000006b9c       0x28 /Applications/KDS_v3.app/Contents/toolchain/bin/../lib/gcc/arm-none-eabi/4.8.4/../../../../arm-none-eabi/lib/armv7e-m/softfp/libg.a(lib_a-openr.o)
                0x0000000000006b9c                _open_r
 .text._realloc_r
                0x0000000000006bc4      0x3cc /Applications/KDS_v3.app/Contents/toolchain/bin/../lib/gcc/arm-none-eabi/4.8.4/../../../../arm-none-eabi/lib/armv7e-m/softfp/libg.a(lib_a-reallocr.o)
                0x0000000000006bc4                _realloc_r
 .text.lflush   0x0000000000006f90       0x14 /Applications/KDS_v3.app/Contents/toolchain/bin/../lib/gcc/arm-none-eabi/4.8.4/../../../../arm-none-eabi/lib/armv7e-m/softfp/libg.a(lib_a-refill.o)
 .text.__srefill_r
                0x0000000000006fa4      0x114 /Applications/KDS_v3.app/Contents/toolchain/bin/../lib/gcc/arm-none-eabi/4.8.4/../../../../arm-none-eabi/lib/armv7e-m/softfp/libg.a(lib_a-refill.o)
                0x0000000000006fa4                __srefill_r
 .text._sbrk_r  0x00000000000070b8       0x24 /Applications/KDS_v3.app/Contents/toolchain/bin/../lib/gcc/arm-none-eabi/4.8.4/../../../../arm-none-eabi/lib/armv7e-m/softfp/libg.a(lib_a-sbrkr.o)
                0x00000000000070b8                _sbrk_r
 .text.setbuf   0x00000000000070dc       0x10 /Applications/KDS_v3.app/Contents/toolchain/bin/../lib/gcc/arm-none-eabi/4.8.4/../../../../arm-none-eabi/lib/armv7e-m/softfp/libg.a(lib_a-setbuf.o)
                0x00000000000070dc                setbuf
 .text.setvbuf  0x00000000000070ec      0x100 /Applications/KDS_v3.app/Contents/toolchain/bin/../lib/gcc/arm-none-eabi/4.8.4/../../../../arm-none-eabi/lib/armv7e-m/softfp/libg.a(lib_a-setvbuf.o)
                0x00000000000070ec                setvbuf
 .text._raise_r
                0x00000000000071ec       0x58 /Applications/KDS_v3.app/Contents/toolchain/bin/../lib/gcc/arm-none-eabi/4.8.4/../../../../arm-none-eabi/lib/armv7e-m/softfp/libg.a(lib_a-signal.o)
                0x00000000000071ec                _raise_r
 .text.raise    0x0000000000007244       0x10 /Applications/KDS_v3.app/Contents/toolchain/bin/../lib/gcc/arm-none-eabi/4.8.4/../../../../arm-none-eabi/lib/armv7e-m/softfp/libg.a(lib_a-signal.o)
                0x0000000000007244                raise
 .text._kill_r  0x0000000000007254       0x28 /Applications/KDS_v3.app/Contents/toolchain/bin/../lib/gcc/arm-none-eabi/4.8.4/../../../../arm-none-eabi/lib/armv7e-m/softfp/libg.a(lib_a-signalr.o)
                0x0000000000007254                _kill_r
 .text._getpid_r
                0x000000000000727c        0x4 /Applications/KDS_v3.app/Contents/toolchain/bin/../lib/gcc/arm-none-eabi/4.8.4/../../../../arm-none-eabi/lib/armv7e-m/softfp/libg.a(lib_a-signalr.o)
                0x000000000000727c                _getpid_r
 .text.sprintf  0x0000000000007280       0x4c /Applications/KDS_v3.app/Contents/toolchain/bin/../lib/gcc/arm-none-eabi/4.8.4/../../../../arm-none-eabi/lib/armv7e-m/softfp/libg.a(lib_a-sprintf.o)
                0x0000000000007280                sprintf
 .text.sscanf   0x00000000000072cc       0x58 /Applications/KDS_v3.app/Contents/toolchain/bin/../lib/gcc/arm-none-eabi/4.8.4/../../../../arm-none-eabi/lib/armv7e-m/softfp/libg.a(lib_a-sscanf.o)
                0x00000000000072cc                sscanf
 .text.__sread  0x0000000000007324       0x24 /Applications/KDS_v3.app/Contents/toolchain/bin/../lib/gcc/arm-none-eabi/4.8.4/../../../../arm-none-eabi/lib/armv7e-m/softfp/libg.a(lib_a-stdio.o)
                0x0000000000007324                __sread
 .text.__seofread
                0x0000000000007348        0x4 /Applications/KDS_v3.app/Contents/toolchain/bin/../lib/gcc/arm-none-eabi/4.8.4/../../../../arm-none-eabi/lib/armv7e-m/softfp/libg.a(lib_a-stdio.o)
                0x0000000000007348                __seofread
 .text.__swrite
                0x000000000000734c       0x38 /Applications/KDS_v3.app/Contents/toolchain/bin/../lib/gcc/arm-none-eabi/4.8.4/../../../../arm-none-eabi/lib/armv7e-m/softfp/libg.a(lib_a-stdio.o)
                0x000000000000734c                __swrite
 .text.__sseek  0x0000000000007384       0x20 /Applications/KDS_v3.app/Contents/toolchain/bin/../lib/gcc/arm-none-eabi/4.8.4/../../../../arm-none-eabi/lib/armv7e-m/softfp/libg.a(lib_a-stdio.o)
                0x0000000000007384                __sseek
 .text.__sclose
                0x00000000000073a4        0x8 /Applications/KDS_v3.app/Contents/toolchain/bin/../lib/gcc/arm-none-eabi/4.8.4/../../../../arm-none-eabi/lib/armv7e-m/softfp/libg.a(lib_a-stdio.o)
                0x00000000000073a4                __sclose
 .text.strlen   0x00000000000073ac       0x60 /Applications/KDS_v3.app/Contents/toolchain/bin/../lib/gcc/arm-none-eabi/4.8.4/../../../../arm-none-eabi/lib/armv7e-m/softfp/libg.a(lib_a-strlen.o)
                0x00000000000073ac                strlen
 .text.strncmp  0x000000000000740c       0xb4 /Applications/KDS_v3.app/Contents/toolchain/bin/../lib/gcc/arm-none-eabi/4.8.4/../../../../arm-none-eabi/lib/armv7e-m/softfp/libg.a(lib_a-strncmp.o)
                0x000000000000740c                strncmp
 .text._svfprintf_r
                0x00000000000074c0     0x1500 /Applications/KDS_v3.app/Contents/toolchain/bin/../lib/gcc/arm-none-eabi/4.8.4/../../../../arm-none-eabi/lib/armv7e-m/softfp/libg.a(lib_a-svfprintf.o)
                0x00000000000074c0                _svfprintf_r
 .text.__ssvfscanf_r
                0x00000000000089c0      0xe7c /Applications/KDS_v3.app/Contents/toolchain/bin/../lib/gcc/arm-none-eabi/4.8.4/../../../../arm-none-eabi/lib/armv7e-m/softfp/libg.a(lib_a-svfscanf.o)
                0x00000000000089c0                __ssvfscanf_r
 .text.__sprint_r.part.0
                0x000000000000983c       0x78 /Applications/KDS_v3.app/Contents/toolchain/bin/../lib/gcc/arm-none-eabi/4.8.4/../../../../arm-none-eabi/lib/armv7e-m/softfp/libg.a(lib_a-vfiprintf.o)
 .text.__sprint_r
                0x00000000000098b4       0x18 /Applications/KDS_v3.app/Contents/toolchain/bin/../lib/gcc/arm-none-eabi/4.8.4/../../../../arm-none-eabi/lib/armv7e-m/softfp/libg.a(lib_a-vfiprintf.o)
                0x00000000000098b4                __sprint_r
 .text._vfiprintf_r
                0x00000000000098cc      0xc54 /Applications/KDS_v3.app/Contents/toolchain/bin/../lib/gcc/arm-none-eabi/4.8.4/../../../../arm-none-eabi/lib/armv7e-m/softfp/libg.a(lib_a-vfiprintf.o)
                0x00000000000098cc                _vfiprintf_r
 .text.__sbprintf
                0x000000000000a520       0x78 /Applications/KDS_v3.app/Contents/toolchain/bin/../lib/gcc/arm-none-eabi/4.8.4/../../../../arm-none-eabi/lib/armv7e-m/softfp/libg.a(lib_a-vfiprintf.o)
 .text._vfprintf_r
                0x000000000000a598     0x1550 /Applications/KDS_v3.app/Contents/toolchain/bin/../lib/gcc/arm-none-eabi/4.8.4/../../../../arm-none-eabi/lib/armv7e-m/softfp/libg.a(lib_a-vfprintf.o)
                0x000000000000a598                _vfprintf_r
 .text.vfprintf
                0x000000000000bae8       0x18 /Applications/KDS_v3.app/Contents/toolchain/bin/../lib/gcc/arm-none-eabi/4.8.4/../../../../arm-none-eabi/lib/armv7e-m/softfp/libg.a(lib_a-vfprintf.o)
                0x000000000000bae8                vfprintf
 .text.__sbprintf
                0x000000000000bb00       0x78 /Applications/KDS_v3.app/Contents/toolchain/bin/../lib/gcc/arm-none-eabi/4.8.4/../../../../arm-none-eabi/lib/armv7e-m/softfp/libg.a(lib_a-vfprintf.o)
 .text.__swbuf_r
                0x000000000000bb78       0xa8 /Applications/KDS_v3.app/Contents/toolchain/bin/../lib/gcc/arm-none-eabi/4.8.4/../../../../arm-none-eabi/lib/armv7e-m/softfp/libg.a(lib_a-wbuf.o)
                0x000000000000bb78                __swbuf_r
 .text._write_r
                0x000000000000bc20       0x28 /Applications/KDS_v3.app/Contents/toolchain/bin/../lib/gcc/arm-none-eabi/4.8.4/../../../../arm-none-eabi/lib/armv7e-m/softfp/libg.a(lib_a-writer.o)
                0x000000000000bc20                _write_r
 .text.__swsetup_r
                0x000000000000bc48       0xc4 /Applications/KDS_v3.app/Contents/toolchain/bin/../lib/gcc/arm-none-eabi/4.8.4/../../../../arm-none-eabi/lib/armv7e-m/softfp/libg.a(lib_a-wsetup.o)
                0x000000000000bc48                __swsetup_r
 .text.__register_exitproc
                0x000000000000bd0c       0xa8 /Applications/KDS_v3.app/Contents/toolchain/bin/../lib/gcc/arm-none-eabi/4.8.4/../../../../arm-none-eabi/lib/armv7e-m/softfp/libg.a(lib_a-__atexit.o)
                0x000000000000bd0c                __register_exitproc
 .text.startup.register_fini
                0x000000000000bdb4       0x14 /Applications/KDS_v3.app/Contents/toolchain/bin/../lib/gcc/arm-none-eabi/4.8.4/../../../../arm-none-eabi/lib/armv7e-m/softfp/libg.a(lib_a-__call_atexit.o)
 .text.__call_exitprocs
                0x000000000000bdc8       0xf0 /Applications/KDS_v3.app/Contents/toolchain/bin/../lib/gcc/arm-none-eabi/4.8.4/../../../../arm-none-eabi/lib/armv7e-m/softfp/libg.a(lib_a-__call_atexit.o)
                0x000000000000bdc8                __call_exitprocs
 .text._close_r
                0x000000000000beb8       0x24 /Applications/KDS_v3.app/Contents/toolchain/bin/../lib/gcc/arm-none-eabi/4.8.4/../../../../arm-none-eabi/lib/armv7e-m/softfp/libg.a(lib_a-closer.o)
                0x000000000000beb8                _close_r
 .text.quorem   0x000000000000bedc      0x130 /Applications/KDS_v3.app/Contents/toolchain/bin/../lib/gcc/arm-none-eabi/4.8.4/../../../../arm-none-eabi/lib/armv7e-m/softfp/libg.a(lib_a-dtoa.o)
 *fill*         0x000000000000c00c        0x4 
 .text._dtoa_r  0x000000000000c010      0xe30 /Applications/KDS_v3.app/Contents/toolchain/bin/../lib/gcc/arm-none-eabi/4.8.4/../../../../arm-none-eabi/lib/armv7e-m/softfp/libg.a(lib_a-dtoa.o)
                0x000000000000c010                _dtoa_r
 .text.__sflags
                0x000000000000ce40       0x70 /Applications/KDS_v3.app/Contents/toolchain/bin/../lib/gcc/arm-none-eabi/4.8.4/../../../../arm-none-eabi/lib/armv7e-m/softfp/libg.a(lib_a-flags.o)
                0x000000000000ce40                __sflags
 .text._fputwc_r
                0x000000000000ceb0       0xbc /Applications/KDS_v3.app/Contents/toolchain/bin/../lib/gcc/arm-none-eabi/4.8.4/../../../../arm-none-eabi/lib/armv7e-m/softfp/libg.a(lib_a-fputwc.o)
                0x000000000000ceb0                _fputwc_r
 .text._isatty_r
                0x000000000000cf6c       0x24 /Applications/KDS_v3.app/Contents/toolchain/bin/../lib/gcc/arm-none-eabi/4.8.4/../../../../arm-none-eabi/lib/armv7e-m/softfp/libg.a(lib_a-isattyr.o)
                0x000000000000cf6c                _isatty_r
 .text.iswspace
                0x000000000000cf90       0x1c /Applications/KDS_v3.app/Contents/toolchain/bin/../lib/gcc/arm-none-eabi/4.8.4/../../../../arm-none-eabi/lib/armv7e-m/softfp/libg.a(lib_a-iswspace.o)
                0x000000000000cf90                iswspace
 .text.__locale_charset
                0x000000000000cfac        0x8 /Applications/KDS_v3.app/Contents/toolchain/bin/../lib/gcc/arm-none-eabi/4.8.4/../../../../arm-none-eabi/lib/armv7e-m/softfp/libg.a(lib_a-locale.o)
                0x000000000000cfac                __locale_charset
 .text.__locale_mb_cur_max
                0x000000000000cfb4        0xc /Applications/KDS_v3.app/Contents/toolchain/bin/../lib/gcc/arm-none-eabi/4.8.4/../../../../arm-none-eabi/lib/armv7e-m/softfp/libg.a(lib_a-locale.o)
                0x000000000000cfb4                __locale_mb_cur_max
 .text._localeconv_r
                0x000000000000cfc0        0x8 /Applications/KDS_v3.app/Contents/toolchain/bin/../lib/gcc/arm-none-eabi/4.8.4/../../../../arm-none-eabi/lib/armv7e-m/softfp/libg.a(lib_a-locale.o)
                0x000000000000cfc0                _localeconv_r
 .text._lseek_r
                0x000000000000cfc8       0x28 /Applications/KDS_v3.app/Contents/toolchain/bin/../lib/gcc/arm-none-eabi/4.8.4/../../../../arm-none-eabi/lib/armv7e-m/softfp/libg.a(lib_a-lseekr.o)
                0x000000000000cfc8                _lseek_r
 .text._mbrtowc_r
                0x000000000000cff0       0x5c /Applications/KDS_v3.app/Contents/toolchain/bin/../lib/gcc/arm-none-eabi/4.8.4/../../../../arm-none-eabi/lib/armv7e-m/softfp/libg.a(lib_a-mbrtowc.o)
                0x000000000000cff0                _mbrtowc_r
 .text.__ascii_mbtowc
                0x000000000000d04c       0x2c /Applications/KDS_v3.app/Contents/toolchain/bin/../lib/gcc/arm-none-eabi/4.8.4/../../../../arm-none-eabi/lib/armv7e-m/softfp/libg.a(lib_a-mbtowc_r.o)
                0x000000000000d04c                __ascii_mbtowc
 .text._Balloc  0x000000000000d078       0x4c /Applications/KDS_v3.app/Contents/toolchain/bin/../lib/gcc/arm-none-eabi/4.8.4/../../../../arm-none-eabi/lib/armv7e-m/softfp/libg.a(lib_a-mprec.o)
                0x000000000000d078                _Balloc
 .text._Bfree   0x000000000000d0c4       0x14 /Applications/KDS_v3.app/Contents/toolchain/bin/../lib/gcc/arm-none-eabi/4.8.4/../../../../arm-none-eabi/lib/armv7e-m/softfp/libg.a(lib_a-mprec.o)
                0x000000000000d0c4                _Bfree
 .text.__multadd
                0x000000000000d0d8       0x98 /Applications/KDS_v3.app/Contents/toolchain/bin/../lib/gcc/arm-none-eabi/4.8.4/../../../../arm-none-eabi/lib/armv7e-m/softfp/libg.a(lib_a-mprec.o)
                0x000000000000d0d8                __multadd
 .text.__s2b    0x000000000000d170       0x98 /Applications/KDS_v3.app/Contents/toolchain/bin/../lib/gcc/arm-none-eabi/4.8.4/../../../../arm-none-eabi/lib/armv7e-m/softfp/libg.a(lib_a-mprec.o)
                0x000000000000d170                __s2b
 .text.__hi0bits
                0x000000000000d208       0x40 /Applications/KDS_v3.app/Contents/toolchain/bin/../lib/gcc/arm-none-eabi/4.8.4/../../../../arm-none-eabi/lib/armv7e-m/softfp/libg.a(lib_a-mprec.o)
                0x000000000000d208                __hi0bits
 .text.__lo0bits
                0x000000000000d248       0x5c /Applications/KDS_v3.app/Contents/toolchain/bin/../lib/gcc/arm-none-eabi/4.8.4/../../../../arm-none-eabi/lib/armv7e-m/softfp/libg.a(lib_a-mprec.o)
                0x000000000000d248                __lo0bits
 .text.__i2b    0x000000000000d2a4       0x14 /Applications/KDS_v3.app/Contents/toolchain/bin/../lib/gcc/arm-none-eabi/4.8.4/../../../../arm-none-eabi/lib/armv7e-m/softfp/libg.a(lib_a-mprec.o)
                0x000000000000d2a4                __i2b
 .text.__multiply
                0x000000000000d2b8      0x13c /Applications/KDS_v3.app/Contents/toolchain/bin/../lib/gcc/arm-none-eabi/4.8.4/../../../../arm-none-eabi/lib/armv7e-m/softfp/libg.a(lib_a-mprec.o)
                0x000000000000d2b8                __multiply
 .text.__pow5mult
                0x000000000000d3f4       0x9c /Applications/KDS_v3.app/Contents/toolchain/bin/../lib/gcc/arm-none-eabi/4.8.4/../../../../arm-none-eabi/lib/armv7e-m/softfp/libg.a(lib_a-mprec.o)
                0x000000000000d3f4                __pow5mult
 .text.__lshift
                0x000000000000d490       0xbc /Applications/KDS_v3.app/Contents/toolchain/bin/../lib/gcc/arm-none-eabi/4.8.4/../../../../arm-none-eabi/lib/armv7e-m/softfp/libg.a(lib_a-mprec.o)
                0x000000000000d490                __lshift
 .text.__mcmp   0x000000000000d54c       0x48 /Applications/KDS_v3.app/Contents/toolchain/bin/../lib/gcc/arm-none-eabi/4.8.4/../../../../arm-none-eabi/lib/armv7e-m/softfp/libg.a(lib_a-mprec.o)
                0x000000000000d54c                __mcmp
 .text.__mdiff  0x000000000000d594       0xd4 /Applications/KDS_v3.app/Contents/toolchain/bin/../lib/gcc/arm-none-eabi/4.8.4/../../../../arm-none-eabi/lib/armv7e-m/softfp/libg.a(lib_a-mprec.o)
                0x000000000000d594                __mdiff
 .text.__ulp    0x000000000000d668       0x40 /Applications/KDS_v3.app/Contents/toolchain/bin/../lib/gcc/arm-none-eabi/4.8.4/../../../../arm-none-eabi/lib/armv7e-m/softfp/libg.a(lib_a-mprec.o)
                0x000000000000d668                __ulp
 .text.__b2d    0x000000000000d6a8       0xb4 /Applications/KDS_v3.app/Contents/toolchain/bin/../lib/gcc/arm-none-eabi/4.8.4/../../../../arm-none-eabi/lib/armv7e-m/softfp/libg.a(lib_a-mprec.o)
                0x000000000000d6a8                __b2d
 .text.__d2b    0x000000000000d75c       0xbc /Applications/KDS_v3.app/Contents/toolchain/bin/../lib/gcc/arm-none-eabi/4.8.4/../../../../arm-none-eabi/lib/armv7e-m/softfp/libg.a(lib_a-mprec.o)
                0x000000000000d75c                __d2b
 .text.__ratio  0x000000000000d818       0x50 /Applications/KDS_v3.app/Contents/toolchain/bin/../lib/gcc/arm-none-eabi/4.8.4/../../../../arm-none-eabi/lib/armv7e-m/softfp/libg.a(lib_a-mprec.o)
                0x000000000000d818                __ratio
 .text.__copybits
                0x000000000000d868       0x48 /Applications/KDS_v3.app/Contents/toolchain/bin/../lib/gcc/arm-none-eabi/4.8.4/../../../../arm-none-eabi/lib/armv7e-m/softfp/libg.a(lib_a-mprec.o)
                0x000000000000d868                __copybits
 .text.__any_on
                0x000000000000d8b0       0x60 /Applications/KDS_v3.app/Contents/toolchain/bin/../lib/gcc/arm-none-eabi/4.8.4/../../../../arm-none-eabi/lib/armv7e-m/softfp/libg.a(lib_a-mprec.o)
                0x000000000000d8b0                __any_on
 .text._read_r  0x000000000000d910       0x28 /Applications/KDS_v3.app/Contents/toolchain/bin/../lib/gcc/arm-none-eabi/4.8.4/../../../../arm-none-eabi/lib/armv7e-m/softfp/libg.a(lib_a-readr.o)
                0x000000000000d910                _read_r
 .text.__fpclassifyd
                0x000000000000d938       0x50 /Applications/KDS_v3.app/Contents/toolchain/bin/../lib/gcc/arm-none-eabi/4.8.4/../../../../arm-none-eabi/lib/armv7e-m/softfp/libg.a(lib_a-s_fpclassify.o)
                0x000000000000d938                __fpclassifyd
 .text.__sccl   0x000000000000d988       0x70 /Applications/KDS_v3.app/Contents/toolchain/bin/../lib/gcc/arm-none-eabi/4.8.4/../../../../arm-none-eabi/lib/armv7e-m/softfp/libg.a(lib_a-sccl.o)
                0x000000000000d988                __sccl
 .text.nanf     0x000000000000d9f8        0x8 /Applications/KDS_v3.app/Contents/toolchain/bin/../lib/gcc/arm-none-eabi/4.8.4/../../../../arm-none-eabi/lib/armv7e-m/softfp/libg.a(lib_a-sf_nan.o)
                0x000000000000d9f8                nanf
 .text.sulp     0x000000000000da00       0x40 /Applications/KDS_v3.app/Contents/toolchain/bin/../lib/gcc/arm-none-eabi/4.8.4/../../../../arm-none-eabi/lib/armv7e-m/softfp/libg.a(lib_a-strtod.o)
 .text._strtod_r
                0x000000000000da40      0xf40 /Applications/KDS_v3.app/Contents/toolchain/bin/../lib/gcc/arm-none-eabi/4.8.4/../../../../arm-none-eabi/lib/armv7e-m/softfp/libg.a(lib_a-strtod.o)
                0x000000000000da40                _strtod_r
 .text._strtol_r
                0x000000000000e980      0x114 /Applications/KDS_v3.app/Contents/toolchain/bin/../lib/gcc/arm-none-eabi/4.8.4/../../../../arm-none-eabi/lib/armv7e-m/softfp/libg.a(lib_a-strtol.o)
                0x000000000000e980                _strtol_r
 .text._strtoll_r
                0x000000000000ea94      0x19c /Applications/KDS_v3.app/Contents/toolchain/bin/../lib/gcc/arm-none-eabi/4.8.4/../../../../arm-none-eabi/lib/armv7e-m/softfp/libg.a(lib_a-strtoll_r.o)
                0x000000000000ea94                _strtoll_r
 .text._strtoul_r
                0x000000000000ec30      0x120 /Applications/KDS_v3.app/Contents/toolchain/bin/../lib/gcc/arm-none-eabi/4.8.4/../../../../arm-none-eabi/lib/armv7e-m/softfp/libg.a(lib_a-strtoul.o)
                0x000000000000ec30                _strtoul_r
 .text._strtoull_r
                0x000000000000ed50      0x190 /Applications/KDS_v3.app/Contents/toolchain/bin/../lib/gcc/arm-none-eabi/4.8.4/../../../../arm-none-eabi/lib/armv7e-m/softfp/libg.a(lib_a-strtoull_r.o)
                0x000000000000ed50                _strtoull_r
 .text.__ssprint_r
                0x000000000000eee0      0x100 /Applications/KDS_v3.app/Contents/toolchain/bin/../lib/gcc/arm-none-eabi/4.8.4/../../../../arm-none-eabi/lib/armv7e-m/softfp/libg.a(lib_a-svfiprintf.o)
                0x000000000000eee0                __ssprint_r
 .text._sungetc_r
                0x000000000000efe0       0x80 /Applications/KDS_v3.app/Contents/toolchain/bin/../lib/gcc/arm-none-eabi/4.8.4/../../../../arm-none-eabi/lib/armv7e-m/softfp/libg.a(lib_a-svfiscanf.o)
                0x000000000000efe0                _sungetc_r
 .text.__ssrefill_r
                0x000000000000f060       0x3c /Applications/KDS_v3.app/Contents/toolchain/bin/../lib/gcc/arm-none-eabi/4.8.4/../../../../arm-none-eabi/lib/armv7e-m/softfp/libg.a(lib_a-svfiscanf.o)
                0x000000000000f060                __ssrefill_r
 .text._sfread_r